{
  "kind": "compute#serialPortOutput",
  "contents": "\u001b[2J\u001b[01;01H\u001b[=3h\u001b[2J\u001b[01;01H\u001b[2J\u001b[01;01H\u001b[=3h\u001b[2J\u001b[01;01HCSM BBS Table full.\r\nBdsDxe: loading Boot0001 \"UEFI Google PersistentDisk \" from PciRoot(0x0)/Pci(0x3,0x0)/Scsi(0x1,0x0)\r\nBdsDxe: starting Boot0001 \"UEFI Google PersistentDisk \" from PciRoot(0x0)/Pci(0x3,0x0)/Scsi(0x1,0x0)\r\n\r\nUEFI: Attempting to start image.\r\nDescription: UEFI Google PersistentDisk \r\nFilePath: PciRoot(0x0)/Pci(0x3,0x0)/Scsi(0x1,0x0)\r\nOptionNumber: 1.\r\n\r\n\u001b[0m\u001b[30m\u001b[47mWelcome to GRUB!\n\r\n\r\u001b[0m\u001b[37m\u001b[40m\u001b[0m\u001b[30m\u001b[40m\u001b[2J\u001b[01;01H\u001b[0m\u001b[37m\u001b[40m\u001b[H\u001b[J\u001b[1;1H\u001b[H\u001b[J\u001b[1;1H\u001b[0m\u001b[30m\u001b[40m\u001b[2J\u001b[01;01H\u001b[0m\u001b[37m\u001b[40m    Booting `Debian GNU/Linux'Booting `Debian GNU/Linux'\n\r\n\r\n\r\n\rLoading Linux 5.10.0-30-cloud-amd64 ...Loading Linux 5.10.0-30-cloud-amd64 ...\n\r\n\rLoading initial ramdisk ...Loading initial ramdisk ...\n\r\n\rerror: no suitable video mode found.\n\rerror: no suitable video mode found.\n\rBooting in blind modeBooting in blind mode\n\r\n\r[    0.000000] Linux version 5.10.0-30-cloud-amd64 (debian-kernel@lists.debian.org) (gcc-10 (Debian 10.2.1-6) 10.2.1 20210110, GNU ld (GNU Binutils for Debian) 2.35.2) #1 SMP Debian 5.10.218-1 (2024-06-01)\r\n[    0.000000] Command line: BOOT_IMAGE=/boot/vmlinuz-5.10.0-30-cloud-amd64 root=UUID=7be27af0-f080-46f6-bdf8-bc495c775f18 ro console=tty0 console=ttyS0,115200 earlyprintk=ttyS0,115200 consoleblank=0 intel_iommu=off\r\n[    0.000000] BIOS-provided physical RAM map:\r\n[    0.000000] BIOS-e820: [mem 0x0000000000000000-0x0000000000000fff] reserved\r\n[    0.000000] BIOS-e820: [mem 0x0000000000001000-0x0000000000054fff] usable\r\n[    0.000000] BIOS-e820: [mem 0x0000000000055000-0x000000000005ffff] reserved\r\n[    0.000000] BIOS-e820: [mem 0x0000000000060000-0x0000000000097fff] usable\r\n[    0.000000] BIOS-e820: [mem 0x0000000000098000-0x000000000009ffff] reserved\r\n[    0.000000] BIOS-e820: [mem 0x0000000000100000-0x00000000bf8ecfff] usable\r\n[    0.000000] BIOS-e820: [mem 0x00000000bf8ed000-0x00000000bf9ecfff] reserved\r\n[    0.000000] BIOS-e820: [mem 0x00000000bf9ed000-0x00000000bfaecfff] type 20\r\n[    0.000000] BIOS-e820: [mem 0x00000000bfaed000-0x00000000bfb6cfff] reserved\r\n[    0.000000] BIOS-e820: [mem 0x00000000bfb6d000-0x00000000bfb7efff] ACPI data\r\n[    0.000000] BIOS-e820: [mem 0x00000000bfb7f000-0x00000000bfbfefff] ACPI NVS\r\n[    0.000000] BIOS-e820: [mem 0x00000000bfbff000-0x00000000bffdffff] usable\r\n[    0.000000] BIOS-e820: [mem 0x00000000bffe0000-0x00000000bfffffff] reserved\r\n[    0.000000] BIOS-e820: [mem 0x0000000100000000-0x000000043fffffff] usable\r\n[    0.000000] printk: bootconsole [earlyser0] enabled\r\n[    0.000000] NX (Execute Disable) protection: active\r\n[    0.000000] efi: EFI v2.70 by EDK II\r\n[    0.000000] efi: TPMFinalLog=0xbfbf7000 ACPI=0xbfb7e000 ACPI 2.0=0xbfb7e014 SMBIOS=0xbf9e8000 \r\n[    0.000000] secureboot: Secure boot disabled\r\n[    0.000000] SMBIOS 2.4 present.\r\n[    0.000000] DMI: Google Google Compute Engine/Google Compute Engine, BIOS Google 04/02/2024\r\n[    0.000000] Hypervisor detected: KVM\r\n[    0.000000] kvm-clock: Using msrs 4b564d01 and 4b564d00\r\n[    0.000000] kvm-clock: cpu 0, msr 38ea01001, primary cpu clock\r\n[    0.000002] kvm-clock: using sched offset of 7463039982 cycles\r\n[    0.001673] clocksource: kvm-clock: mask: 0xffffffffffffffff max_cycles: 0x1cd42e4dffb, max_idle_ns: 881590591483 ns\r\n[    0.005594] tsc: Detected 2199.998 MHz processor\r\n[    0.006326] last_pfn = 0x440000 max_arch_pfn = 0x400000000\r\n[    0.007439] x86/PAT: Configuration [0-7]: WB  WC  UC- UC  WB  WP  UC- WT  \r\nMemory KASLR using RDRAND RDTSC...\r\n[    0.009149] last_pfn = 0xbffe0 max_arch_pfn = 0x400000000\r\n[    0.011172] Using GB pages for direct mapping\r\n[    0.012535] RAMDISK: [mem 0x364cb000-0x3725cfff]\r\n[    0.014004] ACPI: Early table checksum verification disabled\r\n[    0.014907] ACPI: RSDP 0x00000000BFB7E014 000024 (v02 Google)\r\n[    0.016122] ACPI: XSDT 0x00000000BFB7D0E8 00005C (v01 Google GOOGFACP 00000001      01000013)\r\n[    0.017772] ACPI: FACP 0x00000000BFB78000 0000F4 (v02 Google GOOGFACP 00000001 GOOG 00000001)\r\n[    0.019701] ACPI: DSDT 0x00000000BFB79000 001A64 (v01 Google GOOGDSDT 00000001 GOOG 00000001)\r\n[    0.021192] ACPI: FACS 0x00000000BFBF2000 000040\r\n[    0.022289] ACPI: SSDT 0x00000000BFB7C000 000316 (v02 GOOGLE Tpm2Tabl 00001000 INTL 20211217)\r\n[    0.023954] ACPI: TPM2 0x00000000BFB7B000 000034 (v04 GOOGLE          00000001 GOOG 00000001)\r\n[    0.025387] ACPI: SRAT 0x00000000BFB77000 0000E8 (v03 Google GOOGSRAT 00000001 GOOG 00000001)\r\n[    0.026883] ACPI: APIC 0x00000000BFB76000 000086 (v05 Google GOOGAPIC 00000001 GOOG 00000001)\r\n[    0.028680] ACPI: SSDT 0x00000000BFB75000 000A42 (v01 Google GOOGSSDT 00000001 GOOG 00000001)\r\n[    0.030398] ACPI: WAET 0x00000000BFB74000 000028 (v01 Google GOOGWAET 00000001 GOOG 00000001)\r\n[    0.032416] ACPI: Reserving FACP table memory at [mem 0xbfb78000-0xbfb780f3]\r\n[    0.033817] ACPI: Reserving DSDT table memory at [mem 0xbfb79000-0xbfb7aa63]\r\n[    0.035919] ACPI: Reserving FACS table memory at [mem 0xbfbf2000-0xbfbf203f]\r\n[    0.037638] ACPI: Reserving SSDT table memory at [mem 0xbfb7c000-0xbfb7c315]\r\n[    0.039343] ACPI: Reserving TPM2 table memory at [mem 0xbfb7b000-0xbfb7b033]\r\n[    0.041316] ACPI: Reserving SRAT table memory at [mem 0xbfb77000-0xbfb770e7]\r\n[    0.043421] ACPI: Reserving APIC table memory at [mem 0xbfb76000-0xbfb76085]\r\n[    0.044623] ACPI: Reserving SSDT table memory at [mem 0xbfb75000-0xbfb75a41]\r\n[    0.045988] ACPI: Reserving WAET table memory at [mem 0xbfb74000-0xbfb74027]\r\n[    0.047863] SRAT: PXM 0 -\u003e APIC 0x00 -\u003e Node 0\r\n[    0.049035] SRAT: PXM 0 -\u003e APIC 0x01 -\u003e Node 0\r\n[    0.050217] SRAT: PXM 0 -\u003e APIC 0x02 -\u003e Node 0\r\n[    0.051248] SRAT: PXM 0 -\u003e APIC 0x03 -\u003e Node 0\r\n[    0.052158] ACPI: SRAT: Node 0 PXM 0 [mem 0x00000000-0x0009ffff]\r\n[    0.053334] ACPI: SRAT: Node 0 PXM 0 [mem 0x00100000-0xbfffffff]\r\n[    0.054864] ACPI: SRAT: Node 0 PXM 0 [mem 0x100000000-0x43fffffff]\r\n[    0.056897] NUMA: Node 0 [mem 0x00000000-0x0009ffff] + [mem 0x00100000-0xbfffffff] -\u003e [mem 0x00000000-0xbfffffff]\r\n[    0.059708] NUMA: Node 0 [mem 0x00000000-0xbfffffff] + [mem 0x100000000-0x43fffffff] -\u003e [mem 0x00000000-0x43fffffff]\r\n[    0.061978] NODE_DATA(0) allocated [mem 0x43ffd6000-0x43fffffff]\r\n[    0.063860] Zone ranges:\r\n[    0.064328]   DMA      [mem 0x0000000000001000-0x0000000000ffffff]\r\n[    0.065345]   DMA32    [mem 0x0000000001000000-0x00000000ffffffff]\r\n[    0.066514]   Normal   [mem 0x0000000100000000-0x000000043fffffff]\r\n[    0.067698]   Device   empty\r\n[    0.068721] Movable zone start for each node\r\n[    0.069658] Early memory node ranges\r\n[    0.070503]   node   0: [mem 0x0000000000001000-0x0000000000054fff]\r\n[    0.072076]   node   0: [mem 0x0000000000060000-0x0000000000097fff]\r\n[    0.073268]   node   0: [mem 0x0000000000100000-0x00000000bf8ecfff]\r\n[    0.074685]   node   0: [mem 0x00000000bfbff000-0x00000000bffdffff]\r\n[    0.075904]   node   0: [mem 0x0000000100000000-0x000000043fffffff]\r\n[    0.077648] Initmem setup node 0 [mem 0x0000000000001000-0x000000043fffffff]\r\n[    0.079665] On node 0, zone DMA: 1 pages in unavailable ranges\r\n[    0.079668] On node 0, zone DMA: 11 pages in unavailable ranges\r\n[    0.081076] On node 0, zone DMA: 104 pages in unavailable ranges\r\n[    0.099180] On node 0, zone DMA32: 786 pages in unavailable ranges\r\n[    0.101908] On node 0, zone Normal: 32 pages in unavailable ranges\r\n[    0.104845] ACPI: PM-Timer IO Port: 0xb008\r\n[    0.107779] ACPI: LAPIC_NMI (acpi_id[0xff] dfl dfl lint[0x1])\r\n[    0.108962] IOAPIC[0]: apic_id 0, version 17, address 0xfec00000, GSI 0-23\r\n[    0.110346] ACPI: INT_SRC_OVR (bus 0 bus_irq 5 global_irq 5 high level)\r\n[    0.111604] ACPI: INT_SRC_OVR (bus 0 bus_irq 9 global_irq 9 high level)\r\n[    0.113634] ACPI: INT_SRC_OVR (bus 0 bus_irq 10 global_irq 10 high level)\r\n[    0.115103] ACPI: INT_SRC_OVR (bus 0 bus_irq 11 global_irq 11 high level)\r\n[    0.117025] Using ACPI (MADT) for SMP configuration information\r\n[    0.118848] smpboot: Allowing 4 CPUs, 0 hotplug CPUs\r\n[    0.120326] PM: hibernation: Registered nosave memory: [mem 0x00000000-0x00000fff]\r\n[    0.122412] PM: hibernation: Registered nosave memory: [mem 0x00055000-0x0005ffff]\r\n[    0.124460] PM: hibernation: Registered nosave memory: [mem 0x00098000-0x0009ffff]\r\n[    0.126429] PM: hibernation: Registered nosave memory: [mem 0x000a0000-0x000fffff]\r\n[    0.128841] PM: hibernation: Registered nosave memory: [mem 0xbf8ed000-0xbf9ecfff]\r\n[    0.131345] PM: hibernation: Registered nosave memory: [mem 0xbf9ed000-0xbfaecfff]\r\n[    0.133531] PM: hibernation: Registered nosave memory: [mem 0xbfaed000-0xbfb6cfff]\r\n[    0.135186] PM: hibernation: Registered nosave memory: [mem 0xbfb6d000-0xbfb7efff]\r\n[    0.136985] PM: hibernation: Registered nosave memory: [mem 0xbfb7f000-0xbfbfefff]\r\n[    0.138373] PM: hibernation: Registered nosave memory: [mem 0xbffe0000-0xbfffffff]\r\n[    0.139896] PM: hibernation: Registered nosave memory: [mem 0xc0000000-0xffffffff]\r\n[    0.141111] [mem 0xc0000000-0xffffffff] available for PCI devices\r\n[    0.142477] Booting paravirtualized kernel on KVM\r\n[    0.144174] clocksource: refined-jiffies: mask: 0xffffffff max_cycles: 0xffffffff, max_idle_ns: 7645519600211568 ns\r\n[    0.151253] setup_percpu: NR_CPUS:8192 nr_cpumask_bits:4 nr_cpu_ids:4 nr_node_ids:1\r\n[    0.153941] percpu: Embedded 63 pages/cpu s221184 r8192 d28672 u524288\r\n[    0.155778] kvm-guest: stealtime: cpu 0, msr 42fc35080\r\n[    0.156851] kvm-guest: PV spinlocks enabled\r\n[    0.157938] PV qspinlock hash table entries: 256 (order: 0, 4096 bytes, linear)\r\n[    0.159733] Built 1 zonelists, mobility grouping on.  Total pages: 4125749\r\n[    0.161944] Policy zone: Normal\r\n[    0.162538] Kernel command line: BOOT_IMAGE=/boot/vmlinuz-5.10.0-30-cloud-amd64 root=UUID=7be27af0-f080-46f6-bdf8-bc495c775f18 ro console=tty0 console=ttyS0,115200 earlyprintk=ttyS0,115200 consoleblank=0 intel_iommu=off\r\n[    0.167996] DMAR: IOMMU disabled\r\n[    0.173341] Dentry cache hash table entries: 2097152 (order: 12, 16777216 bytes, linear)\r\n[    0.178350] Inode-cache hash table entries: 1048576 (order: 11, 8388608 bytes, linear)\r\n[    0.181137] mem auto-init: stack:off, heap alloc:on, heap free:off\r\n[    0.210850] Memory: 3138208K/16773480K available (12296K kernel code, 2552K rwdata, 6972K rodata, 2472K init, 3712K bss, 457808K reserved, 0K cma-reserved)\r\n[    0.214560] SLUB: HWalign=64, Order=0-3, MinObjects=0, CPUs=4, Nodes=1\r\n[    0.215973] Kernel/User page tables isolation: enabled\r\nPoking KASLR using RDRAND RDTSC...\r\n[    0.218668] ftrace: allocating 33961 entries in 133 pages\r\n[    0.238133] ftrace: allocated 133 pages with 3 groups\r\n[    0.240292] rcu: Hierarchical RCU implementation.\r\n[    0.241623] rcu: \tRCU restricting CPUs from NR_CPUS=8192 to nr_cpu_ids=4.\r\n[    0.244277] \tRude variant of Tasks RCU enabled.\r\n[    0.245135] \tTracing variant of Tasks RCU enabled.\r\n[    0.246428] rcu: RCU calculated value of scheduler-enlistment delay is 25 jiffies.\r\n[    0.249232] rcu: Adjusting geometry for rcu_fanout_leaf=16, nr_cpu_ids=4\r\n[    0.255155] NR_IRQS: 524544, nr_irqs: 456, preallocated irqs: 16\r\n[    0.257599] random: crng init done\r\n[    0.259117] Console: colour dummy device 80x25\r\n[    0.260319] printk: console [tty0] enabled\r\n[    0.261841] printk: console [ttyS0] enabled\r\n[    0.261841] printk: console [ttyS0] enabled\r\n[    0.264059] printk: bootconsole [earlyser0] disabled\r\n[    0.264059] printk: bootconsole [earlyser0] disabled\r\n[    0.266540] ACPI: Core revision 20200925\r\n[    0.268016] APIC: Switch to symmetric I/O mode setup\r\n[    0.270442] x2apic enabled\r\n[    0.275132] Switched APIC routing to physical x2apic.\r\n[    0.282672] ..TIMER: vector=0x30 apic1=0 pin1=0 apic2=-1 pin2=-1\r\n[    0.285029] clocksource: tsc-early: mask: 0xffffffffffffffff max_cycles: 0x1fb63109b96, max_idle_ns: 440795265316 ns\r\n[    0.287218] Calibrating delay loop (skipped) preset value.. 4399.99 BogoMIPS (lpj=8799992)\r\n[    0.291296] Last level iTLB entries: 4KB 64, 2MB 8, 4MB 8\r\n[    0.293152] Last level dTLB entries: 4KB 64, 2MB 0, 4MB 0, 1GB 4\r\n[    0.295224] Spectre V1 : Mitigation: usercopy/swapgs barriers and __user pointer sanitization\r\n[    0.297075] Spectre V2 : Mitigation: IBRS\r\n[    0.297925] Spectre V2 : Spectre v2 / SpectreRSB mitigation: Filling RSB on context switch\r\n[    0.299220] Spectre V2 : Spectre v2 / SpectreRSB : Filling RSB on VMEXIT\r\n[    0.303219] RETBleed: Mitigation: IBRS\r\n[    0.304436] Spectre V2 : mitigation: Enabling conditional Indirect Branch Prediction Barrier\r\n[    0.307218] Spectre V2 : User space: Mitigation: STIBP via seccomp and prctl\r\n[    0.309977] Speculative Store Bypass: Mitigation: Speculative Store Bypass disabled via prctl and seccomp\r\n[    0.311230] MDS: Mitigation: Clear CPU buffers\r\n[    0.312903] TAA: Mitigation: Clear CPU buffers\r\n[    0.315216] MMIO Stale Data: Vulnerable: Clear CPU buffers attempted, no microcode\r\n[    0.317555] x86/fpu: Supporting XSAVE feature 0x001: 'x87 floating point registers'\r\n[    0.319220] x86/fpu: Supporting XSAVE feature 0x002: 'SSE registers'\r\n[    0.321368] x86/fpu: Supporting XSAVE feature 0x004: 'AVX registers'\r\n[    0.323221] x86/fpu: xstate_offset[2]:  576, xstate_sizes[2]:  256\r\n[    0.325043] x86/fpu: Enabled xstate features 0x7, context size is 832 bytes, using 'standard' format.\r\n[    0.347243] Freeing SMP alternatives memory: 32K\r\n[    0.350799] pid_max: default: 32768 minimum: 301\r\n[    0.359126] LSM: Security Framework initializing\r\n[    0.359227] Yama: disabled by default; enable with sysctl kernel.yama.*\r\n[    0.361438] AppArmor: AppArmor initialized\r\n[    0.363217] TOMOYO Linux initialized\r\n[    0.364810] Mount-cache hash table entries: 32768 (order: 6, 262144 bytes, linear)\r\n[    0.367262] Mountpoint-cache hash table entries: 32768 (order: 6, 262144 bytes, linear)\r\n[    0.479005] smpboot: CPU0: Intel(R) Xeon(R) CPU @ 2.20GHz (family: 0x6, model: 0x4f, stepping: 0x0)\r\n[    0.479410] Performance Events: unsupported p6 CPU model 79 no PMU driver, software events only.\r\n[    0.482592] rcu: Hierarchical SRCU implementation.\r\n[    0.483596] NMI watchdog: Perf NMI watchdog permanently disabled\r\n[    0.485563] smp: Bringing up secondary CPUs ...\r\n[    0.487355] x86: Booting SMP configuration:\r\n[    0.488118] .... node  #0, CPUs:      #1\r\n[    0.021623] kvm-clock: cpu 1, msr 38ea01041, secondary cpu clock\r\n[    0.489059] kvm-guest: stealtime: cpu 1, msr 42fcb5080\r\n[    0.491369]  #2\r\n[    0.021623] kvm-clock: cpu 2, msr 38ea01081, secondary cpu clock\r\n[    0.492175] kvm-guest: stealtime: cpu 2, msr 42fd35080\r\n[    0.495261] MDS CPU bug present and SMT on, data leak possible. See https://www.kernel.org/doc/html/latest/admin-guide/hw-vuln/mds.html for more details.\r\n[    0.499221] TAA CPU bug present and SMT on, data leak possible. See https://www.kernel.org/doc/html/latest/admin-guide/hw-vuln/tsx_async_abort.html for more details.\r\n[    0.503216] MMIO Stale Data CPU bug present and SMT on, data leak possible. See https://www.kernel.org/doc/html/latest/admin-guide/hw-vuln/processor_mmio_stale_data.html for more details.\r\n[    0.507416]  #3\r\n[    0.021623] kvm-clock: cpu 3, msr 38ea010c1, secondary cpu clock\r\n[    0.507978] kvm-guest: stealtime: cpu 3, msr 42fdb5080\r\n[    0.509000] smp: Brought up 1 node, 4 CPUs\r\n[    0.509000] smpboot: Max logical packages: 1\r\n[    0.511217] smpboot: Total of 4 processors activated (17599.98 BogoMIPS)\r\n[    0.553113] node 0 deferred pages initialised in 40ms\r\n[    0.553962] devtmpfs: initialized\r\n[    0.553962] x86/mm: Memory block size: 128MB\r\n[    0.555266] PM: Registering ACPI NVS region [mem 0xbfb7f000-0xbfbfefff] (524288 bytes)\r\n[    0.556834] clocksource: jiffies: mask: 0xffffffff max_cycles: 0xffffffff, max_idle_ns: 7645041785100000 ns\r\n[    0.558720] futex hash table entries: 1024 (order: 4, 65536 bytes, linear)\r\n[    0.559626] NET: Registered protocol family 16\r\n[    0.561418] DMA: preallocated 2048 KiB GFP_KERNEL pool for atomic allocations\r\n[    0.563847] DMA: preallocated 2048 KiB GFP_KERNEL|GFP_DMA pool for atomic allocations\r\n[    0.566314] DMA: preallocated 2048 KiB GFP_KERNEL|GFP_DMA32 pool for atomic allocations\r\n[    0.567234] audit: initializing netlink subsys (disabled)\r\n[    0.571259] audit: type=2000 audit(1719290134.916:1): state=initialized audit_enabled=0 res=1\r\n[    0.571393] thermal_sys: Registered thermal governor 'fair_share'\r\n[    0.575217] thermal_sys: Registered thermal governor 'bang_bang'\r\n[    0.576259] thermal_sys: Registered thermal governor 'step_wise'\r\n[    0.577388] thermal_sys: Registered thermal governor 'user_space'\r\n[    0.579218] thermal_sys: Registered thermal governor 'power_allocator'\r\n[    0.580672] cpuidle: using governor ladder\r\n[    0.583244] cpuidle: using governor menu\r\n[    0.584036] ACPI: bus type PCI registered\r\n[    0.584866] acpiphp: ACPI Hot Plug PCI Controller Driver version: 0.5\r\n[    0.584866] PCI: Using configuration type 1 for base access\r\n[    0.585543] Kprobes globally optimized\r\n[    0.587265] HugeTLB registered 1.00 GiB page size, pre-allocated 0 pages\r\n[    0.588335] HugeTLB registered 2.00 MiB page size, pre-allocated 0 pages\r\n[    0.727390] ACPI: Added _OSI(Module Device)\r\n[    0.728198] ACPI: Added _OSI(Processor Device)\r\n[    0.729083] ACPI: Added _OSI(3.0 _SCP Extensions)\r\n[    0.729083] ACPI: Added _OSI(Processor Aggregator Device)\r\n[    0.729083] ACPI: Added _OSI(Linux-Dell-Video)\r\n[    0.730170] ACPI: Added _OSI(Linux-Lenovo-NV-HDMI-Audio)\r\n[    0.731219] ACPI: Added _OSI(Linux-HPI-Hybrid-Graphics)\r\n[    0.733975] ACPI: 3 ACPI AML tables successfully acquired and loaded\r\n[    0.736800] ACPI: Interpreter enabled\r\n[    0.737474] ACPI: (supports S0 S3 S4 S5)\r\n[    0.739217] ACPI: Using IOAPIC for interrupt routing\r\n[    0.740043] PCI: Using host bridge windows from ACPI; if necessary, use \"pci=nocrs\" and report a bug\r\n[    0.742302] ACPI: Enabled 16 GPEs in block 00 to 0F\r\n[    0.746116] ACPI: PCI Root Bridge [PCI0] (domain 0000 [bus 00-ff])\r\n[    0.751226] acpi PNP0A03:00: _OSC: OS supports [ASPM ClockPM Segments MSI HPX-Type3]\r\n[    0.753310] acpi PNP0A03:00: fail to add MMCONFIG information, can't access extended PCI configuration space under this bridge.\r\n[    0.756127] PCI host bridge to bus 0000:00\r\n[    0.757133] pci_bus 0000:00: root bus resource [io  0x0000-0x0cf7 window]\r\n[    0.757133] pci_bus 0000:00: root bus resource [io  0x0d00-0xffff window]\r\n[    0.757133] pci_bus 0000:00: root bus resource [mem 0x000a0000-0x000bffff window]\r\n[    0.759221] pci_bus 0000:00: root bus resource [mem 0xc0000000-0xfebfefff window]\r\n[    0.760659] pci_bus 0000:00: root bus resource [bus 00-ff]\r\n[    0.761732] pci 0000:00:00.0: [8086:1237] type 00 class 0x060000\r\n[    0.767780] pci 0000:00:01.0: [8086:7110] type 00 class 0x060100\r\n[    0.796962] pci 0000:00:01.3: [8086:7113] type 00 class 0x068000\r\n[    0.823289] pci 0000:00:01.3: quirk: [io  0xb000-0xb03f] claimed by PIIX4 ACPI\r\n[    0.825002] pci 0000:00:03.0: [1af4:1004] type 00 class 0x000000\r\n[    0.836887] pci 0000:00:03.0: reg 0x10: [io  0xc040-0xc07f]\r\n[    0.845173] pci 0000:00:03.0: reg 0x14: [mem 0xc0002000-0xc000207f]\r\n[    0.867332] pci 0000:00:04.0: [1af4:1000] type 00 class 0x020000\r\n[    0.878425] pci 0000:00:04.0: reg 0x10: [io  0xc000-0xc03f]\r\n[    0.886600] pci 0000:00:04.0: reg 0x14: [mem 0xc0000000-0xc00000ff]\r\n[    0.911609] pci 0000:00:05.0: [1af4:1002] type 00 class 0x00ff00\r\n[    0.923222] pci 0000:00:05.0: reg 0x10: [io  0xc0a0-0xc0bf]\r\n[    0.931222] pci 0000:00:05.0: reg 0x14: [mem 0xc0001000-0xc000107f]\r\n[    0.953332] pci 0000:00:06.0: [1af4:1005] type 00 class 0x00ff00\r\n[    0.965013] pci 0000:00:06.0: reg 0x10: [io  0xc080-0xc09f]\r\n[    0.973033] pci 0000:00:06.0: reg 0x14: [mem 0xc0003000-0xc000303f]\r\n[    1.000262] ACPI: PCI Interrupt Link [LNKA] (IRQs 5 *10 11)\r\n[    1.003344] ACPI: PCI Interrupt Link [LNKB] (IRQs 5 *10 11)\r\n[    1.007315] ACPI: PCI Interrupt Link [LNKC] (IRQs 5 10 *11)\r\n[    1.010788] ACPI: PCI Interrupt Link [LNKD] (IRQs 5 10 *11)\r\n[    1.013251] ACPI: PCI Interrupt Link [LNKS] (IRQs *9)\r\n[    1.015753] iommu: Default domain type: Translated \r\n[    1.019241] vgaarb: loaded\r\n[    1.019732] Registered efivars operations\r\n[    1.020631] NetLabel: Initializing\r\n[    1.021218] NetLabel:  domain hash size = 128\r\n[    1.021218] NetLabel:  protocols = UNLABELED CIPSOv4 CALIPSO\r\n[    1.021218] NetLabel:  unlabeled traffic allowed by default\r\n[    1.021937] PCI: Using ACPI for IRQ routing\r\n[    1.023505] clocksource: Switched to clocksource kvm-clock\r\n[    1.039443] VFS: Disk quotas dquot_6.6.0\r\n[    1.040585] VFS: Dquot-cache hash table entries: 512 (order 0, 4096 bytes)\r\n[    1.042070] AppArmor: AppArmor Filesystem Enabled\r\n[    1.043151] pnp: PnP ACPI init\r\n[    1.044281] pnp: PnP ACPI: found 7 devices\r\n[    1.052668] clocksource: acpi_pm: mask: 0xffffff max_cycles: 0xffffff, max_idle_ns: 2085701024 ns\r\n[    1.054578] NET: Registered protocol family 2\r\n[    1.056249] IP idents hash table entries: 262144 (order: 9, 2097152 bytes, linear)\r\n[    1.060544] tcp_listen_portaddr_hash hash table entries: 8192 (order: 5, 131072 bytes, linear)\r\n[    1.062405] TCP established hash table entries: 131072 (order: 8, 1048576 bytes, linear)\r\n[    1.064330] TCP bind hash table entries: 65536 (order: 8, 1048576 bytes, linear)\r\n[    1.065530] TCP: Hash tables configured (established 131072 bind 65536)\r\n[    1.066674] UDP hash table entries: 8192 (order: 6, 262144 bytes, linear)\r\n[    1.068012] UDP-Lite hash table entries: 8192 (order: 6, 262144 bytes, linear)\r\n[    1.069158] NET: Registered protocol family 1\r\n[    1.069831] NET: Registered protocol family 44\r\n[    1.070471] pci_bus 0000:00: resource 4 [io  0x0000-0x0cf7 window]\r\n[    1.071628] pci_bus 0000:00: resource 5 [io  0x0d00-0xffff window]\r\n[    1.073058] pci_bus 0000:00: resource 6 [mem 0x000a0000-0x000bffff window]\r\n[    1.074807] pci_bus 0000:00: resource 7 [mem 0xc0000000-0xfebfefff window]\r\n[    1.075887] pci 0000:00:00.0: Limiting direct PCI/PCI transfers\r\n[    1.076878] PCI: CLS 0 bytes, default 64\r\n[    1.077521] Trying to unpack rootfs image as initramfs...\r\n[    1.322546] Freeing initrd memory: 13896K\r\n[    1.323520] PCI-DMA: Using software bounce buffering for IO (SWIOTLB)\r\n[    1.324842] software IO TLB: mapped [mem 0x00000000b7ff7000-0x00000000bbff7000] (64MB)\r\n[    1.326241] clocksource: tsc: mask: 0xffffffffffffffff max_cycles: 0x1fb63109b96, max_idle_ns: 440795265316 ns\r\n[    1.328340] clocksource: Switched to clocksource tsc\r\n[    1.329861] Initialise system trusted keyrings\r\n[    1.330879] Key type blacklist registered\r\n[    1.332056] workingset: timestamp_bits=36 max_order=22 bucket_order=0\r\n[    1.334878] zbud: loaded\r\n[    1.336588] Key type asymmetric registered\r\n[    1.337359] Asymmetric key parser 'x509' registered\r\n[    1.338488] Block layer SCSI generic (bsg) driver version 0.4 loaded (major 252)\r\n[    1.340169] io scheduler mq-deadline registered\r\n[    1.342219] Serial: 8250/16550 driver, 4 ports, IRQ sharing enabled\r\n[    1.343863] 00:03: ttyS0 at I/O 0x3f8 (irq = 4, base_baud = 115200) is a 16550A\r\n[    1.345864] 00:04: ttyS1 at I/O 0x2f8 (irq = 3, base_baud = 115200) is a 16550A\r\n[    1.348328] 00:05: ttyS2 at I/O 0x3e8 (irq = 6, base_baud = 115200) is a 16550A\r\n[    1.351190] 00:06: ttyS3 at I/O 0x2e8 (irq = 7, base_baud = 115200) is a 16550A\r\n[    1.354518] i8042: PNP: PS/2 Controller [PNP0303:KBD,PNP0f13:MOU] at 0x60,0x64 irq 1,12\r\n[    1.356615] i8042: Warning: Keylock active\r\n[    1.359618] serio: i8042 KBD port at 0x60,0x64 irq 1\r\n[    1.361288] serio: i8042 AUX port at 0x60,0x64 irq 12\r\n[    1.362792] rtc_cmos 00:00: RTC can wake from S4\r\n[    1.365130] rtc_cmos 00:00: registered as rtc0\r\n[    1.366631] rtc_cmos 00:00: setting system clock to 2024-06-25T04:35:35 UTC (1719290135)\r\n[    1.368754] rtc_cmos 00:00: alarms up to one day, 114 bytes nvram\r\n[    1.370603] intel_pstate: CPU model not supported\r\n[    1.371920] NET: Registered protocol family 10\r\n[    1.382572] Segment Routing with IPv6\r\n[    1.383523] mip6: Mobile IPv6\r\n[    1.384464] NET: Registered protocol family 17\r\n[    1.385881] IPI shorthand broadcast: enabled\r\n[    1.387291] sched_clock: Marking stable (1368142121, 17623184)-\u003e(1394057430, -8292125)\r\n[    1.390023] registered taskstats version 1\r\n[    1.391047] Loading compiled-in X.509 certificates\r\n[    1.427394] Loaded X.509 cert 'Debian Secure Boot CA: 6ccece7e4c6c0d1f6149f3dd27dfcc5cbb419ea1'\r\n[    1.430224] Loaded X.509 cert 'Debian Secure Boot Signer 2022 - linux: 14011249c2675ea8e5148542202005810584b25f'\r\n[    1.432915] Key type .fscrypt registered\r\n[    1.434240] Key type fscrypt-provisioning registered\r\n[    1.436017] AppArmor: AppArmor sha1 policy hashing enabled\r\n[    1.437465] clk: Disabling unused clocks\r\n[    1.440843] Freeing unused decrypted memory: 2036K\r\n[    1.443201] Freeing unused kernel image (initmem) memory: 2472K\r\n[    1.461743] Write protecting the kernel read-only data: 22528k\r\n[    1.464647] Freeing unused kernel image (text/rodata gap) memory: 2036K\r\n[    1.466757] Freeing unused kernel image (rodata/data gap) memory: 1220K\r\n[    1.470703] x86/mm: Checked W+X mappings: passed, no W+X pages found.\r\n[    1.472647] x86/mm: Checking user space page tables\r\n[    1.474286] x86/mm: Checked W+X mappings: passed, no W+X pages found.\r\n[    1.475573] Run /init as init process\r\nLoading, please wait...\r\nStarting version 247.3-7+deb11u4\r\n[    1.549835] PCI Interrupt Link [LNKC] enabled at IRQ 11\r\n[    1.552227] virtio-pci 0000:00:03.0: virtio_pci: leaving for legacy driver\r\n[    1.566062] input: AT Translated Set 2 keyboard as /devices/platform/i8042/serio0/input/input0\r\n[    1.572626] PCI Interrupt Link [LNKD] enabled at IRQ 10\r\n[    1.575326] virtio-pci 0000:00:04.0: virtio_pci: leaving for legacy driver\r\n[    1.584901] PCI Interrupt Link [LNKA] enabled at IRQ 10\r\n[    1.586664] virtio-pci 0000:00:05.0: virtio_pci: leaving for legacy driver\r\n[    1.595486] PCI Interrupt Link [LNKB] enabled at IRQ 11\r\n[    1.596786] virtio-pci 0000:00:06.0: virtio_pci: leaving for legacy driver\r\n[    1.716914] SCSI subsystem initialized\r\n[    1.719083] virtio_net virtio1 ens4: renamed from eth0\r\n[    1.823979] scsi host0: Virtio SCSI HBA\r\n[    1.842774] scsi 0:0:1:0: Direct-Access     Google   PersistentDisk   1    PQ: 0 ANSI: 6\r\n[    1.844639] scsi 0:0:2:0: Direct-Access     Google   PersistentDisk   1    PQ: 0 ANSI: 6\r\n[    1.889836] sd 0:0:2:0: [sda] 209715200 512-byte logical blocks: (107 GB/100 GiB)\r\n[    1.891367] sd 0:0:2:0: [sda] 4096-byte physical blocks\r\n[    1.892344] sd 0:0:2:0: [sda] Write Protect is off\r\n[    1.892372] sd 0:0:1:0: [sdb] 314572800 512-byte logical blocks: (161 GB/150 GiB)\r\n[    1.895194] sd 0:0:1:0: [sdb] 4096-byte physical blocks\r\n[    1.895287] sd 0:0:2:0: [sda] Write cache: enabled, read cache: enabled, doesn't support DPO or FUA\r\n[    1.897592] sd 0:0:1:0: [sdb] Write Protect is off\r\n[    1.898753] sd 0:0:1:0: [sdb] Write cache: enabled, read cache: enabled, doesn't support DPO or FUA\r\n[    1.924184]  sdb: sdb1 sdb14 sdb15\r\n[    1.942584] sd 0:0:2:0: [sda] Attached SCSI disk\r\n[    1.942585] sd 0:0:1:0: [sdb] Attached SCSI disk\r\nBegin: Loading essential drivers ... done.\r\nBegin: Running /scripts/init-premount ... done.\r\nBegin: Mounting root file system ... Begin: Running /scripts/local-top ... done.\r\nBegin: Runnin[    2.037704] gce-disk-expand: Resizing partition on \r\ng /scripts/local-premount ...
[    2.071148] gce-disk-expand: Disk /dev/sdb1 doesn't need resizing.\r\n[    2.071509]  sdb: sdb1 sdb14 sdb15\r\ndone.\r\nBegin: Will now check root file system ... fsck from util-linux 2.36.1\r\n[/sbin/fsck.ext4 (1) -- /dev/sdb1] fsck.ext4 -a -C0 /dev/sdb1 \r\n/dev/sdb1: clean, 649872/9822208 files, 10428648/39288576 blocks\r\ndone.\r\n[    2.179511] EXT4-fs (sdb1): mounted filesystem with ordered data mode. Opts: (null)\r\ndone.\r\nBegin: Running /scripts/local-bottom ... done.\r\nBegin: Running /scripts/init-bottom ... done.\r\n[    2.215492] Not activating Mandatory Access Control as /sbin/tomoyo-init does not exist.\r\n[    2.446322] systemd[1]: Inserted module 'autofs4'\r\n[    2.583342] systemd[1]: systemd 247.3-7+deb11u4 running in system mode. (+PAM +AUDIT +SELINUX +IMA +APPARMOR +SMACK +SYSVINIT +UTMP +LIBCRYPTSETUP +GCRYPT +GNUTLS +ACL +XZ +LZ4 +ZSTD +SECCOMP +BLKID +ELFUTILS +KMOD +IDN2 -IDN +PCRE2 default-hierarchy=unified)\r\n[    2.588751] systemd[1]: Detected virtualization kvm.\r\n[    2.589786] systemd[1]: Detected architecture x86-64.\r\n\r\nWelcome to \u001b[1mDebian GNU/Linux 11 (bullseye)\u001b[0m!\r\n\r\n[    2.612271] systemd[1]: Set hostname to \u003cdebian\u003e.\r\n[    2.885391] systemd[1]: Queued start job for default target Graphical Interface.\r\n[    2.888137] systemd[1]: Created slice system-getty.slice.\r\n[\u001b[0;32m  OK  \u001b[0m] Created slice \u001b[0;1;39msystem-getty.slice\u001b[0m.\r\n[    2.902354] systemd[1]: Created slice system-modprobe.slice.\r\n[\u001b[0;32m  OK  \u001b[0m] Created slice \u001b[0;1;39msystem-modprobe.slice\u001b[0m.\r\n[    2.914377] systemd[1]: Created slice system-serial\\x2dgetty.slice.\r\n[\u001b[0;32m  OK  \u001b[0m] Created slice \u001b[0;1;39msystem-serial\\x2dgetty.slice\u001b[0m.\r\n[    2.926280] systemd[1]: Created slice system-systemd\\x2dgrowfs.slice.\r\n[\u001b[0;32m  OK  \u001b[0m] Created slice \u001b[0;1;39msystem-systemd\\x2dgrowfs.slice\u001b[0m.\r\n[    2.938252] systemd[1]: Created slice User and Session Slice.\r\n[\u001b[0;32m  OK  \u001b[0m] Created slice \u001b[0;1;39mUser and Session Slice\u001b[0m.\r\n[    2.953933] systemd[1]: Started Dispatch Password Requests to Console Directory Watch.\r\n[\u001b[0;32m  OK  \u001b[0m] Started \u001b[0;1;39mDispatch Password …ts to Console Directory Watch\u001b[0m.\r\n[    2.969967] systemd[1]: Started Forward Password Requests to Wall Directory Watch.\r\n[\u001b[0;32m  OK  \u001b[0m] Started \u001b[0;1;39mForward Password R…uests to Wall Directory Watch\u001b[0m.\r\n[    2.986086] systemd[1]: Set up automount Arbitrary Executable File Formats File System Automount Point.\r\n[\u001b[0;32m  OK  \u001b[0m] Set up automount \u001b[0;1;39mArbitrary…s File System Automount Point\u001b[0m.\r\n[    3.001858] systemd[1]: Reached target Local Encrypted Volumes.\r\n[\u001b[0;32m  OK  \u001b[0m] Reached target \u001b[0;1;39mLocal Encrypted Volumes\u001b[0m.\r\n[    3.013844] systemd[1]: Reached target Paths.\r\n[\u001b[0;32m  OK  \u001b[0m] Reached target \u001b[0;1;39mPaths\u001b[0m.\r\n[    3.025819] systemd[1]: Reached target Remote File Systems.\r\n[\u001b[0;32m  OK  \u001b[0m] Reached target \u001b[0;1;39mRemote File Systems\u001b[0m.\r\n[    3.037819] systemd[1]: Reached target Slices.\r\n[\u001b[0;32m  OK  \u001b[0m] Reached target \u001b[0;1;39mSlices\u001b[0m.\r\n[    3.049820] systemd[1]: Reached target Swap.\r\n[\u001b[0;32m  OK  \u001b[0m] Reached target \u001b[0;1;39mSwap\u001b[0m.\r\n[    3.061803] systemd[1]: Reached target System Time Set.\r\n[\u001b[0;32m  OK  \u001b[0m] Reached target \u001b[0;1;39mSystem Time Set\u001b[0m.\r\n[    3.074037] systemd[1]: Listening on Syslog Socket.\r\n[\u001b[0;32m  OK  \u001b[0m] Listening on \u001b[0;1;39mSyslog Socket\u001b[0m.\r\n[    3.086173] systemd[1]: Listening on fsck to fsckd communication Socket.\r\n[\u001b[0;32m  OK  \u001b[0m] Listening on \u001b[0;1;39mfsck to fsckd communication Socket\u001b[0m.\r\n[    3.098022] systemd[1]: Listening on initctl Compatibility Named Pipe.\r\n[\u001b[0;32m  OK  \u001b[0m] Listening on \u001b[0;1;39minitctl Compatibility Named Pipe\u001b[0m.\r\n[    3.110090] systemd[1]: Listening on Journal Audit Socket.\r\n[\u001b[0;32m  OK  \u001b[0m] Listening on \u001b[0;1;39mJournal Audit Socket\u001b[0m.\r\n[    3.121990] systemd[1]: Listening on Journal Socket (/dev/log).\r\n[\u001b[0;32m  OK  \u001b[0m] Listening on \u001b[0;1;39mJournal Socket (/dev/log)\u001b[0m.\r\n[    3.134066] systemd[1]: Listening on Journal Socket.\r\n[\u001b[0;32m  OK  \u001b[0m] Listening on \u001b[0;1;39mJournal Socket\u001b[0m.\r\n[    3.146912] systemd[1]: Listening on udev Control Socket.\r\n[\u001b[0;32m  OK  \u001b[0m] Listening on \u001b[0;1;39mudev Control Socket\u001b[0m.\r\n[    3.157985] systemd[1]: Listening on udev Kernel Socket.\r\n[\u001b[0;32m  OK  \u001b[0m] Listening on \u001b[0;1;39mudev Kernel Socket\u001b[0m.\r\n[    3.171065] systemd[1]: Mounting Huge Pages File System...\r\n         Mounting \u001b[0;1;39mHuge Pages File System\u001b[0m...\r\n[    3.182978] systemd[1]: Mounting POSIX Message Queue File System...\r\n         Mounting \u001b[0;1;39mPOSIX Message Queue File System\u001b[0m...\r\n[    3.187220] systemd[1]: Mounting Kernel Debug File System...\r\n         Mounting \u001b[0;1;39mKernel Debug File System\u001b[0m...\r\n[    3.199219] systemd[1]: Mounting Kernel Trace File System...\r\n         Mounting \u001b[0;1;39mKernel Trace File System\u001b[0m...\r\n[    3.215203] systemd[1]: Starting Create list of static device nodes for the current kernel...\r\n         Starting \u001b[0;1;39mCreate list of st…odes for the current kernel\u001b[0m...\r\n[    3.230955] systemd[1]: Starting Load Kernel Module configfs...\r\n         Starting \u001b[0;1;39mLoad Kernel Module configfs\u001b[0m...\r\n[    3.242950] systemd[1]: Starting Load Kernel Module drm...\r\n         Starting \u001b[0;1;39mLoad Kernel Module drm\u001b[0m...\r\n[    3.258976] systemd[1]: Starting Load Kernel Module fuse...\r\n         Starting \u001b[0;1;39mLoad Kernel Module fuse\u001b[0m...\r\n[    3.275539] systemd[1]: Condition check resulted in Set Up Additional Binary Formats being skipped.\r\n[    3.278316] systemd[1]: Condition check resulted in File System Check on Root Device being skipped.\r\n[    3.278371] fuse: init (API version 7.32)\r\n[    3.283006] systemd[1]: Starting Journal Service...\r\n         Starting \u001b[0;1;39mJournal Service\u001b[0m...\r\n[    3.301167] systemd[1]: Starting Load Kernel Modules...\r\n         Starting \u001b[0;1;39mLoad Kernel Modules\u001b[0m...\r\n[    3.315132] systemd[1]: Starting Remount Root and Kernel File Systems...\r\n         Starting \u001b[0;1;39mRemount Root and Kernel File Systems\u001b[0m...\r\n[    3.331170] systemd[1]: Starting Coldplug All udev Devices...\r\n         Startin[    3.333506] EXT4-fs (sdb1): re-mounted. Opts: discard,errors=remount-ro\r\ng \u001b[0;1;39mColdplug All udev Devices\u001b[0m...\r\n[    3.348073] systemd[1]: Started Journal Service.\r\n[\u001b[0;32m  OK  \u001b[0m] Started \u001b[0;1;39mJournal Service\u001b[0m.\r\n[\u001b[0;32m  OK  \u001b[0m] Mounted \u001b[0;1;39mHuge Pages File System\u001b[0m.\r\n[\u001b[0;32m  OK  \u001b[0m] Mounted \u001b[0;1;39mPOSIX Message Queue File System\u001b[0m.\r\n[\u001b[0;32m  OK  \u001b[0m] Mounted \u001b[0;1;39mKernel Debug File System\u001b[0m.\r\n[\u001b[0;32m  OK  \u001b[0m] Mounted \u001b[0;1;39mKernel Trace File System\u001b[0m.\r\n[\u001b[0;32m  OK  \u001b[0m] Finished \u001b[0;1;39mCreate list of st… nodes for the current kernel\u001b[0m.\r\n[\u001b[0;32m  OK  \u001b[0m] Finished \u001b[0;1;39mLoad Kernel Module configfs\u001b[0m.\r\n[\u001b[0;32m  OK  \u001b[0m] Finished \u001b[0;1;39mLoad Kernel Module drm\u001b[0m.\r\n[\u001b[0;32m  OK  \u001b[0m] Finished \u001b[0;1;39mLoad Kernel Module fuse\u001b[0m.\r\n[\u001b[0;32m  OK  \u001b[0m] Finished \u001b[0;1;39mLoad Kernel Modules\u001b[0m.\r\n[\u001b[0;32m  OK  \u001b[0m] Finished \u001b[0;1;39mRemount Root and Kernel File Systems\u001b[0m.\r\n         Mounting \u001b[0;1;39mFUSE Control File System\u001b[0m...\r\n         Mounting \u001b[0;1;39mKernel Configuration File System\u001b[0m...\r\n         Starting \u001b[0;1;39mGrow File System on /\u001b[0m...\r\n[    3.522203] EXT4-fs (sdb1): resizing filesystem from 39288576 to 39288576 blocks\r\n         Starting \u001b[0;1;39mFlush Journal to Persistent Storage\u001b[0m...\r\n[    3.536646] systemd-journald[221]: Received client request to flush runtime journal.\r\n         Starting \u001b[0;1;39mLoad/Save Random Seed\u001b[0m...\r\n         Starting \u001b[0;1;39mApply Kernel Variables\u001b[0m...\r\n         Starting \u001b[0;1;39mCreate System Users\u001b[0m...\r\n[\u001b[0;32m  OK  \u001b[0m] Finished \u001b[0;1;39mColdplug All udev Devices\u001b[0m.\r\n[\u001b[0;32m  OK  \u001b[0m] Mounted \u001b[0;1;39mFUSE Control File System\u001b[0m.\r\n[\u001b[0;32m  OK  \u001b[0m] Mounted \u001b[0;1;39mKernel Configuration File System\u001b[0m.\r\n[\u001b[0;32m  OK  \u001b[0m] Finished \u001b[0;1;39mGrow File System on /\u001b[0m.\r\n[\u001b[0;32m  OK  \u001b[0m] Finished \u001b[0;1;39mLoad/Save Random Seed\u001b[0m.\r\n[\u001b[0;32m  OK  \u001b[0m] Finished \u001b[0;1;39mApply Kernel Variables\u001b[0m.\r\n         Starting \u001b[0;1;39mHelper to synchronize boot up for ifupdown\u001b[0m...\r\n[\u001b[0;32m  OK  \u001b[0m] Finished \u001b[0;1;39mHelper to synchronize boot up for ifupdown\u001b[0m.\r\n[\u001b[0;32m  OK  \u001b[0m] Finished \u001b[0;1;39mFlush Journal to Persistent Storage\u001b[0m.\r\n[\u001b[0;32m  OK  \u001b[0m] Finished \u001b[0;1;39mCreate System Users\u001b[0m.\r\n         Starting \u001b[0;1;39mCreate Static Device Nodes in /dev\u001b[0m...\r\n[\u001b[0;32m  OK  \u001b[0m] Finished \u001b[0;1;39mCreate Static Device Nodes in /dev\u001b[0m.\r\n[\u001b[0;32m  OK  \u001b[0m] Reached target \u001b[0;1;39mLocal File Systems (Pre)\u001b[0m.\r\n         Starting \u001b[0;1;39mRule-based Manage…for Device Events and Files\u001b[0m...\r\n[\u001b[0;32m  OK  \u001b[0m] Started \u001b[0;1;39mRule-based Manager for Device Events and Files\u001b[0m.\r\n[    3.937753] input: Power Button as /devices/LNXSYSTM:00/LNXPWRBN:00/input/input2\r\n[    3.952887] tpm_tis MSFT0101:00: 2.0 TPM (device-id 0x9009, rev-id 0)\r\n[    3.968354] ACPI: Power Button [PWRF]\r\n[    3.982980] input: Sleep Button as /devices/LNXSYSTM:00/LNXSLPBN:00/input/input3\r\n[    4.018532] pstore: Using crash dump compression: deflate\r\n[    4.056674] ACPI: Sleep Button [SLPF]\r\n[    4.059108] pstore: Registered efi as persistent store backend\r\n[\u001b[0;32m  OK  \u001b[0m] Found device \u001b[0;1;39m/dev/ttyS0\u001b[0m.\r\n[    4.102563] sd 0:0:1:0: Attached scsi generic sg0 type 0\r\n[    4.110503] sd 0:0:2:0: Attached scsi generic sg1 type 0\r\n[    4.117305] RAPL PMU: API unit is 2^-32 Joules, 0 fixed counters, 10737418240 ms ovfl timer\r\n[    4.154487] cryptd: max_cpu_qlen set to 1000\r\n[    4.171394] AVX2 version of gcm_enc/dec engaged.\r\n[    4.173238] AES CTR mode by8 optimization enabled\r\n[\u001b[0;32m  OK  \u001b[0m] Found device \u001b[0;1;39mPersistentDisk 15\u001b[0m.\r\n         Mounting \u001b[0;1;39m/boot/efi\u001b[0m...\r\n[\u001b[0;32m  OK  \u001b[0m] Mounted \u001b[0;1;39m/boot/efi\u001b[0m.\r\n[\u001b[0;32m  OK  \u001b[0m] Found device \u001b[0;1;39mVirtio network device\u001b[0m.\r\n[\u001b[0;32m  OK  \u001b[0m] Reached target \u001b[0;1;39mLocal File Systems\u001b[0m.\r\n         Starting \u001b[0;1;39mLoad AppArmor profiles\u001b[0m...\r\n         Starting \u001b[0;1;39mCreate Volatile Files and Directories\u001b[0m...\r\n[\u001b[0;32m  OK  \u001b[0m] Finished \u001b[0;1;39mCreate Volatile Files and Directories\u001b[0m.\r\n         Starting \u001b[0;1;39mUpdate UTMP about System Boot/Shutdown\u001b[0m...\r\n[\u001b[0;32m  OK  \u001b[0m] Finished \u001b[0;1;39mUpdate UTMP about System Boot/Shutdown\u001b[0m.\r\n[    4.341372] audit: type=1400 audit(1719290138.467:2): apparmor=\"STATUS\" operation=\"profile_load\" profile=\"unconfined\" name=\"nvidia_modprobe\" pid=350 comm=\"apparmor_parser\"\r\n[    4.346604] audit: type=1400 audit(1719290138.467:3): apparmor=\"STATUS\" operation=\"profile_load\" profile=\"unconfined\" name=\"nvidia_modprobe//kmod\" pid=350 comm=\"apparmor_parser\"\r\n[    4.351622] audit: type=1400 audit(1719290138.467:4): apparmor=\"STATUS\" operation=\"profile_load\" profile=\"unconfined\" name=\"/usr/bin/man\" pid=351 comm=\"apparmor_parser\"\r\n[    4.355754] audit: type=1400 audit(1719290138.467:5): apparmor=\"STATUS\" operation=\"profile_load\" profile=\"unconfined\" name=\"man_filter\" pid=351 comm=\"apparmor_parser\"\r\n[    4.360728] audit: type=1400 audit(1719290138.467:6): apparmor=\"STATUS\" operation=\"profile_load\" profile=\"unconfined\" name=\"man_groff\" pid=351 comm=\"apparmor_parser\"\r\n[    4.360734] audit: type=1400 audit(1719290138.467:7): apparmor=\"STATUS\" operation=\"profile_load\" profile=\"unconfined\" name=\"/usr/sbin/chronyd\" pid=352 comm=\"apparmor_parser\"\r\n[    4.360738] audit: type=1400 audit(1719290138.475:8): apparmor=\"STATUS\" operation=\"profile_load\" profile=\"unconfined\" name=\"/usr/sbin/haveged\" pid=353 comm=\"apparmor_parser\"\r\n[    4.360744] audit: type=1400 audit(1719290138.483:9): apparmor=\"STATUS\" operation=\"profile_load\" profile=\"unconfined\" name=\"tcpdump\" pid=349 comm=\"apparmor_parser\"\r\n[\u001b[0;32m  OK  \u001b[[    4.377409] audit: type=1400 audit(1719290138.483:10): apparmor=\"STATUS\" operation=\"profile_load\" profile=\"unconfined\" name=\"lsb_release\" pid=354 comm=\"apparmor_parser\"\r\n0m] Finished \u001b[0;1;39mLoad AppArmor profiles\u001b[0m.\r\n[\u001b[0;32m  OK  \u001b[0m] Started \u001b[0;1;39mEntropy Daemon based on the HAVEGE algorithm\u001b[0m.\r\n[\u001b[0;32m  OK  \u001b[0m] Reached target \u001b[0;1;39mSystem Initialization\u001b[0m.\r\n[\u001b[0;32m  OK  \u001b[0m] Started \u001b[0;1;39mGCE Workload Certificate refresh timer\u001b[0m.\r\n[\u001b[0;32m  OK  \u001b[0m] Started \u001b[0;1;39mNSS cache refresh timer\u001b[0m.\r\n[\u001b[0;32m  OK  \u001b[0m] Started \u001b[0;1;39mRun google-wi-idle-shutdown service every minute\u001b[0m.\r\n[\u001b[0;32m  OK  \u001b[0m] Started \u001b[0;1;39mDaily Cleanup of Temporary Directories\u001b[0m.\r\n[\u001b[0;32m  OK  \u001b[0m] Listening on \u001b[0;1;39mD-Bus System Message Bus Socket\u001b[0m.\r\n         Starting \u001b[0;1;39mDocker Socket for the API\u001b[0m.\r\n[\u001b[0;32m  OK  \u001b[0m] Listening on \u001b[0;1;39mUUID daemon activation socket\u001b[0m.\r\n         Starting \u001b[0;1;39mResize root filesystem if needed\u001b[0m...\r\n[\u001b[0;32m  OK  \u001b[0m] Started \u001b[0;1;39mifup for ens4\u001b[0m.\r\n         Starting \u001b[0;1;39mRaise network interfaces\u001b[0m...\r\n[\u001b[0;32m  OK  \u001b[0m] Listening on \u001b[0;1;39mDocker Socket for the API\u001b[0m.\r\n[\u001b[0;32m  OK  \u001b[0m] Finished \u001b[0;1;39mResize root filesystem if needed\u001b[0m.\r\n[\u001b[0;32m  OK  \u001b[0m] Reached target \u001b[0;1;39mSockets\u001b[0m.\r\n[\u001b[0;32m  OK  \u001b[0m] Reached target \u001b[0;1;39mBasic System\u001b[0m.\r\n[\u001b[0;32m  OK  \u001b[0m] Started \u001b[0;1;39mRegular background program processing daemon\u001b[0m.\r\n[\u001b[0;32m  OK  \u001b[0m] Started \u001b[0;1;39mD-Bus System Message Bus\u001b[0m.\r\n         Starting \u001b[0;1;39mRemove Stale Onli…t4 Metadata Check Snapshots\u001b[0m...\r\n[\u001b[0;32m  OK  \u001b[0m] Started \u001b[0;1;39mAction on GCE instance property changes\u001b[0m.\r\n         Starting \u001b[0;1;39mGoogle C2D startup config\u001b[0m...\r\n         Starting \u001b[0;1;39mRemoves premium features from DLVM.\u001b[0m...\r\n         Starting \u001b[0;1;39mPolls for whether…and reports Heartbeat event\u001b[0m...\r\n         Starting \u001b[0;1;39mJupyter Notebook Service\u001b[0m...\r\n[\u001b[0;32m  OK  \u001b[0m] Started \u001b[0;1;39mVertex Workbench Health Agent\u001b[0m.\r\n         Starting \u001b[0;1;39mSystem Logging Service\u001b[0m...\r\n         Starting \u001b[0;1;39mUser Login Management\u001b[0m...\r\n[\u001b[0;32m  OK  \u001b[0m] Finished \u001b[0;1;39mRemove Stale Onli…ext4 Metadata Check Snapshots\u001b[0m.\r\nJun 25 04:35:38 notebooks2instance-ok systemd[1]: Mounted Huge Pages File System.\r\nJun 25 04:35:38 notebooks2instance-ok kernel: [    0.000000] Linux version 5.10.0-30-cloud-amd64 (debian-kernel@lists.debian.org) (gcc-10 (Debian 10.2.1-6) 10.2.1 20210110, GNU ld (GNU Binutils for Debian) 2.35.2) #1 SMP Debian 5.10.218-1 (2024-06-01)\r\nJun 25 04:35:38 notebooks2instance-ok kernel: [    0.000000] Command line: BOOT_IMAGE=/boot/vmlinuz-5.10.0-30-cloud-amd64 root=UUID=7be27af0-f080-46f6-bdf8-bc495c775f18 ro console=tty0 console=ttyS0,115200 earlyprintk=ttyS0,115200 consoleblank=0 intel_iommu=off\r\nJun 25 04:35:38 notebooks2instance-ok kernel: [    0.000000] BIOS-provided physical RAM map:\r\nJun 25 04:35:38 notebooks2instance-ok kernel: [    0.000000] BIOS-e820: [mem 0x0000000000000000-0x0000000000000fff] reserved\r\nJun 25 04:35:38 notebooks2instance-ok kernel: [    0.000000] BIOS-e820: [mem 0x0000000000001000-0x0000000000054fff] usable\r\nJun 25 04:35:38 notebooks2instance-ok kernel: [    0.000000] BIOS-e820: [mem 0x0000000000055000-0x000000000005ffff] reserved\r\nJun 25 04:35:38 notebooks2instance-ok kernel: [    0.000000] BIOS-e820: [mem 0x0000000000060000-0x0000000000097fff] usable\r\nJun 25 04:35:38 notebooks2instance-ok systemd[1]: Mounted POSIX Message Queue File System.\r\nJun 25 04:35:38 notebooks2instance-ok systemd[1]: Mounted Kernel Debug File System.\r\nJun 25 04:35:38 notebooks2instance-ok kernel: [    0.000000] BIOS-e820: [mem 0x0000000000098000-0x000000000009ffff] reserved\r\nJun 25 04:35:38 notebooks2instance-ok kernel: [    0.000000] BIOS-e820: [mem 0x0000000000100000-0x00000000bf8ecfff] usable\r\nJun 25 04:35:38 notebooks2instance-ok kernel: [    0.000000] BIOS-e820: [mem 0x00000000bf8ed000-0x00000000bf9ecfff] reserved\r\nJun 25 04:35:38 notebooks2instance-ok kernel: [    0.000000] BIOS-e820: [mem 0x00000000bf9ed000-0x00000000bfaecfff] type 20\r\nJun 25 04:35:38 notebooks2instance-ok kernel: [    0.000000] BIOS-e820: [mem 0x00000000bfaed000-0x00000000bfb6cfff] reserved\r\nJun 25 04:35:38 notebooks2instance-ok systemd[1]: Mounted Kernel Trace File System.\r\nJun 25 04:35:38 notebooks2instance-ok kernel: [    0.000000] BIOS-e820: [mem 0x00000000bfb6d000-0x00000000bfb7efff] ACPI data\r\nJun 25 04:35:38 notebooks2instance-ok kernel: [    0.000000] BIOS-e820: [mem 0x00000000bfb7f000-0x00000000bfbfefff] ACPI NVS\r\nJun 25 04:35:38 notebooks2instance-ok kernel: [    0.000000] BIOS-e820: [mem 0x00000000bfbff000-0x00000000bffdffff] usable\r\nJun 25 04:35:38 notebooks2instance-ok systemd[1]: Finished Create list of static device nodes for the current kernel.\r\nJun 25 04:35:38 notebooks2instance-ok kernel: [    0.000000] BIOS-e820: [mem 0x00000000bffe0000-0x00000000bfffffff] reserved\r\nJun 25 04:35:38 notebooks2instance-ok kernel: [    0.000000] BIOS-e820: [mem 0x0000000100000000-0x000000043fffffff] usable\r\nJun 25 04:35:38 notebooks2instance-ok kernel: [    0.000000] printk: bootconsole [earlyser0] enabled\r\nJun 25 04:35:38 notebooks2instance-ok kernel: [    0.000000] NX (Execute Disable) protection: active\r\nJun 25 04:35:38 notebooks2instance-ok kernel: [    0.000000] efi: EFI v2.70 by EDK II\r\nJun 25 04:35:38 notebooks2instance-ok systemd[1]: modprobe@configfs.service: Succeeded.\r\nJun 25 04:35:38 notebooks2instance-ok kernel: [    0.000000] efi: TPMFinalLog=0xbfbf7000 ACPI=0xbfb7e000 ACPI 2.0=0xbfb7e014 SMBIOS=0xbf9e8000 \r\nJun 25 04:35:38 notebooks2instance-ok kernel: [    0.000000] secureboot: Secure boot disabled\r\nJun 25 04:35:38 notebooks2instance-ok kernel: [    0.000000] SMBIOS 2.4 present.\r\nJun 25 04:35:38 notebooks2instance-ok kernel: [    0.000000] DMI: Google Google Compute Engine/Google Compute Engine, BIOS Google 04/02/2024\r\nJun 25 04:35:38 notebooks2instance-ok kernel: [    0.000000] Hypervisor detected: KVM\r\nJun 25 04:35:38 notebooks2instance-ok systemd[1]: Finished Load Kernel Module configfs.\r\nJun 25 04:35:38 notebooks2instance-ok kernel: [    0.000000] kvm-clock: Using msrs 4b564d01 and 4b564d00\r\nJun 25 04:35:38 notebooks2instance-ok kernel: [    0.000000] kvm-clock: cpu 0, msr 38ea01001, primary cpu clock\r\nJun 25 04:35:38 notebooks2instance-ok kernel: [    0.000002] kvm-clock: using sched offset of 7463039982 cycles\r\nJun 25 04:35:38 notebooks2instance-ok kernel: [    0.001673] clocksource: kvm-clock: mask: 0xffffffffffffffff max_cycles: 0x1cd42e4dffb, max_idle_ns: 881590591483 ns\r\nJun 25 04:35:38 notebooks2instance-ok kernel: [    0.005594] tsc: Detected 2199.998 MHz processor\r\nJun 25 04:35:38 notebooks2instance-ok kernel: [    0.006314] e820: update [mem 0x00000000-0x00000fff] usable ==\u003e reserved\r\nJun 25 04:35:38 notebooks2instance-ok systemd[1]: modprobe@drm.service: Succeeded.\r\nJun 25 04:35:38 notebooks2instance-ok kernel: [    0.006318] e820: remove [mem 0x000a0000-0x000fffff] usable\r\nJun 25 04:35:38 notebooks2instance-ok kernel: [    0.006326] last_pfn = 0x440000 max_arch_pfn = 0x400000000\r\nJun 25 04:35:38 notebooks2instance-ok kernel: [    0.007417] MTRR default type: write-back\r\nJun 25 04:35:38 notebooks2instance-ok systemd[1]: Finished Load Kernel Module drm.\r\nJun 25 04:35:38 notebooks2instance-ok kernel: [    0.007418] MTRR fixed ranges enabled:\r\nJun 25 04:35:38 notebooks2instance-ok kernel: [    0.007420]   00000-9FFFF write-back\r\nJun 25 04:35:38 notebooks2instance-ok kernel: [    0.007421]   A0000-FFFFF uncachable\r\nJun 25 04:35:38 notebooks2instance-ok kernel: [    0.007422] MTRR variable ranges enabled:\r\nJun 25 04:35:38 notebooks2instance-ok kernel: [    0.007424]   0 base 0000C0000000 mask 3FFFC0000000 uncachable\r\nJun 25 04:35:38 notebooks2instance-ok systemd[1]: modprobe@fuse.service: Succeeded.\r\nJun 25 04:35:38 notebooks2instance-ok kernel: [    0.007425]   1 disabled\r\nJun 25 04:35:38 notebooks2instance-ok kernel: [    0.007426]   2 disabled\r\nJun 25 04:35:38 notebooks2instance-ok kernel: [    0.007427]   3 disabled\r\nJun 25 04:35:38 notebooks2instance-ok systemd[1]: Finished Load Kernel Module fuse.\r\nJun 25 04:35:38 notebooks2instance-ok kernel: [    0.007427]   4 disabled\r\nJun 25 04:35:38 notebooks2instance-ok kernel: [    0.007428]   5 disabled\r\nJun 25 04:35:38 notebooks2instance-ok kernel: [    0.007428]   6 disabled\r\nJun 25 04:35:38 notebooks2instance-ok systemd[1]: Finished Load Kernel Modules.\r\nJun 25 04:35:38 notebooks2instance-ok kernel: [    0.007429]   7 disabled\r\nJun 25 04:35:38 notebooks2instance-ok kernel: [    0.007439] x86/PAT: Configuration [0-7]: WB  WC  UC- UC  WB  WP  UC- WT  \r\nJun 25 04:35:38 notebooks2instance-ok kernel: [    0.009149] last_pfn = 0xbffe0 max_arch_pfn = 0x400000000\r\nJun 25 04:35:38 notebooks2instance-ok kernel: [    0.011172] Using GB pages for direct mapping\r\nJun 25 04:35:38 notebooks2instance-ok kernel: [    0.012535] RAMDISK: [mem 0x364cb000-0x3725cfff]\r\nJun 25 04:35:38 notebooks2instance-ok kernel: [    0.014004] ACPI: Early table checksum verification disabled\r\nJun 25 04:35:38 notebooks2instance-ok systemd[1]: Finished Remount Root and Kernel File Systems.\r\nJun 25 04:35:38 notebooks2instance-ok kernel: [    0.014907] ACPI: RSDP 0x00000000BFB7E014 000024 (v02 Google)\r\nJun 25 04:35:38 notebooks2instance-ok kernel: [    0.016122] ACPI: XSDT 0x00000000BFB7D0E8 00005C (v01 Google GOOGFACP 00000001      01000013)\r\nJun 25 04:35:38 notebooks2instance-ok kernel: [    0.017772] ACPI: FACP 0x00000000BFB78000 0000F4 (v02 Google GOOGFACP 00000001 GOOG 00000001)\r\nJun 25 04:35:38 notebooks2instance-ok systemd[1]: Mounting FUSE Control File System...\r\nJun 25 04:35:38 notebooks2instance-ok kernel: [    0.019701] ACPI: DSDT 0x00000000BFB79000 001A64 (v01 Google GOOGDSDT 00000001 GOOG 00000001)\r\nJun 25 04:35:38 notebooks2instance-ok kernel: [    0.021192] ACPI: FACS 0x00000000BFBF2000 000040\r\nJun 25 04:35:38 notebooks2instance-ok kernel: [    0.022289] ACPI: SSDT 0x00000000BFB7C000 000316 (v02 GOOGLE Tpm2Tabl 00001000 INTL 20211217)\r\nJun 25 04:35:38 notebooks2instance-ok kernel: [    0.023954] ACPI: TPM2 0x00000000BFB7B000 000034 (v04 GOOGLE          00000001 GOOG 00000001)\r\nJun 25 04:35:38 notebooks2instance-ok kernel: [    0.025387] ACPI: SRAT 0x00000000BFB77000 0000E8 (v03 Google GOOGSRAT 00000001 GOOG 00000001)\r\nJun 25 04:35:38 notebooks2instance-ok systemd[1]: Mounting Kernel Configuration File System...\r\nJun 25 04:35:38 notebooks2instance-ok kernel: [    0.026883] ACPI: APIC 0x0000[\u001b[0;32m  OK  \u001b[0m] Started \u001b[0;1;39mSystem Logging Service\u001b[0m.\r\n0000BFB76000 000086 (v05 Google GOOGAPIC 00000001 GOOG 00000001)\r\nJun 25 04:35:38 notebooks2instance-ok kernel: [    0.028680] ACPI: SSDT 0x00000000BFB75000 000A42 (v01 Google GOOGSSDT 00000001 GOOG 00000001)\r\nJun 25 04:35:38 notebooks2instance-ok kernel: [    0.030398] ACPI: WAET 0x00000000BFB74000 000028 (v01 Google GOOGWAET 00000001 GOOG 00000001)\r\nJun 25 04:35:38 notebooks2instance-ok kernel: [    0.032416] ACPI: Reserving FACP table memory at [mem 0xbfb78000-0xbfb780f3]\r\nJun 25 04:35:38 notebooks2instance-ok kernel: [    0.033817] ACPI: Reserving DSDT table memory at [mem 0xbfb79000-0xbfb7aa63]\r\nJun 25 04:35:38 notebooks2instance-ok systemd[1]: Starting Grow File System on /...\r\nJun 25 04:35:38 notebooks2instance-ok kernel: [    0.035919] ACPI: Reserving FACS table memory at [mem 0xbfbf2000-0xbfbf203f]\r\nJun 25 04:35:38 notebooks2instance-ok kernel: [    0.037638] ACPI: Reserving SSDT table memory at [mem 0xbfb7c000-0xbfb7c315]\r\nJun 25 04:35:38 notebooks2instance-ok kernel: [    0.039343] ACPI: Reserving TPM2 table memory at [mem 0xbfb7b000-0xbfb7b033]\r\nJun 25 04:35:38 notebooks2instance-ok kernel: [    0.041316] ACPI: Reserving SRAT table memory at [mem 0xbfb77000-0xbfb770e7]\r\nJun 25 04:35:38 notebooks2instance-ok systemd[1]: Condition check resulted in Rebuild Hardware Database being skipped.\r\nJun 25 04:35:38 notebooks2instance-ok kernel: [    0.043421] ACPI: Reserving APIC table memory at [mem 0xbfb76000-0xbfb76085]\r\nJun 25 04:35:38 notebooks2instance-ok kernel: [    0.044623] ACPI: Reserving SSDT table memory at [mem 0xbfb75000-0xbfb75a41]\r\nJun 25 04:35:38 notebooks2instance-ok systemd[1]: Starting Flush Journal to Persistent Storage...\r\nJun 25 04:35:38 notebooks2instance-ok kernel: [    0.045988] ACPI: Reserving WAET table memory at [mem 0xbfb74000-0xbfb74027]\r\nJun 25 04:35:38 notebooks2instance-ok systemd-growfs[229]: Successfully resized \"/\" to 149.8G bytes (512 bytes lost due to blocksize).\r\nJun 25 04:35:38 notebooks2instance-ok kernel: [    0.047831] ACPI: Local APIC address 0xfee00000\r\nJun 25 04:35:38 notebooks2instance-ok kernel: [    0.047863] SRAT: PXM 0 -\u003e APIC 0x00 -\u003e Node 0\r\nJun 25 04:35:38 notebooks2instance-ok kernel: [    0.049035] SRAT: PXM 0 -\u003e APIC 0x01 -\u003e Node 0\r\nJun 25 04:35:38 notebooks2instance-ok systemd[1]: Condition check resulted in Platform Persistent Storage Archival being skipped.\r\nJun 25 04:35:38 notebooks2instance-ok kernel: [    0.050217] SRAT: PXM 0 -\u003e APIC 0x02 -\u003e Node 0\r\nJun 25 04:35:38 notebooks2instance-ok kernel: [    0.051248] SRAT: PXM 0 -\u003e APIC 0x03 -\u003e Node 0\r\nJun 25 04:35:38 notebooks2instance-ok kernel: [    0.052158] ACPI: SRAT: Node 0 PXM 0 [mem 0x00000000-0x0009ffff]\r\nJun 25 04:35:38 notebooks2instance-ok kernel: [    0.053334] ACPI: SRAT: Node 0 PXM 0 [mem 0x00100000-0xbfffffff]\r\nJun 25 04:35:38 notebooks2instance-ok kernel: [    0.054864] ACPI: SRAT: Node 0 PXM 0 [mem 0x100000000-0x43fffffff]\r\nJun 25 04:35:38 notebooks2instance-ok systemd[1]: Starting Load/Save Random Seed...\r\nJun 25 04:35:38 notebooks2instance-ok kernel: [    0.056897] NUMA: Node 0 [mem 0x00000000-0x0009ffff] + [mem 0x00100000-0xbfffffff] -\u003e [mem 0x00000000-0xbfffffff]\r\nJun 25 04:35:38 notebooks2instance-ok kernel: [    0.059708] NUMA: Node 0 [mem 0x00000000-0xbfffffff] + [mem 0x100000000-0x43fffffff] -\u003e [mem 0x00000000-0x43fffffff]\r\nJun 25 04:35:38 notebooks2instance-ok kernel: [    0.061978] NODE_DATA(0) allocated [mem 0x43ffd6000-0x43fffffff]\r\nJun 25 04:35:38 notebooks2instance-ok kernel: [    0.063860] Zone ranges:\r\nJun 25 04:35:38 notebooks2instance-ok systemd[1]: Starting Apply Kernel Variables...\r\nJun 25 04:35:38 notebooks2instance-ok kernel: [    0.064328]   DMA      [mem 0x0000000000001000-0x0000000000ffffff]\r\nJun 25 04:35:38 notebooks2instance-ok kernel: [    0.065345]   DMA32    [mem 0x0000000001000000-0x00000000ffffffff]\r\nJun 25 04:35:38 notebooks2instance-ok kernel: [    0.066514]   Normal   [mem 0x0000000100000000-0x000000043fffffff]\r\nJun 25 04:35:38 notebooks2instance-ok kernel: [    0.067698]   Device   empty\r\nJun 25 04:35:38 notebooks2instance-ok kernel: [    0.068721] Movable zone start for each node\r\nJun 25 04:35:3[\u001b[0;32m  OK  \u001b[0m] Finished \u001b[0;1;39mGoogle C2D startup config\u001b[0m.\r\n8 notebooks2instance-ok kernel: [    0.069658] Early memory node ranges\r\nJun 25 04:35:38 notebooks2instance-ok systemd[1]: Starting Create System Users...\r\nJun 25 04:35:38 notebooks2instance-ok kernel: [    0.070503]   node   0: [mem 0x0000000000001000-0x0000000000054fff]\r\nJun 25 04:35:38 notebooks2instance-ok kernel: [    0.072076]   node   0: [mem 0x0000000000060000-0x0000000000097fff]\r\nJun 25 04:35:38 notebooks2instance-ok kernel: [    0.073268]   node   0: [mem 0x0000000000100000-0x00000000bf8ecfff]\r\nJun 25 04:35:38 notebooks2instance-ok systemd[1]: Finished Coldplug All udev Devices.\r\nJun 25 04:35:38 notebooks2instance-ok kernel: [    0.074685]   node   0: [mem 0x00000000bfbff000-0x00000000bffdffff]\r\nJun 25 04:35:38 notebooks2instance-ok kernel: [    0.075904]   node   0: [mem 0x0000000100000000-0x000000043fffffff]\r\nJun 25 04:35:38 notebooks2instance-ok kernel: [    0.077648] Initmem setup node 0 [mem 0x0000000000001000-0x000000043fffffff]\r\nJun 25 04:35:38 notebooks2instance-ok kernel: [    0.079194] On node 0 totalpages: 4193370\r\nJun 25 04:35:38 notebooks2instance-ok systemd[1]: Mounted FUSE Control File System.\r\nJun 25 04:35:38 notebooks2instance-ok kernel: [    0.079196]   DMA zone: 64 pages used for memmap\r\nJun 25 04:35:38 notebooks2instance-ok kernel: [    0.079197]   DMA zone: 2097 pages reserved\r\nJun 25 04:35:38 notebooks2instance-ok kernel: [    0.079198]   DMA zone: 3980 pages, LIFO batch:0\r\nJun 25 04:35:38 notebooks2instance-ok kernel: [    0.079199]   DMA32 zone: 12212 pages used for memmap\r\nJun 25 04:35:38 notebooks2instance-ok kernel: [    0.079200]   DMA32 zone: 781518 pages, LIFO batch:63\r\nJun 25 04:35:38 notebooks2instance-ok kernel: [    0.079201]   Normal zone: 53248 pages used for memmap\r\nJun 25 04:35:38 notebooks2instance-ok systemd[1]: Mounted Kernel Configuration File System.\r\nJun 25 04:35:38 notebooks2instance-ok kernel: [    0.079202]   Normal zone: 3407872 pages, LIFO batch:63\r\nJun 25 04:35:38 notebooks2instance-ok kernel: [    0.079665] On node 0, zone DMA: 1 pages in unavailable ranges\r\nJun 25 04:35:38 notebooks2instance-ok kernel: [    0.079668] On node 0, zone DMA: 11 pages in unavailable ranges\r\nJun 25 04:35:38 notebooks2instance-ok kernel: [    0.081076] On node 0, zone DMA: 104 pages in unavailable ranges\r\nJun 25 04:35:38 notebooks2instance-ok systemd[1]: Finished Grow File System on /.\r\nJun 25 04:35:38 notebooks2instance-ok kernel: [    0.099180] On node 0, zone DMA32: 786 pages in unavailable ranges\r\nJun 25 04:35:38 notebooks2instance-ok kernel: [    0.101908] On node 0, zone Normal: 32 pages in unavailable ranges\r\nJun 25 04:35:38 notebooks2instance-ok kernel: [    0.104845] ACPI: PM-Timer IO Port: 0xb008\r\nJun 25 04:35:38 notebooks2instance-ok systemd[1]: Finished Load/Save Random Seed.\r\nJun 25 04:35:38 notebooks2instance-ok kernel: [    0.107766] ACPI: Local APIC address 0xfee00000\r\nJun 25 04:35:38 notebooks2instance-ok kernel: [    0.107779] ACPI: LAPIC_NMI (acpi_id[0xff] dfl dfl lint[0x1])\r\nJun 25 04:35:38 notebooks2instance-ok kernel: [    0.108962] IOAPIC[0]: apic_id 0, version 17, address 0xfec00000, GSI 0-23\r\nJun 25 04:35:38 notebooks2instance-ok kernel: [    0.110346] ACPI: INT_SRC_OVR (bus 0 bus_irq 5 global_irq 5 high level)\r\nJun 25 04:35:38 notebooks2instance-ok systemd[1]: Finished Apply Kernel Variables.\r\nJun 25 04:35:38 notebooks2instance-ok systemd[1]: Condition check resulted in First Boot Complete being skipped.\r\nJun 25 04:35:38 notebooks2instance-ok systemd[1]: Starting Helper to synchronize boot up for ifupdown...\r\nJun 25 04:35:38 notebooks2instance-ok systemd[1]: Finished Helper to synchronize boot up for ifupdown.\r\nJun 25 04:35:38 notebooks2instance-ok systemd[1]: Finished Flush Journal to Persistent Storage.\r\nJun 25 04:35:38 notebooks2instance-ok systemd[1]: Finished Create System Users.\r\nJun 25 04:35:38 notebooks2instance-ok systemd[1]: Starting Create Static Device Nodes in /dev...\r\nJun 25 04:35:38 notebooks2instance-ok systemd[1]: Finished Create Static Device Nodes in /dev.\r\nJun 25 04:35:38 notebooks2instance-ok systemd[1]: Reached target Local File Systems (Pre).\r\nJun 25 04:35:38 notebooks2instance-ok systemd[1]: Starting Rule-based Manager for Device Events and Files...\r\nJun 25 04:35:38 notebooks2instance-ok systemd[1]: Started Rule-based Manager for Device Events and Files.\r\nJun 25 04:35:38 notebooks2instance-ok systemd-udevd[258]: Using default interface naming scheme 'v247'.\r\nJun 25 04:35:38 notebooks2instance-ok systemd-udevd[258]: ethtool: autonegotiation is unset or enabled, the speed and duplex are not writable.\r\nJun 25 04:35:38 notebooks2instance-ok systemd[1]: Found device /dev/ttyS0.\r\nJun 25 04:35:38 notebooks2instance-ok systemd-udevd[246]: ethtool: autonegotiation is unset or enabled, the speed and duplex are not writable.\r\nJun 25 04:35:38 notebooks2instance-ok kernel: [    0.111604] ACPI: INT_SRC_OVR (bus 0 bus_irq 9 global_irq 9 high level)\r\nJun 25 04:35:38 notebooks2instance-ok kernel: [    0.113634] ACPI: INT_SRC_OVR (bus 0 bus_irq 10 global_irq 10 high level)\r\nJun 25 04:35:38 notebooks2instance-ok systemd[1]: Found device PersistentDisk 15.\r\nJun 25 04:35:38 notebooks2instance-ok kernel: [    0.115103] ACPI: INT_SRC_OVR (bus 0 bus_irq 11 global_irq 11 high level)\r\nJun 25 04:35:38 notebooks2instance-ok kernel: [    0.117018] ACPI: IRQ5 used by override.\r\nJun 25 04:35:38 notebooks2instance-ok kernel: [    0.117020] ACPI: IRQ9 used by override.\r\nJun 25 04:35:38 notebooks2instance-ok kernel: [    0.117020] ACPI: IRQ10 used by override.\r\nJun 25 04:35:38 notebooks2instance-ok cloud-ifupdown-helper: Generated configuration for ens4\r\nJun 25 04:35:38 notebooks2instance-ok kernel: [    0.117021] ACPI: IRQ11 used by override.\r\nJun 25 04:35:38 notebooks2instance-ok kernel: [    0.117025] Using ACPI (MADT) for SMP configuration information\r\nJun 25 04:35:38 notebooks2instance-ok kernel: [    0.118848] smpboot: Allowing 4 CPUs, 0 hotplug CPUs\r\nJun 25 04:35:38 notebooks2instance-ok kernel: [    0.120326] PM: hibernation: Registered nosave memory: [mem 0x00000000-0x00000fff]\r\nJun 25 04:35:38 notebooks2instance-ok kernel: [    0.122412] PM: hibernation: Registered nosave memory: [mem 0x00055000-0x0005ffff]\r\nJun 25 04:35:38 notebooks2instance-ok kernel: [    0.124460] PM: hibernation: Registered nosave memory: [mem 0x00098000-0x0009ffff]\r\nJun 25 04:35:38 notebooks2instance-ok kernel: [    0.126429] PM: hibernation: Registered nosave memory: [mem 0x000a0000-0x000fffff]\r\nJun 25 04:35:38 notebooks2instance-ok kernel: [    0.128841] PM: hibernation: Registered nosave memory: [mem 0xbf8ed000-0xbf9ecfff]\r\nJun 25 04:35:38 notebooks2instance-ok kernel: [    0.131345] PM: hibernation: Registered nosave memory: [mem 0xbf9ed000-0xbfaecfff]\r\nJun 25 04:35:38 notebooks2instance-ok kernel: [    0.133531] PM: hibernation: Registered nosave memory: [mem 0xbfaed000-0xbfb6cfff]\r\nJun 25 04:35:38 notebooks2instance-ok kernel: [    0.135186] PM: hibernation: Registered nosave memory: [mem 0xbfb6d000-0xbfb7efff]\r\nJun 25 04:35:38 notebooks2instance-ok kernel: [    0.136985] PM: hibernation: Registered nosave memory: [mem 0xbfb7f000-0xbfbfefff]\r\nJun 25 04:35:38 notebooks2instance-ok kernel: [    0.138373] PM: hibernation: Registered nosave memory: [mem 0xbffe0000-0xbfffffff]\r\nJun 25 04:35:38 notebooks2instance-ok kernel: [    0.139896] PM: hibernation: Registered nosave memory: [mem 0xc0000000-0xffffffff]\r\nJun 25 04:35:38 notebooks2instance-ok systemd[1]: Mounting /boot/efi...\r\nJun 25 04:35:38 notebooks2instance-ok kernel: [    0.141111] [mem 0xc0000000-0xffffffff] available for PCI devices\r\nJun 25 04:35:38 notebooks2instance-ok kernel: [    0.142477] Booting paravirtualized kernel on KVM\r\nJun 25 04:35:38 notebooks2instance-ok kernel: [    0.144174] clocksource: refined-jiffies: mask: 0xffffffff max_cycles: 0xffffffff, max_idle_ns: 7645519600211568 ns\r\nJun 25 04:35:38 notebooks2instance-ok kernel: [    0.151253] setup_percpu: NR_CPUS:8192 nr_cpumask_bits:4 nr_cpu_ids:4 nr_node_ids:1\r\nJun 25 04:35:38 notebooks2instance-ok systemd[1]: Mounted /boot/efi.\r\nJun 25 04:35:38 notebooks2instance-ok kernel: [    0.153941] percpu: Embedded 63 pages/cpu s221184 r8192 d28672 u524288\r\nJun 25 04:35:38 notebooks2instance-ok kernel: [    0.155741] pcpu-alloc: s221184 r8192 d28672 u524288 [\u001b[0;32m  OK  \u001b[0m] Started \u001b[0;1;39mUser Login Management\u001b[0m.\r\nalloc=1*2097152\r\nJun 25 04:35:38 notebooks2instance-ok systemd[1]: Found device Virtio network device.\r\nJun 25 04:35:38 notebooks2instance-ok kernel: [    0.155744] pcpu-alloc: [0] 0 1 2 3 \r\nJun 25 04:35:38 notebooks2instance-ok kernel: [    0.155778] kvm-guest: stealtime: cpu 0, msr 42fc35080\r\nJun 25 04:35:38 notebooks2instance-ok systemd[1]: Reached target Local File Systems.\r\nJun 25 04:35:38 notebooks2instance-ok kernel: [    0.156851] kvm-guest: PV spinlocks enabled\r\nJun 25 04:35:38 notebooks2instance-ok kernel: [    0.157938] PV qspinlock hash table entries: 256 (order: 0, 4096 bytes, linear)\r\nJun 25 04:35:38 notebooks2instance-ok kernel: [    0.159733] Built 1 zonelists, mobility grouping on.  Total pages: 4125749\r\nJun 25 04:35:38 notebooks2instance-ok kernel: [    0.161944] Policy zone: Normal\r\nJun 25 04:35:38 notebooks2instance-ok kernel: [    0.162538] Kernel command line: BOOT_IMAGE=/boot/vmlinuz-5.10.0-30-cloud-amd64 root=UUID=7be27af0-f080-46f6-bdf8-bc495c775f18 ro console=tty0 console=ttyS0,115200 earlyprintk=ttyS0,115200 consoleblank=0 intel_iommu=off\r\nJun 25 04:35:38 notebooks2instance-ok kernel: [    0.167996] DMAR: IOMMU disabled\r\nJun 25 04:35:38 notebooks2instance-ok systemd[1]: Starting Load AppArmor profiles...\r\nJun 25 04:35:38 notebooks2instance-ok kernel: [    0.173341] Dentry cache hash table entries: 2097152 (order: 12, 16777216 bytes, linear)\r\nJun 25 04:35:38 notebooks2instance-ok kernel: [    0.178350] Inode-cache hash table entries: 1048576 (order: 11, 8388608 bytes, linear)\r\nJun 25 04:35:38 notebooks2instance-ok kernel: [    0.181137] mem auto-init: stack:off, heap alloc:on, heap free:off\r\nJun 25 04:35:38 notebooks2instance-ok systemd[1]: Condition check resulted in Store a System Token in an EFI Variable being skipped.\r\nJun 25 04:35:38 notebooks2instance-ok kernel: [    0.210850] Memory: 3138208K/16773480K available (12296K kernel code, 2552K rwdata, 6972K rodata, 2472K init, 3712K bss, 457808K reserved, 0K cma-reserved)\r\nJun 25 04:35:38 notebooks2instance-ok kernel: [    0.214560] SLUB: HWalign=64, Order=0-3, MinObjects=0, CPUs=4, Nodes=1\r\nJun 25 04:35:38 notebooks2instance-ok kernel: [    0.215973] Kernel/User page tables isolation: enabled\r\nJun 25 04:35:38 notebooks2instance-ok kernel: [    0.218668] ftrace: allocating 33961 entries in 133 pages\r\nJun 25 04:35:38 notebooks2instance-ok kernel: [    0.238133] ftrace: allocated 133 pages with 3 groups\r\nJun 25 04:35:38 notebooks2instance-ok systemd[1]: Condition check resulted in Commit a transient machine-id on disk being skipped.\r\nJun 25 04:35:38 notebooks2instance-ok kernel: [    0.240292] rcu: Hierarchical RCU implementation.\r\nJun 25 04:35:38 notebooks2instance-ok kernel: [    0.241623] rcu: \tRCU restricting CPUs from NR_CPUS=8192 to nr_cpu_ids=4.\r\nJun 25 04:35:38 notebooks2instance-ok kernel: [    0.244277] \tRude variant of Tasks RCU enabled.\r\nJun 25 04:35:38 notebooks2instance-ok kernel: [    0.245135] \tTracing variant of Tasks RCU enabled.\r\nJun 25 04:35:38 notebooks2instance-ok systemd[1]: Starting Create Volatile Files and Directories...\r\nJun 25 04:35:38 notebooks2instance-ok kernel: [    0.246428] rcu: RCU calculated value of scheduler-enlistment delay is 25 jiffies.\r\nJun 25 04:35:38 notebooks2instance-ok kernel: [    0.249232] rcu: Adjusting geometry for rcu_fanout_leaf=16, nr_cpu_ids=4\r\nJun 25 04:35:38 notebooks2instance-ok kernel: [    0.255155] NR_IRQS: 524544, nr_irqs: 456, preallocated irqs: 16\r\nJun 25 04:35:38 notebooks2instance-ok kernel: [    0.257599] random: crng init done\r\nJun 25 04:35:38 notebooks2instance-ok kernel: [    0.259117] Console: colour dummy device 80x25\r\nJun 25 04:35:38 notebooks2instance-ok apparmor.systemd[341]: Restarting AppArmor\r\nJun 25 04:35:38 notebooks2instance-ok kernel: [    0.260319] printk: console [tty0] enabled\r\nJun 25 04:35:38 notebooks2instance-ok kernel: [    0.261841] printk: console [ttyS0] enabled\r\nJun 25 04:35:38 notebooks2instance-ok kernel: [    0.264059] printk: bootconsole [earlyser0] disabled\r\nJun 25 04:35:38 notebooks2instance-ok kernel: [    0.266540] ACPI: Core revision 20200925\r\nJun 25 04:35:38 notebooks2instance-ok          Starting \u001b[0;1;39mGCE Workload Certificate refresh\u001b[0m...\r\nkernel: [    0.268016] APIC: Switch to symmetric I/O mode setup\r\nJun 25 04:35:38 notebooks2instance-ok apparmor.systemd[341]: Reloading AppArmor profiles\r\nJun 25 04:35:38 notebooks2instance-ok kernel: [    0.270442] x2apic enabled\r\nJun 25 04:35:38 notebooks2instance-ok kernel: [    0.275132] Switched APIC routing to physical x2apic.\r\nJun 25 04:35:38 notebooks2instance-ok kernel: [    0.282672] ..TIMER: vector=0x30 apic1=0 pin1=0 apic2=-1 pin2=-1\r\nJun 25 04:35:38 notebooks2instance-ok systemd[1]: Finished Create Volatile Files and Directories.\r\nJun 25 04:35:38 notebooks2instance-ok kernel: [    0.285029] clocksource: tsc-early: mask: 0xffffffffffffffff max_cycles: 0x1fb63109b96, max_idle_ns: 440795265316 ns\r\nJun 25 04:35:38 notebooks2instance-ok kernel: [    0.287218] Calibrating delay loop (skipped) preset value.. 4399.99 BogoMIPS (lpj=8799992)\r\nJun 25 04:35:38 notebooks2instance-ok kernel: [    0.291296] Last level iTLB entries: 4KB 64, 2MB 8, 4MB 8\r\nJun 25 04:35:38 notebooks2instance-ok kernel: [    0.293152] Last level dTLB entries: 4KB 64, 2MB 0, 4MB 0, 1GB 4\r\nJun 25 04:35:38 notebooks2instance-ok kernel: [    0.295224] Spectre V1 : Mitigation: usercopy/swapgs barriers and __user pointer sanitization\r\nJun 25 04:35:38 notebooks2instance-ok systemd[1]: Starting Update UTMP about System Boot/Shutdown...\r\nJun 25 04:35:38 notebooks2instance-ok kernel: [    0.297075] Spectre V2 : Mitigation: IBRS\r\nJun 25 04:35:38 notebooks2instance-ok kernel: [    0.297925] Spectre V2 : Spectre v2 / SpectreRSB mitigation: Filling RSB on context switch\r\nJun 25 04:35:38 notebooks2instance-ok kernel: [    0.299220] Spectre V2 : Spectre v2 / SpectreRSB : Filling RSB on VMEXIT\r\nJun 25 04:35:38 notebooks2instance-ok systemd[1]: Finished Update UTMP about System Boot/Shutdown.\r\nJun 25 04:35:38 notebooks2instance-ok kernel: [    0.303219] RETBleed: Mitigation: IBRS\r\nJun 25 04:35:38 notebooks2instance-ok kernel: [    0.304436] Spectre V2 : mitigation: Enabling conditional Indirect Branch Prediction Barrier\r\nJun 25 04:35:38 notebooks2instance-ok kernel: [    0.307218] Spectre V2 : User space: Mitigation: STIBP via seccomp and prctl\r\nJun 25 04:35:38 notebooks2instance-ok kernel: [    0.309977] Speculative Store Bypass: Mitigation: Speculative Store Bypass disabled via prctl and seccomp\r\nJun 25 04:35:38 notebooks2instance-ok systemd[1]: Finished Load AppArmor profiles.\r\nJun 25 04:35:38 notebooks2instance-ok kernel: [    0.311230] MDS: Mitigation: Clear CPU buffers\r\nJun 25 04:35:38 notebooks2instance-ok kernel: [    0.312903] TAA: Mitigation: Clear CPU buffers\r\nJun 25 04:35:38 notebooks2instance-ok kernel: [    0.315216] MMIO Stale Data: Vulnerable: Clear CPU buffers attempted, no microcode\r\nJun 25 04:35:38 notebooks2instance-ok kernel: [    0.317555] x86/fpu: Supporting XSAVE feature 0x001: 'x87 floating point registers'\r\nJun 25 04:35:38 notebooks2instance-ok kernel: [    0.319220] x86/fpu: Supporting XSAVE feature 0x002: 'SSE registers'\r\nJun 25 04:35:38 notebooks2instance-ok systemd[1]: Started Entropy Daemon based on the HAVEGE algorithm.\r\nJun 25 04:35:38 notebooks2instance-ok kernel: [    0.321368] x86/fpu: Supporting XSAVE feature 0x004: 'AVX registers'\r\nJun 25 04:35:38 notebooks2instance-ok kernel: [    0.323221] x86/fpu: xstate_offset[2]:  576, xstate_sizes[2]:  256\r\nJun 25 04:35:38 notebooks2instance-ok systemd[1]: Reached target System Initialization.\r\nJun 25 04:35:38 notebooks2instance-ok kernel: [    0.325043] x86/fpu: Enabled xstate features 0x7, context size is 832 bytes, using 'standard' format.\r\nJun 25 04:35:38 notebooks2instance-ok kernel: [    0.347243] Freeing SMP alternatives memory: 32K\r\nJun 25 04:35:38 notebooks2instance-ok kernel: [    0.350799] pid_max: default: 32768 minimum: 301\r\nJun 25 04:35:38 notebooks2instance-ok kernel: [    0.359126] LSM: Security Framework initializing\r\n         Starting \u001b[0;1;39mNSS cache refresh\u001b[0m...\r\n         Stopping \u001b[0;1;39mSystem Logging Service\u001b[0m...\r\n[\u001b[0;32m  OK  \u001b[0m] Finished \u001b[0;1;39mNSS cache refresh\u001b[0m.\r\nJun 25 04:35:38 notebooks2instance-ok kernel: [    0.359227] Yama: disabled by default; enable with sysctl kernel.yama.*\r\nJun 25 04:35:38 notebooks2instance-ok systemd[1]: Started GCE Workload Certificate refresh timer.\r\nJun 25 04:35:38 notebooks2instance-ok kernel: [    0.361438] AppArmor: AppArmor initialized\r\nJun 25 04:35:38 notebooks2instance-ok kernel: [    0.363217] TOMOYO Linux initialized\r\nJun 25 04:35:38 notebooks2instance-ok kernel: [    0.364810] Mount-cache hash table entries: 32768 (order: 6, 262144 bytes, linear)\r\nJun 25 04:35:38 notebooks2instance-ok haveged[355]: haveged: command socket is listening at fd 3\r\nJun 25 04:35:38 notebooks2instance-ok kernel: [    0.367262] Mountpoint-cache hash table entries: 32768 (order: 6, 262144 bytes, linear)\r\nJun 25 04:35:38 notebooks2instance-ok kernel: [    0.479005] smpboot: CPU0: Intel(R) Xeon(R) CPU @ 2.20GHz (family: 0x6, model: 0x4f, stepping: 0x0)\r\nJun 25 04:35:38 notebooks2instance-ok kernel: [    0.479410] Performance Events: unsupported p6 CPU model 79 no PMU driver, software events only.\r\nJun 25 04:35:38 notebooks2instance-ok kernel: [    0.482592] rcu: Hierarchical SRCU implementation.\r\nJun 25 04:35:38 notebooks2instance-ok systemd[1]: Started NSS cache refresh timer.\r\nJun 25 04:35:38 notebooks2instance-ok kernel: [    0.483596] NMI watchdog: Perf NMI watchdog permanently disabled\r\nJun 25 04:35:38 notebooks2instance-ok kernel: [    0.485563] smp: Bringing up secondary CPUs ...\r\nJun 25 04:35:38 notebooks2instance-ok kernel: [    0.487355] x86: Booting SMP configuration:\r\nJun 25 04:35:38 notebooks2instance-ok kernel: [    0.488118] .... node  #0, CPUs:      #1\r\nJun 25 04:35:38 notebooks2instance-ok systemd[1]: Started Run google-wi-idle-shutdown service every minute.\r\nJun 25 04:35:38 notebooks2instance-ok kernel: [    0.021623] kvm-clock: cpu 1, msr 38ea01041, secondary cpu clock\r\nJun 25 04:35:38 notebooks2instance-ok kernel: [    0.489059] kvm-guest: stealtime: cpu 1, msr 42fcb5080\r\nJun 25 04:35:38 notebooks2instance-ok kernel: [    0.491369]  #2\r\nJun 25 04:35:38 notebooks2instance-ok systemd[1]: Started Daily Cleanup of Temporary Directories.\r\nJun 25 04:35:38 notebooks2instance-ok kernel: [    0.021623] kvm-clock: cpu 2, msr 38ea01081, secondary cpu clock\r\nJun 25 04:35:38 notebooks2instance-ok kernel: [    0.492175] kvm-guest: stealtime: cpu 2, msr 42fd35080\r\nJun 25 04:35:38 notebooks2instance-ok kernel: [    0.495261] MDS CPU bug present and SMT on, data leak possible. See https://www.kernel.org/doc/html/latest/admin-guide/hw-vuln/mds.html for more details.\r\nJun 25 04:35:38 notebooks2instance-ok kernel: [    0.499221] TAA CPU bug present and SMT on, data leak possible. See https://www.kernel.org/doc/html/latest/admin-guide/hw-vuln/tsx_async_abort.html for more details.\r\nJun 25 04:35:38 notebooks2instance-ok systemd[1]: Listening on D-Bus System Message Bus Socket.\r\nJun 25 04:35:38 notebooks2instance-ok kernel: [    0.503216] MMIO Stale Data CPU bug present and SMT on, data leak possible. See https://www.kernel.org/doc/html/latest/admin-guide/hw-vuln/processor_mmio_stale_data.html for more details.\r\nJun 25 04:35:38 notebooks2instance-ok systemd[1]: Starting Docker Socket for the API.\r\nJun 25 04:35:38 notebooks2instance-ok kernel: [    0.507416]  #3\r\nJun 25 04:35:38 notebooks2instance-ok kernel: [    0.021623] kvm-clock: cpu 3, msr 38ea010c1, secondary cpu clock\r\nJun 25 04:35:38 notebooks2instance-ok kernel: [    0.507978] kvm-guest: stealtime: cpu 3, msr 42fdb5080\r\nJun 25 04:35:38 notebooks2instance-ok kernel: [    0.509000] smp: Brought up 1 node, 4 CPUs\r\nJun 25 04:35:38 notebooks2instance-ok kernel: [    0.509000] smpboot: Max logical packages: 1\r\nJun 25 04:35:38 notebooks2instance-ok systemd[1]: Listening on UUID daemon activation socket.\r\nJun 25 04:35:38 notebooks2instance-ok systemd[1]: Starting Resize root filesystem if needed...\r\nJun 25 04:35:38 notebooks2instance-ok systemd[1]: Started ifup for ens4.\r\nJun 25 04:35:38 notebooks2instance-ok google_disk_expand[357]: Checking if filesystem on /dev/sdb1 needs resizing\r\nJun 25 04:35:38 notebooks2instance-ok systemd[1]: Starting Raise network interfaces...\r\nJun 25 04:35:38 notebooks2instance-ok google_disk_expand[365]: resize2fs 1.46.2 (28-Feb-2021)\r\nJun 25 04:35:38 notebooks2instance-ok google_disk_expand[365]: The filesystem is already 39288576 (4k) blocks long.  Nothing to do!\r\nJun 25 04:35:38 notebooks2instance-ok google_disk_expand[357]: Done.\r\nJun 25 04:35:38 notebooks2instance-ok kernel: [    0.511217] smpboot: Total of 4 processors activated (17599.98 BogoMIPS)\r\nJun 25 04:35:38 notebooks2instance-ok kernel: [    0.553113] node 0 deferred pages initialised in 40ms\r\nJun 25 04:35:38 notebooks2instance-ok kernel: [    0.553962] devtmpfs: initialized\r\nJun 25 04:35:38 notebooks2instance-ok kernel: [    0.553962] x86/mm: Memory block size: 128MB\r\nJun 25 04:35:38 notebooks2instance-ok kernel: [    0.555266] PM: Registering ACPI NVS region [mem 0xbfb7f000-0xbfbfefff] (524288 bytes)\r\nJun 25 04:35:38 notebooks2instance-ok kernel: [    0.556834] clocksource: jiffies: mask: 0xffffffff max_cycles: 0xffffffff, max_idle_ns: 7645041785100000 ns\r\nJun 25 04:35:38 notebooks2instance-ok kernel: [    0.558720] futex hash table entries: 1024 (order: 4, 65536 bytes, linear)\r\nJun 25 04:35:38 notebooks2instance-ok kernel: [    0.559626] NET: Registered protocol family 16\r\nJun 25 04:35:38 notebooks2instance-ok kernel: [    0.561418] DMA: preallocated 2048 KiB GFP_KERNEL pool for atomic allocations\r\nJun 25 04:35:38 notebooks2instance-ok kernel: [    0.563847] DMA: preallocated 2048 KiB GFP_KERNEL|GFP_DMA pool for atomic allocations\r\nJun 25 04:35:38 notebooks2instance-ok kernel: [    0.566314] DMA: preallocated 2048 KiB GFP_KERNEL|GFP_DMA32 pool for atomic allocations\r\nJun 25 04:35:38 notebooks2instance-ok kernel: [    0.567234] audit: initializing netlink subsys (disabled)\r\nJun 25 04:35:38 notebooks2instance-ok kernel: [    0.571259] audit: type=2000 audit(1719290134.916:1): state=initialized audit_enabled=0 res=1\r\nJun 25 04:35:38 notebooks2instance-ok kernel: [    0.571393] thermal_sys: Registered thermal governor 'fair_share'\r\nJun 25 04:35:38 notebooks2instance-ok kernel: [    0.575217] thermal_sys: Registered thermal governor 'bang_bang'\r\nJun 25 04:35:38 notebooks2instance-ok kernel: [    0.576259] thermal_sys: Registered thermal governor 'step_wise'\r\nJun 25 04:35:38 notebooks2instance-ok kernel: [    0.577388] thermal_sys: Registered thermal governor 'user_space'\r\nJun 25 04:35:38 notebooks2instance-ok kernel: [    0.579218] thermal_sys: Registered thermal governor 'power_allocator'\r\nJun 25 04:35:38 notebooks2instance-ok kernel: [    0.580672] cpuidle: using governor ladder\r\nJun 25 04:35:38 notebooks2instance-ok kernel: [    0.583244] cpuidle: using governor menu\r\nJun 25 04:35:38 notebooks2instance-ok kernel: [    0.584036] ACPI: bus type PCI registered\r\nJun 25 04:35:38 notebooks2instance-ok kernel: [    0.584866] acpiphp: ACPI Hot Plug PCI Controller Driver version: 0.5\r\nJun 25 04:35:38 notebooks2instance-ok kernel: [    0.584866] PCI: Using configuration type 1 for base access\r\nJun 25 04:35:38 notebooks2instance-ok kernel: [    0.585543] Kprobes globally optimized\r\nJun 25 04:35:38 notebooks2instance-ok kernel: [    0.587265] HugeTLB registered 1.00 GiB page size, pre-allocated 0 pages\r\nJun 25 04:35:38 notebooks2instance-ok kernel: [    0.588335] HugeTLB registered 2.00 MiB page size, pre-allocated 0 pages\r\nJun 25 04:35:38 notebooks2instance-ok kernel: [    0.727390] ACPI: Added _OSI(Module Device)\r\nJun 25 04:35:38 notebooks2instance-ok kernel: [    0.728198] ACPI: Added _OSI(Processor Device)\r\nJun 25 04:35:38 notebooks2instance-ok kernel: [    0.729083] ACPI: Added _OSI(3.0 _SCP Extensions)\r\nJun 25 04:35:38 notebooks2instance-ok kernel: [    0.729083] ACPI: Added _OSI(Processor Aggregator Device)\r\nJun 25 04:35:38 notebooks2instance-ok kernel: [    0.729083] ACPI: Added _OSI(Linux-Dell-Video)\r\nJun 25 04:35:38 notebooks2instance-ok kernel: [    0.730170] ACPI: Added _OSI(Linux-Lenovo-NV-HDMI-Audio)\r\nJun 25 04:35:38 notebooks2instance-ok kernel: [    0.731219] ACPI: Added _OSI(Linux-HPI-Hybrid-Graphics)\r\nJun 25 04:35:38 notebooks2instance-ok kernel: [    0.733975] ACPI: 3 ACPI AML tables successfully acquired and loaded\r\nJun 25 04:35:38 notebooks2instance-ok kernel: [    0.736800] ACPI: Interpreter enabled\r\nJun 25 04:35:38 notebooks2instance-ok kernel: [    0.737474] ACPI: (supports S0 S3 S4 S5)\r\nJun 25 04:35:38 notebooks2instance-ok kernel: [    0.739217] ACPI: Using IOAPIC for interrupt routing\r\nJun 25 04:35:38 notebooks2instance-ok kernel: [    0.740043] PCI: Using host bridge windows from ACPI; if necessary, use \"pci=nocrs\" and report a bug\r\nJun 25 04:35:38 notebooks2instance-ok kernel: [    0.742302] ACPI: Enabled 16 GPEs in block 00 to 0F\r\nJun 25 04:35:38 notebooks2instance-ok kernel: [    0.746116] ACPI: PCI Root Bridge [PCI0] (domain 0000 [bus 00-ff])\r\nJun 25 04:35:38 notebooks2instance-ok kernel: [    0.751226] acpi PNP0A03:00: _OSC: OS supports [ASPM ClockPM Segments MSI HPX-Type3]\r\nJun 25 04:35:38 notebooks2instance-ok kernel: [    0.753310] acpi PNP0A03:00: fail to add MMCONFIG information, can't access extended PCI configuration space under this bridge.\r\nJun 25 04:35:38 notebooks2instance-ok kernel: [    0.756127] PCI host bridge to bus 0000:00\r\nJun 25 04:35:38 notebooks2instance-ok kernel: [    0.757133] pci_bus 0000:00: root bus resource [io  0x0000-0x0cf7 window]\r\nJun 25 04:35:38 notebooks2instance-ok kernel: [    0.757133] pci_bus 0000:00: root bus resource [io  0x0d00-0xffff window]\r\nJun 25 04:35:38 notebooks2instance-ok kernel: [    0.757133] pci_bus 0000:00: root bus resource [mem 0x000a0000-0x000bffff window]\r\nJun 25 04:35:38 notebooks2instance-ok kernel: [    0.759221] pci_bus 0000:00: root bus resource [mem 0xc0000000-0xfebfefff window]\r\nJun 25 04:35:38 notebooks2instance-ok kernel: [    0.760659] pci_bus 0000:00: root bus resource [bus 00-ff]\r\nJun 25 04:35:38 notebooks2instance-ok kernel: [    0.761732] pci 0000:00:00.0: [8086:1237] type 00 class 0x060000\r\nJun 25 04:35:38 notebooks2instance-ok kernel: [    0.767780] pci 0000:00:01.0: [8086:7110] type 00 class 0x060100\r\nJun 25 04:35:38 notebooks2instance-ok kernel: [    0.796962] pci 0000:00:01.3: [8086:7113] type 00 class 0x068000\r\nJun 25 04:35:38 notebooks2instance-ok kernel: [    0.823289] pci 0000:00:01.3: quirk: [io  0xb000-0xb03f] claimed by PIIX4 ACPI\r\nJun 25 04:35:38 notebooks2instance-ok kernel: [    0.825002] pci 0000:00:03.0: [1af4:1004] type 00 class 0x000000\r\nJun 25 04:35:38 notebooks2instance-ok kernel: [    0.836887] pci 0000:00:03.0: reg 0x10: [io  0xc040-0xc07f]\r\nJun 25 04:35:38 notebooks2instance-ok kernel: [    0.845173] pci 0000:00:03.0: reg 0x14: [mem 0xc0002000-0xc000207f]\r\nJun 25 04:35:38 notebooks2instance-ok kernel: [    0.867332] pci 0000:00:04.0: [1af4:1000] type 00 class 0x020000\r\nJun 25 04:35:38 notebooks2instance-ok kernel: [    0.878425] pci 0000:00:04.0: reg 0x10: [io  0xc000-0xc03f]\r\nJun 25 04:35:38 notebooks2instance-ok kernel: [    0.886600] pci 0000:00:04.0: reg 0x14: [mem 0xc0000000-0xc00000ff]\r\nJun 25 04:35:38 notebooks2instance-ok kernel: [    0.911609] pci 0000:00:05.0: [1af4:1002] type 00 class 0x00ff00\r\nJun 25 04:35:38 notebooks2instance-ok kernel: [    0.923222] pci 0000:00:05.0: reg 0x10: [io  0xc0a0-0xc0bf]\r\nJun 25 04:35:38 notebooks2instance-ok kernel: [    0.931222] pci 0000:00:05.0: reg 0x14: [mem 0xc0001000-0xc000107f]\r\nJun 25 04:35:38 notebooks2instance-ok kernel: [    0.953332] pci 0000:00:06.0: [1af4:1005] type 00 class 0x00ff00\r\nJun 25 04:35:38 notebooks2instance-ok kernel: [    0.965013] pci 0000:00:06.0: reg 0x10: [io  0xc080-0xc09f]\r\nJun 25 04:35:38 notebooks2instance-ok kernel: [    0.973033] pci 0000:00:06.0: reg 0x14: [mem 0xc0003000-0xc000303f]\r\nJun 25 04:35:38 notebooks2instance-ok kernel: [    1.000262] ACPI: PCI Interrupt Link [LNKA] (IRQs 5 *10 11)\r\nJun 25 04:35:38 notebooks2instance-ok kernel: [    1.003344] ACPI: PCI Interrupt Link [LNKB] (IRQs 5 *10 11)\r\nJun 25 04:35:38 notebooks2instance-ok kernel: [    1.007315] ACPI: PCI Interrupt Link [LNKC] (IRQs 5 10 *11)\r\nJun 25 04:35:38 notebooks2instance-ok kernel: [    1.010788] ACPI: PCI Interrupt Link [LNKD] (IRQs 5 10 *11)\r\nJun 25 04:35:38 notebooks2instance-ok kernel: [    1.013251] ACPI: PCI Interrupt Link [LNKS] (IRQs *9)\r\nJun 25 04:35:38 notebooks2instance-ok kernel: [    1.[\u001b[0;32m  OK  \u001b[0m] Finished \u001b[0;1;39mGCE Workload Certificate refresh\u001b[0m.\r\n015753] iommu: Default domain type: Translated \r\nJun 25 04:35:38 notebooks2instance-ok kernel: [    1.019241] vgaarb: loaded\r\nJun 25 04:35:38 notebooks2instance-ok kernel: [    1.019732] Registered efivars operations\r\nJun 25 04:35:38 notebooks2instance-ok kernel: [    1.020631] NetLabel: Initializing\r\nJun 25 04:35:38 notebooks2instance-ok kernel: [    1.021218] NetLabel:  domain hash size = 128\r\nJun 25 04:35:38 notebooks2instance-ok kernel: [    1.021218] NetLabel:  protocols = UNLABELED CIPSOv4 CALIPSO\r\nJun 25 04:35:38 notebooks2instance-ok kernel: [    1.021218] NetLabel:  unlabeled traffic allowed by default\r\nJun 25 04:35:38 notebooks2instance-ok kernel: [    1.021937] PCI: Using ACPI for IRQ routing\r\nJun 25 04:35:38 notebooks2instance-ok kernel: [    1.023220] PCI: pci_cache_line_size set to 64 bytes\r\nJun 25 04:35:38 notebooks2instance-ok kernel: [    1.023372] e820: reserve RAM buffer [mem 0x00055000-0x0005ffff]\r\nJun 25 04:35:38 notebooks2instance-ok kernel: [    1.023375] e820: reserve RAM buffer [mem 0x00098000-0x0009ffff]\r\nJun 25 04:35:38 notebooks2instance-ok kernel: [    1.023376] e820: reserve RAM buffer [mem 0xbf8ed000-0xbfffffff]\r\nJun 25 04:35:38 notebooks2instance-ok kernel: [    1.023377] e820: reserve RAM buffer [mem 0xbffe0000-0xbfffffff]\r\nJun 25 04:35:38 notebooks2instance-ok kernel: [    1.023505] clocksource: Switched to clocksource kvm-clock\r\nJun 25 04:35:38 notebooks2instance-ok kernel: [    1.039443] VFS: Disk quotas dquot_6.6.0\r\nJun 25 04:35:38 notebooks2instance-ok kernel: [    1.040585] VFS: Dquot-cache hash table entries: 512 (order 0, 4096 bytes)\r\nJun 25 04:35:38 notebooks2instance-ok kernel: [    1.042070] AppArmor: AppArmor Filesystem Enabled\r\nJun 25 04:35:38 notebooks2instance-ok kernel: [    1.043151] pnp: PnP ACPI init\r\nJun 25 04:35:38 notebooks2instance-ok kernel: [    1.043755] pnp 00:00: Plug and Play ACPI device, IDs PNP0b00 (active)\r\nJun 25 04:35:38 notebooks2instance-ok kernel: [    1.043827] pnp 00:01: Plug and Play ACPI device, IDs PNP0303 (active)\r\nJun 25 04:35:38 notebooks2instance-ok kernel: [    1.043872] pnp 00:02: Plug and Play ACPI device, IDs PNP0f13 (active)\r\nJun 25 04:35:38 notebooks2instance-ok kernel: [    1.043927] pnp 00:03: Plug and Play ACPI device, IDs PNP0501 (active)\r\nJun 25 04:35:38 notebooks2instance-ok kernel: [    1.043970] pnp 00:04: Plug and Play ACPI device, IDs PNP0501 (active)\r\nJun 25 04:35:38 notebooks2instance-ok kernel: [    1.044015] pnp 00:05: Plug and Play ACPI device, IDs PNP0501 (active)\r\nJun 25 04:35:38 notebooks2instance-ok kernel: [    1.044060] pnp 00:06: Plug and Play ACPI device, IDs PNP0501 (active)\r\nJun 25 04:35:38 notebooks2instance-ok kernel: [    1.044281] pnp: PnP ACPI: found 7 devices\r\nJun 25 04:35:38 notebooks2instance-ok kernel: [    1.052668] clocksource: acpi_pm: mask: 0xffffff max_cycles: 0xffffff, max_idle_ns: 2085701024 ns\r\nJun 25 04:35:38 notebooks2instance-ok kernel: [    1.054578] NET: Registered protocol family 2\r\nJun 25 04:35:38 notebooks2instance-ok kernel: [    1.056249] IP idents hash table entries: 262144 (order: 9, 2097152 bytes, linear)\r\nJun 25 04:35:38 notebooks2instance-ok kernel: [    1.060544] tcp_listen_portaddr_hash hash table entries: 8192 (order: 5, 131072 bytes, linear)\r\nJun 25 04:35:38 notebooks2instance-ok kernel: [    1.062405] TCP established hash table entries: 131072 (order: 8, 1048576 bytes, linear)\r\nJun 25 04:35:38 notebooks2instance-ok kernel: [    1.064330] TCP bind hash table entries: 65536 (order: 8, 1048576 bytes, linear)\r\nJun 25 04:35:38 notebooks2instance-ok kernel: [    1.065530] TCP: Hash tables configured (established 131072 bind 65536)\r\nJun 25 04:35:38 notebooks2instance-ok kernel: [    1.066674] UDP hash table entries: 8192 (order: 6, 262144 bytes, linear)\r\nJun 25 04:35:38 notebooks2instance-ok kernel: [    1.068012] UDP-Lite hash table entries: 8192 (order: 6, 262144 bytes, linear)\r\nJun 25 04:35:38 notebooks2instance-ok kernel: [    1.069158] NET: Registered protocol family 1\r\nJun 25 04:35:38 notebooks2instance-ok kernel: [    1.069831] NET: Registered protocol family 44\r\nJun 25 04:35:38 notebooks2instance-ok kernel: [    1.070471] pci_bus 0000:00: resource 4 [io  0x0000-0x0cf7 window]\r\nJun 25 04:35:38 notebooks2instance-ok kernel: [    1.071628] pci_bus 0000:00: resource 5 [io  0x0d00-0xffff window]\r\nJun 25 04:35:38 notebooks2instance-ok kernel: [    1.073058] pci_bus 0000:00: resource 6 [mem 0x000a0000-0x000bffff window]\r\nJun 25 04:35:38 notebooks2instance-ok kernel: [    1.074807] pci_bus 0000:00: resource 7 [mem 0xc0000000-0xfebfefff window]\r\nJun 25 04:35:38 notebooks2instance-ok kernel: [    1.075887] pci 0000:00:00.0: Limiting direct PCI/PCI transfers\r\nJun 25 04:35:38 notebooks2instance-ok kernel: [    1.076878] PCI: CLS 0 bytes, default 64\r\nJun 25 04:35:38 notebooks2instance-ok kernel: [    1.077521] Trying to unpack rootfs image as initramfs...\r\nJun 25 04:35:38 notebooks2instance-ok kernel: [    1.322546] Freeing initrd memory: 13896K\r\nJun 25 04:35:38 notebooks2instance-ok kernel: [    1.323520] PCI-DMA: Using software bounce buffering for IO (SWIOTLB)\r\nJun 25 04:35:38 notebooks2instance-ok kernel: [    1.324842] software IO TLB: mapped [mem 0x00000000b7ff7000-0x00000000bbff7000] (64MB)\r\nJun 25 04:35:38 notebooks2instance-ok kernel: [    1.326241] clocksource: tsc: mask: 0xffffffffffffffff max_cycles: 0x1fb63109b96, max_idle_ns: 440795265316 ns\r\nJun 25 04:35:38 notebooks2instance-ok kernel: [    1.328340] clocksource: Switched to clocksource tsc\r\nJun 25 04:35:38 notebooks2instance-ok kernel: [    1.329861] Initialise system trusted keyrings\r\nJun 25 04:35:38 notebooks2instance-ok kernel: [    1.330879] Key type blacklist registered\r\nJun 25 04:35:38 notebooks2instance-ok kernel: [    1.332056] workingset: timestamp_bits=36 max_order=22 bucket_order=0\r\nJun 25 04:35:38 notebooks2instance-ok kernel: [    1.334878] zbud: loaded\r\nJun 25 04:35:38 notebooks2instance-ok kernel: [    1.336588] Key type asymmetric registered\r\nJun 25 04:35:38 notebooks2instance-ok kernel: [    1.337359] Asymmetric key parser 'x509' registered\r\nJun 25 04:35:38 notebooks2instance-ok kernel: [    1.338488] Block layer SCSI generic (bsg) driver version 0.4 loaded (major 252)\r\nJun 25 04:35:38 notebooks2instance-ok kernel: [    1.340169] io scheduler mq-deadline registered\r\nJun 25 04:35:38 notebooks2instance-ok kernel: [    1.342219] Serial: 8250/16550 driver, 4 ports, IRQ sharing enabled\r\nJun 25 04:35:38 notebooks2instance-ok kernel: [    1.343863] 00:03: ttyS0 at I/O 0x3f8 (irq = 4, base_baud = 115200) is a 16550A\r\nJun 25 04:35:38 notebooks2instance-ok kernel: [    1.345864] 00:04: ttyS1 at I/O 0x2f8 (irq = 3, base_baud = 115200) is a 16550A\r\nJun 25 04:35:38 notebooks2instance-ok kernel: [    1.348328] 00:05: ttyS2 at I/O 0x3e8 (irq = 6, base_baud = 115200) is a 16550A\r\nJun 25 04:35:38 notebooks2instance-ok kernel: [    1.351190] 00:06: ttyS3 at I/O 0x2e8 (irq = 7, base_baud = 115200) is a 16550A\r\nJun 25 04:35:38 notebooks2instance-ok kernel: [    1.354518] i8042: PNP: PS/2 Controller [PNP0303:KBD,PNP0f13:MOU] at 0x60,0x64 irq 1,12\r\nJun 25 04:35:38 notebooks2instance-ok kernel: [    1.356615] i8042: Warning: Keylock active\r\nJun 25 04:35:38 notebooks2instance-ok kernel: [    1.359618] serio: i8042 KBD port at 0x60,0x64 irq 1\r\nJun 25 04:35:38 notebooks2instance-ok kernel: [    1.361288] serio: i8042 AUX port at 0x60,0x64 irq 12\r\nJun 25 04:35:38 notebooks2instance-ok kernel: [    1.362792] rtc_cmos 00:00: RTC can wake from S4\r\nJun 25 04:35:38 notebooks2instance-ok kernel: [    1.365130] rtc_cmos 00:00: registered as rtc0\r\nJun 25 04:35:38 notebooks2instance-ok kernel: [    1.366631] rtc_cmos 00:00: setting system clock to 2024-06-25T04:35:35 UTC (1719290135)\r\nJun 25 04:35:38 notebooks2instance-ok kernel: [    1.368754] rtc_cmos 00:00: alarms up to one day, 114 bytes nvram\r\nJun 25 04:35:38 notebooks2instance-ok kernel: [    1.370603] intel_pstate: CPU model not supported\r\nJun 25 04:35:38 notebooks2instance-ok kernel: [    1.371920] NET: Registered protocol family 10\r\nJun 25 04:35:38 notebooks2instance-ok kernel: [    1.382572] Segment Routing with IPv6\r\nJun 25 04:35:38 notebooks2instance-ok kernel: [    1.383523] mip6: Mobile IPv6\r\nJun 25 04:35:38 notebooks2instance-ok kernel: [    1.384464] NET: Registered protocol family 17\r\nJun 25 04:35:38 notebooks2instance-ok kernel: [    1.385881] IPI shorthand broadcast: enabled\r\nJun 25 04:35:38 notebooks2instance-ok kernel: [    1.387291] sched_clock: Marking stable (1368142121, 17623184)-\u003e(1394057430, -8292125)\r\nJun 25 04:35:38 notebooks2instance-ok kernel: [    1.390023] registered taskstats version 1\r\nJun 25 04:35:38 notebooks2instance-ok kernel: [    1.391047] Loading compiled-in X.509 certificates\r\nJun 25 04:35:38 notebooks2instance-ok kernel: [    1.427394] Loaded X.509 cert 'Debian Secure Boot CA: 6ccece7e4c6c0d1f6149f3dd27dfcc5cbb419ea1'\r\nJun 25 04:35:38 notebooks2instance-ok kernel: [    1.430224] Loaded X.509 cert 'Debian Secure Boot Signer 2022 - linux: 14011249c2675ea8e5148542202005810584b25f'\r\nJun 25 04:35:38 notebooks2instance-ok kernel: [    1.432915] Key type .fscrypt registered\r\nJun 25 04:35:38 notebooks2instance-ok kernel: [    1.434240] Key type fscrypt-provisioning registered\r\nJun 25 04:35:38 notebooks2instance-ok kernel: [    1.436017] AppArmor: AppArmor sha1 policy hashing enabled\r\nJun 25 04:35:38 notebooks2instance-ok kernel: [    1.437465] clk: Disabling unused clocks\r\nJun 25 04:35:38 notebooks2instance-ok kernel: [    1.440843] Freeing unused decrypted memory: 2036K\r\nJun 25 04:35:38 notebooks2instance-ok kernel: [    1.443201] Freeing unused kernel image (initmem) memory: 2472K\r\nJun 25 04:35:38 notebooks2instance-ok kernel: [    1.461743] Write protecting the kernel read-only data: 22528k\r\nJun 25 04:35:38 notebooks2instance-ok kernel: [    1.464647] Freeing unused kernel image (text/rodata gap) memory: 2036K\r\nJun 25 04:35:38 notebooks2instance-ok kernel: [    1.466757] Freeing unused kernel image (rodata/data gap) memory: 1220K\r\nJun 25 04:35:38 notebooks2instance-ok kernel: [    1.470703] x86/mm: Checked W+X mappings: passed, no W+X pages found.\r\nJun 25 04:35:38 notebooks2instance-ok kernel: [    1.472647] x86/mm: Checking user space page tables\r\nJun 25 04:35:38 notebooks2instance-ok kernel: [    1.474286] x86/mm: Checked W+X mappings: passed, no W+X pages found.\r\nJun 25 04:35:38 notebooks2instance-ok kernel: [    1.475573] Run /init as init process\r\nJun 25 04:35:38 notebooks2instance-ok kernel: [    1.476647]   with arguments:\r\nJun 25 04:35:38 notebooks2instance-ok kernel: [    1.476648]     /init\r\nJun 25 04:35:38 notebooks2instance-ok kernel: [    1.476648]   with environment:\r\nJun 25 04:35:38 notebooks2instance-ok kernel: [    1.476649]     HOME=/\r\nJun 25 04:35:38 notebooks2instance-ok kernel: [    1.476650]     TERM=linux\r\nJun 25 04:35:38 notebooks2instance-ok kernel: [    1.476651]     BOOT_IMAGE=/boot/vmlinuz-5.10.0-30-cloud-amd64\r\nJun 25 04:35:38 notebooks2instance-ok kernel: [    1.476652]     intel_iommu=off\r\nJun 25 04:35:38 notebooks2instance-ok kernel: [    1.549835] PCI Interrupt Link [LNKC] enabled at IRQ 11\r\nJun 25 04:35:38 notebooks2instance-ok kernel: [    1.552227] virtio-pci 0000:00:03.0: virtio_pci: leaving for legacy driver\r\nJun 25 04:35:38 notebooks2instance-ok kernel: [    1.566062] input: AT Translated Set 2 keyboard as /devices/platform/i8042/serio0/input/input0\r\nJun 25 04:35:38 notebooks2instance-ok kernel: [    1.572626] PCI Interrupt Link [LNKD] enabled at IRQ 10\r\nJun 25 04:35:38 notebooks2instance-ok kernel: [    1.575326] virtio-pci 0000:00:04.0: virtio_pci: leaving for legacy driver\r\nJun 25 04:35:38 notebooks2instance-ok kernel: [    1.584901] PCI Interrupt Link [LNKA] enabled at IRQ 10\r\nJun 25 04:35:38 notebooks2instance-ok kernel: [    1.586664] virtio-pci 0000:00:05.0: virtio_pci: leaving for legacy driver\r\nJun 25 04:35:38 notebooks2instance-ok kernel: [    1.595486] PCI Interrupt Link [LNKB] enabled at IRQ 11\r\nJun 25 04:35:38 notebooks2instance-ok kernel: [    1.596786] virtio-pci 0000:00:06.0: virtio_pci: leaving for legacy driver\r\nJun 25 04:35:38 notebooks2instance-ok kernel: [    1.716914] SCSI subsystem initialized\r\nJun 25 04:35:38 notebooks2instance-ok kernel: [    1.719083] virtio_net virtio1 ens4: renamed from eth0\r\nJun 25 04:35:38 notebooks2instance-ok kernel: [    1.823979] scsi host0: Virtio SCSI HBA\r\nJun 25 04:35:38 notebooks2instance-ok kernel: [    1.842774] scsi 0:0:1:0: Direct-Access     Google   PersistentDisk   1    PQ: 0 ANSI: 6\r\nJun 25 04:35:38 notebooks2instan