{
  "kind": "compute#serialPortOutput",
  "contents": "\u001b[2J\u001b[01;01H\u001b[=3h\u001b[2J\u001b[01;01H\u001b[2J\u001b[01;01H\u001b[=3h\u001b[2J\u001b[01;01HCSM BBS Table full.\r\nBdsDxe: loading Boot0001 \"UEFI Google PersistentDisk \" from PciRoot(0x0)/Pci(0x3,0x0)/Scsi(0x1,0x0)\r\nBdsDxe: starting Boot0001 \"UEFI Google PersistentDisk \" from PciRoot(0x0)/Pci(0x3,0x0)/Scsi(0x1,0x0)\r\n\r\nUEFI: Attempting to start image.\r\nDescription: UEFI Google PersistentDisk \r\nFilePath: PciRoot(0x0)/Pci(0x3,0x0)/Scsi(0x1,0x0)\r\nOptionNumber: 1.\r\n\r\n\u001b[0m\u001b[30m\u001b[47mWelcome to GRUB!\n\r\n\r\u001b[0m\u001b[37m\u001b[40m\u001b[0m\u001b[30m\u001b[40m\u001b[2J\u001b[01;01H\u001b[0m\u001b[37m\u001b[40m\u001b[H\u001b[J\u001b[1;1H\u001b[H\u001b[J\u001b[1;1H\u001b[0m\u001b[30m\u001b[40m\u001b[2J\u001b[01;01H\u001b[0m\u001b[37m\u001b[40m    Booting `Debian GNU/Linux'Booting `Debian GNU/Linux'\n\r\n\r\n\r\n\rLoading Linux 5.10.0-26-cloud-amd64 ...Loading Linux 5.10.0-26-cloud-amd64 ...\n\r\n\rLoading initial ramdisk ...Loading initial ramdisk ...\n\r\n\rerror: no suitable video mode found.\n\rerror: no suitable video mode found.\n\rBooting in blind modeBooting in blind mode\n\r\n\r[    0.000000] Linux version 5.10.0-26-cloud-amd64 (debian-kernel@lists.debian.org) (gcc-10 (Debian 10.2.1-6) 10.2.1 20210110, GNU ld (GNU Binutils for Debian) 2.35.2) #1 SMP Debian 5.10.197-1 (2023-09-29)\r\n[    0.000000] Command line: BOOT_IMAGE=/boot/vmlinuz-5.10.0-26-cloud-amd64 root=UUID=b57ca3a2-4659-424b-8f01-043d0e2289c6 ro console=tty0 console=ttyS0,115200 earlyprintk=ttyS0,115200 consoleblank=0 intel_iommu=off\r\n[    0.000000] BIOS-provided physical RAM map:\r\n[    0.000000] BIOS-e820: [mem 0x0000000000000000-0x0000000000000fff] reserved\r\n[    0.000000] BIOS-e820: [mem 0x0000000000001000-0x0000000000054fff] usable\r\n[    0.000000] BIOS-e820: [mem 0x0000000000055000-0x000000000005ffff] reserved\r\n[    0.000000] BIOS-e820: [mem 0x0000000000060000-0x0000000000097fff] usable\r\n[    0.000000] BIOS-e820: [mem 0x0000000000098000-0x000000000009ffff] reserved\r\n[    0.000000] BIOS-e820: [mem 0x0000000000100000-0x0000000025eecfff] usable\r\n[    0.000000] BIOS-e820: [mem 0x0000000025eed000-0x0000000025fecfff] reserved\r\n[    0.000000] BIOS-e820: [mem 0x0000000025fed000-0x00000000260ecfff] type 20\r\n[    0.000000] BIOS-e820: [mem 0x00000000260ed000-0x000000002616cfff] reserved\r\n[    0.000000] BIOS-e820: [mem 0x000000002616d000-0x000000002617efff] ACPI data\r\n[    0.000000] BIOS-e820: [mem 0x000000002617f000-0x00000000261fefff] ACPI NVS\r\n[    0.000000] BIOS-e820: [mem 0x00000000261ff000-0x00000000265dffff] usable\r\n[    0.000000] BIOS-e820: [mem 0x00000000265e0000-0x00000000265fffff] reserved\r\n[    0.000000] printk: bootconsole [earlyser0] enabled\r\n[    0.000000] NX (Execute Disable) protection: active\r\n[    0.000000] efi: EFI v2.70 by EDK II\r\n[    0.000000] efi: TPMFinalLog=0x261f7000 ACPI=0x2617e000 ACPI 2.0=0x2617e014 SMBIOS=0x25fca000 MEMATTR=0x249a0018 \r\n[    0.000000] secureboot: Secure boot disabled\r\n[    0.000000] SMBIOS 2.4 present.\r\n[    0.000000] DMI: Google Google Compute Engine/Google Compute Engine, BIOS Google 10/09/2023\r\n[    0.000000] Hypervisor detected: KVM\r\n[    0.000000] kvm-clock: Using msrs 4b564d01 and 4b564d00\r\n[    0.000000] kvm-clock: cpu 0, msr 10e01001, primary cpu clock\r\n[    0.000000] kvm-clock: using sched offset of 6434408710 cycles\r\n[    0.000733] clocksource: kvm-clock: mask: 0xffffffffffffffff max_cycles: 0x1cd42e4dffb, max_idle_ns: 881590591483 ns\r\n[    0.002822] tsc: Detected 2200.168 MHz processor\r\n[    0.003497] last_pfn = 0x265e0 max_arch_pfn = 0x400000000\r\n[    0.004282] x86/PAT: Configuration [0-7]: WB  WC  UC- UC  WB  WP  UC- WT  \r\nMemory KASLR using RDRAND RDTSC...\r\n[    0.005625] Using GB pages for direct mapping\r\n[    0.006725] RAMDISK: [mem 0x23280000-0x24000fff]\r\n[    0.007325] ACPI: Early table checksum verification disabled\r\n[    0.008049] ACPI: RSDP 0x000000002617E014 000024 (v02 Google)\r\n[    0.008780] ACPI: XSDT 0x000000002617D0E8 00005C (v01 Google GOOGFACP 00000001      01000013)\r\n[    0.009872] ACPI: FACP 0x0000000026178000 0000F4 (v02 Google GOOGFACP 00000001 GOOG 00000001)\r\n[    0.010959] ACPI: DSDT 0x0000000026179000 001A64 (v01 Google GOOGDSDT 00000001 GOOG 00000001)\r\n[    0.012047] ACPI: FACS 0x00000000261F2000 000040\r\n[    0.012635] ACPI: SSDT 0x000000002617C000 000316 (v02 GOOGLE Tpm2Tabl 00001000 INTL 20211217)\r\n[    0.013723] ACPI: TPM2 0x000000002617B000 000034 (v04 GOOGLE          00000001 GOOG 00000001)\r\n[    0.014815] ACPI: SRAT 0x0000000026177000 0000B8 (v03 Google GOOGSRAT 00000001 GOOG 00000001)\r\n[    0.015900] ACPI: APIC 0x0000000026176000 00006E (v05 Google GOOGAPIC 00000001 GOOG 00000001)\r\n[    0.016990] ACPI: SSDT 0x0000000026175000 00091F (v01 Google GOOGSSDT 00000001 GOOG 00000001)\r\n[    0.018102] ACPI: WAET 0x0000000026174000 000028 (v01 Google GOOGWAET 00000001 GOOG 00000001)\r\n[    0.019205] ACPI: Reserving FACP table memory at [mem 0x26178000-0x261780f3]\r\n[    0.020104] ACPI: Reserving DSDT table memory at [mem 0x26179000-0x2617aa63]\r\n[    0.021003] ACPI: Reserving FACS table memory at [mem 0x261f2000-0x261f203f]\r\n[    0.021903] ACPI: Reserving SSDT table memory at [mem 0x2617c000-0x2617c315]\r\n[    0.022802] ACPI: Reserving TPM2 table memory at [mem 0x2617b000-0x2617b033]\r\n[    0.023713] ACPI: Reserving SRAT table memory at [mem 0x26177000-0x261770b7]\r\n[    0.024638] ACPI: Reserving APIC table memory at [mem 0x26176000-0x2617606d]\r\n[    0.025550] ACPI: Reserving SSDT table memory at [mem 0x26175000-0x2617591e]\r\n[    0.026840] ACPI: Reserving WAET table memory at [mem 0x26174000-0x26174027]\r\n[    0.027799] SRAT: PXM 0 -\u003e APIC 0x00 -\u003e Node 0\r\n[    0.028471] ACPI: SRAT: Node 0 PXM 0 [mem 0x00000000-0x0009ffff]\r\n[    0.029253] ACPI: SRAT: Node 0 PXM 0 [mem 0x00100000-0x265fffff]\r\n[    0.030021] NUMA: Node 0 [mem 0x00000000-0x0009ffff] + [mem 0x00100000-0x265dffff] -\u003e [mem 0x00000000-0x265dffff]\r\n[    0.031340] NODE_DATA(0) allocated [mem 0x26498000-0x264c1fff]\r\n[    0.032484] Zone ranges:\r\n[    0.032815]   DMA      [mem 0x0000000000001000-0x0000000000ffffff]\r\n[    0.033606]   DMA32    [mem 0x0000000001000000-0x00000000265dffff]\r\n[    0.034395]   Normal   empty\r\n[    0.034760]   Device   empty\r\n[    0.035142] Movable zone start for each node\r\n[    0.035688] Early memory node ranges\r\n[    0.036144]   node   0: [mem 0x0000000000001000-0x0000000000054fff]\r\n[    0.036943]   node   0: [mem 0x0000000000060000-0x0000000000097fff]\r\n[    0.037741]   node   0: [mem 0x0000000000100000-0x0000000025eecfff]\r\n[    0.038541]   node   0: [mem 0x00000000261ff000-0x00000000265dffff]\r\n[    0.039343] Initmem setup node 0 [mem 0x0000000000001000-0x00000000265dffff]\r\n[    0.040794] On node 0, zone DMA: 1 pages in unavailable ranges\r\n[    0.040796] On node 0, zone DMA: 11 pages in unavailable ranges\r\n[    0.041589] On node 0, zone DMA: 104 pages in unavailable ranges\r\n[    0.043899] On node 0, zone DMA32: 786 pages in unavailable ranges\r\n[    0.044777] On node 0, zone DMA32: 6688 pages in unavailable ranges\r\n[    0.045978] ACPI: PM-Timer IO Port: 0xb008\r\n[    0.047388] ACPI: LAPIC_NMI (acpi_id[0xff] dfl dfl lint[0x1])\r\n[    0.048239] IOAPIC[0]: apic_id 0, version 17, address 0xfec00000, GSI 0-23\r\n[    0.049185] ACPI: INT_SRC_OVR (bus 0 bus_irq 5 global_irq 5 high level)\r\n[    0.050027] ACPI: INT_SRC_OVR (bus 0 bus_irq 9 global_irq 9 high level)\r\n[    0.050900] ACPI: INT_SRC_OVR (bus 0 bus_irq 10 global_irq 10 high level)\r\n[    0.051855] ACPI: INT_SRC_OVR (bus 0 bus_irq 11 global_irq 11 high level)\r\n[    0.052751] Using ACPI (MADT) for SMP configuration information\r\n[    0.053564] smpboot: Allowing 1 CPUs, 0 hotplug CPUs\r\n[    0.054250] PM: hibernation: Registered nosave memory: [mem 0x00000000-0x00000fff]\r\n[    0.055245] PM: hibernation: Registered nosave memory: [mem 0x00055000-0x0005ffff]\r\n[    0.056393] PM: hibernation: Registered nosave memory: [mem 0x00098000-0x0009ffff]\r\n[    0.057355] PM: hibernation: Registered nosave memory: [mem 0x000a0000-0x000fffff]\r\n[    0.058324] PM: hibernation: Registered nosave memory: [mem 0x25eed000-0x25fecfff]\r\n[    0.059290] PM: hibernation: Registered nosave memory: [mem 0x25fed000-0x260ecfff]\r\n[    0.060254] PM: hibernation: Registered nosave memory: [mem 0x260ed000-0x2616cfff]\r\n[    0.061222] PM: hibernation: Registered nosave memory: [mem 0x2616d000-0x2617efff]\r\n[    0.062187] PM: hibernation: Registered nosave memory: [mem 0x2617f000-0x261fefff]\r\n[    0.063267] [mem 0x26600000-0xffffffff] available for PCI devices\r\n[    0.064044] Booting paravirtualized kernel on KVM\r\n[    0.064643] clocksource: refined-jiffies: mask: 0xffffffff max_cycles: 0xffffffff, max_idle_ns: 7645519600211568 ns\r\n[    0.070357] setup_percpu: NR_CPUS:8192 nr_cpumask_bits:1 nr_cpu_ids:1 nr_node_ids:1\r\n[    0.071700] percpu: Embedded 63 pages/cpu s221184 r8192 d28672 u2097152\r\n[    0.072622] kvm-guest: PV spinlocks disabled, single CPU\r\n[    0.073315] Built 1 zonelists, mobility grouping on.  Total pages: 150673\r\n[    0.074199] Policy zone: DMA32\r\n[    0.074593] Kernel command line: BOOT_IMAGE=/boot/vmlinuz-5.10.0-26-cloud-amd64 root=UUID=b57ca3a2-4659-424b-8f01-043d0e2289c6 ro console=tty0 console=ttyS0,115200 earlyprintk=ttyS0,115200 consoleblank=0 intel_iommu=off\r\n[    0.077545] DMAR: IOMMU disabled\r\n[    0.078188] Dentry cache hash table entries: 131072 (order: 8, 1048576 bytes, linear)\r\n[    0.079340] Inode-cache hash table entries: 65536 (order: 7, 524288 bytes, linear)\r\n[    0.080374] mem auto-init: stack:off, heap alloc:on, heap free:off\r\n[    0.083789] Memory: 225384K/625000K available (12296K kernel code, 2552K rwdata, 6956K rodata, 2468K init, 3724K bss, 103648K reserved, 0K cma-reserved)\r\n[    0.085990] SLUB: HWalign=64, Order=0-3, MinObjects=0, CPUs=1, Nodes=1\r\n[    0.086842] Kernel/User page tables isolation: enabled\r\nPoking KASLR using RDRAND RDTSC...\r\n[    0.087963] ftrace: allocating 33918 entries in 133 pages\r\n[    0.108693] ftrace: allocated 133 pages with 3 groups\r\n[    0.109913] rcu: Hierarchical RCU implementation.\r\n[    0.110523] rcu: \tRCU restricting CPUs from NR_CPUS=8192 to nr_cpu_ids=1.\r\n[    0.111390] \tRude variant of Tasks RCU enabled.\r\n[    0.111967] \tTracing variant of Tasks RCU enabled.\r\n[    0.112579] rcu: RCU calculated value of scheduler-enlistment delay is 25 jiffies.\r\n[    0.113546] rcu: Adjusting geometry for rcu_fanout_leaf=16, nr_cpu_ids=1\r\n[    0.118809] NR_IRQS: 524544, nr_irqs: 256, preallocated irqs: 16\r\n[    0.119828] random: crng init done\r\n[    0.120288] Console: colour dummy device 80x25\r\n[    0.121050] printk: console [tty0] enabled\r\n[    0.121615] printk: console [ttyS0] enabled\r\n[    0.121615] printk: console [ttyS0] enabled\r\n[    0.122760] printk: bootconsole [earlyser0] disabled\r\n[    0.122760] printk: bootconsole [earlyser0] disabled\r\n[    0.124146] ACPI: Core revision 20200925\r\n[    0.124754] APIC: Switch to symmetric I/O mode setup\r\n[    0.126059] x2apic enabled\r\n[    0.128838] Switched APIC routing to physical x2apic.\r\n[    0.133786] ..TIMER: vector=0x30 apic1=0 pin1=0 apic2=-1 pin2=-1\r\n[    0.134838] clocksource: tsc-early: mask: 0xffffffffffffffff max_cycles: 0x1fb6d19e116, max_idle_ns: 440795289897 ns\r\n[    0.136253] Calibrating delay loop (skipped) preset value.. 4400.33 BogoMIPS (lpj=8800672)\r\n[    0.140369] Last level iTLB entries: 4KB 64, 2MB 8, 4MB 8\r\n[    0.141100] Last level dTLB entries: 4KB 64, 2MB 0, 4MB 0, 1GB 4\r\n[    0.141913] Spectre V1 : Mitigation: usercopy/swapgs barriers and __user pointer sanitization\r\n[    0.143048] Spectre V2 : Mitigation: IBRS\r\n[    0.143599] Spectre V2 : Spectre v2 / SpectreRSB mitigation: Filling RSB on context switch\r\n[    0.144251] Spectre V2 : Spectre v2 / SpectreRSB : Filling RSB on VMEXIT\r\n[    0.145146] RETBleed: Mitigation: IBRS\r\n[    0.145665] Spectre V2 : mitigation: Enabling conditional Indirect Branch Prediction Barrier\r\n[    0.146784] Speculative Store Bypass: Mitigation: Speculative Store Bypass disabled via prctl and seccomp\r\n[    0.148258] MDS: Mitigation: Clear CPU buffers\r\n[    0.148865] TAA: Mitigation: Clear CPU buffers\r\n[    0.149496] MMIO Stale Data: Vulnerable: Clear CPU buffers attempted, no microcode\r\n[    0.150554] x86/fpu: Supporting XSAVE feature 0x001: 'x87 floating point registers'\r\n[    0.152251] x86/fpu: Supporting XSAVE feature 0x002: 'SSE registers'\r\n[    0.153104] x86/fpu: Supporting XSAVE feature 0x004: 'AVX registers'\r\n[    0.153956] x86/fpu: xstate_offset[2]:  576, xstate_sizes[2]:  256\r\n[    0.154790] x86/fpu: Enabled xstate features 0x7, context size is 832 bytes, using 'standard' format.\r\n[    0.173828] Freeing SMP alternatives memory: 32K\r\n[    0.176172] pid_max: default: 32768 minimum: 301\r\n[    0.187390] LSM: Security Framework initializing\r\n[    0.188054] Yama: disabled by default; enable with sysctl kernel.yama.*\r\n[    0.188279] AppArmor: AppArmor initialized\r\n[    0.188855] TOMOYO Linux initialized\r\n[    0.189385] Mount-cache hash table entries: 2048 (order: 2, 16384 bytes, linear)\r\n[    0.190385] Mountpoint-cache hash table entries: 2048 (order: 2, 16384 bytes, linear)\r\n[    0.300567] smpboot: CPU0: Intel(R) Xeon(R) CPU @ 2.20GHz (family: 0x6, model: 0x4f, stepping: 0x0)\r\n[    0.302408] Performance Events: unsupported p6 CPU model 79 no PMU driver, software events only.\r\n[    0.303628] rcu: Hierarchical SRCU implementation.\r\n[    0.304320] NMI watchdog: Perf NMI watchdog permanently disabled\r\n[    0.305179] smp: Bringing up secondary CPUs ...\r\n[    0.305798] smp: Brought up 1 node, 1 CPU\r\n[    0.306349] smpboot: Max logical packages: 1\r\n[    0.306933] smpboot: Total of 1 processors activated (4400.33 BogoMIPS)\r\n[    0.309522] node 0 deferred pages initialised in 4ms\r\n[    0.310416] devtmpfs: initialized\r\n[    0.310918] x86/mm: Memory block size: 128MB\r\n[    0.311678] PM: Registering ACPI NVS region [mem 0x2617f000-0x261fefff] (524288 bytes)\r\n[    0.312298] clocksource: jiffies: mask: 0xffffffff max_cycles: 0xffffffff, max_idle_ns: 7645041785100000 ns\r\n[    0.313589] futex hash table entries: 256 (order: 2, 16384 bytes, linear)\r\n[    0.314654] NET: Registered protocol family 16\r\n[    0.315359] DMA: preallocated 128 KiB GFP_KERNEL pool for atomic allocations\r\n[    0.316353] DMA: preallocated 128 KiB GFP_KERNEL|GFP_DMA pool for atomic allocations\r\n[    0.317418] DMA: preallocated 128 KiB GFP_KERNEL|GFP_DMA32 pool for atomic allocations\r\n[    0.318477] audit: initializing netlink subsys (disabled)\r\n[    0.319286] thermal_sys: Registered thermal governor 'fair_share'\r\n[    0.319287] thermal_sys: Registered thermal governor 'bang_bang'\r\n[    0.320255] thermal_sys: Registered thermal governor 'step_wise'\r\n[    0.321062] thermal_sys: Registered thermal governor 'user_space'\r\n[    0.321869] thermal_sys: Registered thermal governor 'power_allocator'\r\n[    0.322690] cpuidle: using governor ladder\r\n[    0.324256] audit: type=2000 audit(1699223331.687:1): state=initialized audit_enabled=0 res=1\r\n[    0.325388] cpuidle: using governor menu\r\n[    0.325968] ACPI: bus type PCI registered\r\n[    0.326523] acpiphp: ACPI Hot Plug PCI Controller Driver version: 0.5\r\n[    0.327496] PCI: Using configuration type 1 for base access\r\n[    0.328890] Kprobes globally optimized\r\n[    0.329526] HugeTLB registered 1.00 GiB page size, pre-allocated 0 pages\r\n[    0.330442] HugeTLB registered 2.00 MiB page size, pre-allocated 0 pages\r\n[    0.458673] ACPI: Added _OSI(Module Device)\r\n[    0.459323] ACPI: Added _OSI(Processor Device)\r\n[    0.459929] ACPI: Added _OSI(3.0 _SCP Extensions)\r\n[    0.460253] ACPI: Added _OSI(Processor Aggregator Device)\r\n[    0.460985] ACPI: Added _OSI(Linux-Dell-Video)\r\n[    0.461591] ACPI: Added _OSI(Linux-Lenovo-NV-HDMI-Audio)\r\n[    0.462307] ACPI: Added _OSI(Linux-HPI-Hybrid-Graphics)\r\n[    0.463921] ACPI: 3 ACPI AML tables successfully acquired and loaded\r\n[    0.465184] ACPI: Interpreter enabled\r\n[    0.465710] ACPI: (supports S0 S3 S4 S5)\r\n[    0.466250] ACPI: Using IOAPIC for interrupt routing\r\n[    0.466996] PCI: Using host bridge windows from ACPI; if necessary, use \"pci=nocrs\" and report a bug\r\n[    0.468442] ACPI: Enabled 16 GPEs in block 00 to 0F\r\n[    0.470918] ACPI: PCI Root Bridge [PCI0] (domain 0000 [bus 00-ff])\r\n[    0.472265] acpi PNP0A03:00: _OSC: OS supports [ASPM ClockPM Segments MSI HPX-Type3]\r\n[    0.473301] acpi PNP0A03:00: fail to add MMCONFIG information, can't access extended PCI configuration space under this bridge.\r\n[    0.475452] PCI host bridge to bus 0000:00\r\n[    0.476256] pci_bus 0000:00: root bus resource [io  0x0000-0x0cf7 window]\r\n[    0.477302] pci_bus 0000:00: root bus resource [io  0x0d00-0xffff window]\r\n[    0.478270] pci_bus 0000:00: root bus resource [mem 0x000a0000-0x000bffff window]\r\n[    0.479302] pci_bus 0000:00: root bus resource [mem 0x80000000-0xfebfefff window]\r\n[    0.480253] pci_bus 0000:00: root bus resource [bus 00-ff]\r\n[    0.481061] pci 0000:00:00.0: [8086:1237] type 00 class 0x060000\r\n[    0.484630] pci 0000:00:01.0: [8086:7110] type 00 class 0x060100\r\n[    0.500255] pci 0000:00:01.3: [8086:7113] type 00 class 0x068000\r\n[    0.515679] pci 0000:00:01.3: quirk: [io  0xb000-0xb03f] claimed by PIIX4 ACPI\r\n[    0.517527] pci 0000:00:03.0: [1af4:1004] type 00 class 0x000000\r\n[    0.524255] pci 0000:00:03.0: reg 0x10: [io  0xc040-0xc07f]\r\n[    0.529478] pci 0000:00:03.0: reg 0x14: [mem 0x80000000-0x8000007f]\r\n[    0.543598] pci 0000:00:04.0: [1af4:1000] type 00 class 0x020000\r\n[    0.550078] pci 0000:00:04.0: reg 0x10: [io  0xc000-0xc03f]\r\n[    0.554067] pci 0000:00:04.0: reg 0x14: [mem 0x80002000-0x8000203f]\r\n[    0.566207] pci 0000:00:05.0: [1af4:1005] type 00 class 0x00ff00\r\n[    0.572254] pci 0000:00:05.0: reg 0x10: [io  0xc080-0xc09f]\r\n[    0.576254] pci 0000:00:05.0: reg 0x14: [mem 0x80001000-0x8000103f]\r\n[    0.588961] ACPI: PCI Interrupt Link [LNKA] (IRQs 5 *10 11)\r\n[    0.590907] ACPI: PCI Interrupt Link [LNKB] (IRQs 5 *10 11)\r\n[    0.592324] ACPI: PCI Interrupt Link [LNKC] (IRQs 5 10 *11)\r\n[    0.594108] ACPI: PCI Interrupt Link [LNKD] (IRQs 5 10 *11)\r\n[    0.596276] ACPI: PCI Interrupt Link [LNKS] (IRQs *9)\r\n[    0.597246] iommu: Default domain type: Translated \r\n[    0.597947] vgaarb: loaded\r\n[    0.600317] Registered efivars operations\r\n[    0.601031] NetLabel: Initializing\r\n[    0.601505] NetLabel:  domain hash size = 128\r\n[    0.602102] NetLabel:  protocols = UNLABELED CIPSOv4 CALIPSO\r\n[    0.602883] NetLabel:  unlabeled traffic allowed by default\r\n[    0.603635] PCI: Using ACPI for IRQ routing\r\n[    0.604382] clocksource: Switched to clocksource kvm-clock\r\n[    0.616341] VFS: Disk quotas dquot_6.6.0\r\n[    0.616929] VFS: Dquot-cache hash table entries: 512 (order 0, 4096 bytes)\r\n[    0.617945] AppArmor: AppArmor Filesystem Enabled\r\n[    0.618602] pnp: PnP ACPI init\r\n[    0.619436] pnp: PnP ACPI: found 7 devices\r\n[    0.625356] clocksource: acpi_pm: mask: 0xffffff max_cycles: 0xffffff, max_idle_ns: 2085701024 ns\r\n[    0.626608] NET: Registered protocol family 2\r\n[    0.627275] IP idents hash table entries: 16384 (order: 5, 131072 bytes, linear)\r\n[    0.629507] tcp_listen_portaddr_hash hash table entries: 512 (order: 1, 8192 bytes, linear)\r\n[    0.630680] TCP established hash table entries: 8192 (order: 4, 65536 bytes, linear)\r\n[    0.631744] TCP bind hash table entries: 8192 (order: 5, 131072 bytes, linear)\r\n[    0.632831] TCP: Hash tables configured (established 8192 bind 8192)\r\n[    0.633777] UDP hash table entries: 512 (order: 2, 16384 bytes, linear)\r\n[    0.634701] UDP-Lite hash table entries: 512 (order: 2, 16384 bytes, linear)\r\n[    0.635891] NET: Registered protocol family 1\r\n[    0.636525] NET: Registered protocol family 44\r\n[    0.637141] pci_bus 0000:00: resource 4 [io  0x0000-0x0cf7 window]\r\n[    0.638132] pci_bus 0000:00: resource 5 [io  0x0d00-0xffff window]\r\n[    0.638960] pci_bus 0000:00: resource 6 [mem 0x000a0000-0x000bffff window]\r\n[    0.639884] pci_bus 0000:00: resource 7 [mem 0x80000000-0xfebfefff window]\r\n[    0.640840] pci 0000:00:00.0: Limiting direct PCI/PCI transfers\r\n[    0.641695] PCI: CLS 0 bytes, default 64\r\n[    0.642280] Trying to unpack rootfs image as initramfs...\r\n[    0.854631] Freeing initrd memory: 13828K\r\n[    0.855275] clocksource: tsc: mask: 0xffffffffffffffff max_cycles: 0x1fb6d19e116, max_idle_ns: 440795289897 ns\r\n[    0.856617] clocksource: Switched to clocksource tsc\r\n[    0.857505] Initialise system trusted keyrings\r\n[    0.858122] Key type blacklist registered\r\n[    0.858716] workingset: timestamp_bits=36 max_order=18 bucket_order=0\r\n[    0.860480] zbud: loaded\r\n[    0.861106] Key type asymmetric registered\r\n[    0.861672] Asymmetric key parser 'x509' registered\r\n[    0.862341] Block layer SCSI generic (bsg) driver version 0.4 loaded (major 252)\r\n[    0.863358] io scheduler mq-deadline registered\r\n[    0.864546] Serial: 8250/16550 driver, 4 ports, IRQ sharing enabled\r\n[    0.865514] 00:03: ttyS0 at I/O 0x3f8 (irq = 4, base_baud = 115200) is a 16550A\r\n[    0.866698] 00:04: ttyS1 at I/O 0x2f8 (irq = 3, base_baud = 115200) is a 16550A\r\n[    0.867898] 00:05: ttyS2 at I/O 0x3e8 (irq = 6, base_baud = 115200) is a 16550A\r\n[    0.869052] 00:06: ttyS3 at I/O 0x2e8 (irq = 7, base_baud = 115200) is a 16550A\r\n[    0.870321] i8042: PNP: PS/2 Controller [PNP0303:KBD,PNP0f13:MOU] at 0x60,0x64 irq 1,12\r\n[    0.871486] i8042: Warning: Keylock active\r\n[    0.873626] serio: i8042 KBD port at 0x60,0x64 irq 1\r\n[    0.874338] serio: i8042 AUX port at 0x60,0x64 irq 12\r\n[    0.875138] rtc_cmos 00:00: RTC can wake from S4\r\n[    0.876528] rtc_cmos 00:00: registered as rtc0\r\n[    0.877245] rtc_cmos 00:00: setting system clock to 2023-11-05T22:28:52 UTC (1699223332)\r\n[    0.878367] rtc_cmos 00:00: alarms up to one day, 114 bytes nvram\r\n[    0.879193] intel_pstate: CPU model not supported\r\n[    0.880016] NET: Registered protocol family 10\r\n[    0.887815] Segment Routing with IPv6\r\n[    0.888359] mip6: Mobile IPv6\r\n[    0.888789] NET: Registered protocol family 17\r\n[    0.889495] IPI shorthand broadcast: enabled\r\n[    0.890133] sched_clock: Marking stable (876351390, 12430222)-\u003e(885969512, 2812100)\r\n[    0.891249] registered taskstats version 1\r\n[    0.891816] Loading compiled-in X.509 certificates\r\n[    0.924373] Loaded X.509 cert 'Debian Secure Boot CA: 6ccece7e4c6c0d1f6149f3dd27dfcc5cbb419ea1'\r\n[    0.925820] Loaded X.509 cert 'Debian Secure Boot Signer 2022 - linux: 14011249c2675ea8e5148542202005810584b25f'\r\n[    0.927257] Key type .fscrypt registered\r\n[    0.927799] Key type fscrypt-provisioning registered\r\n[    0.928580] AppArmor: AppArmor sha1 policy hashing enabled\r\n[    0.930889] Freeing unused decrypted memory: 2036K\r\n[    0.932152] Freeing unused kernel image (initmem) memory: 2468K\r\n[    0.940473] Write protecting the kernel read-only data: 22528k\r\n[    0.941995] Freeing unused kernel image (text/rodata gap) memory: 2036K\r\n[    0.943191] Freeing unused kernel image (rodata/data gap) memory: 1236K\r\n[    0.944602] x86/mm: Checked W+X mappings: passed, no W+X pages found.\r\n[    0.945468] x86/mm: Checking user space page tables\r\n[    0.946177] x86/mm: Checked W+X mappings: passed, no W+X pages found.\r\n[    0.947062] Run /init as init process\r\nLoading, please wait...\r\nStarting version 247.3-7+deb11u4\r\n[    1.011188] PCI Interrupt Link [LNKC] enabled at IRQ 11\r\n[    1.012001] virtio-pci 0000:00:03.0: virtio_pci: leaving for legacy driver\r\n[    1.039314] PCI Interrupt Link [LNKD] enabled at IRQ 10\r\n[    1.040109] virtio-pci 0000:00:04.0: virtio_pci: leaving for legacy driver\r\n[    1.044985] PCI Interrupt Link [LNKA] enabled at IRQ 10\r\n[    1.045816] virtio-pci 0000:00:05.0: virtio_pci: leaving for legacy driver\r\n[    1.066800] SCSI subsystem initialized\r\n[    1.076963] input: AT Translated Set 2 keyboard as /devices/platform/i8042/serio0/input/input0\r\n[    1.098587] virtio_net virtio1 ens4: renamed from eth0\r\n[    1.106780] scsi host0: Virtio SCSI HBA\r\n[    1.112690] scsi 0:0:1:0: Direct-Access     Google   PersistentDisk   1    PQ: 0 ANSI: 6\r\n[    1.131786] sd 0:0:1:0: [sda] 20971520 512-byte logical blocks: (10.7 GB/10.0 GiB)\r\n[    1.132862] sd 0:0:1:0: [sda] 4096-byte physical blocks\r\n[    1.133855] sd 0:0:1:0: [sda] Write Protect is off\r\n[    1.134561] sd 0:0:1:0: [sda] Write cache: enabled, read cache: enabled, doesn't support DPO or FUA\r\n[    1.138736]  sda: sda1 sda14 sda15\r\n[    1.144772] sd 0:0:1:0: [sda] Attached SCSI disk\r\nBegin: Loading essential drivers ... done.\r\nBegin: Running /scripts/init-premount ... done.\r\nBegin: Mounting root file system ... Begin: Running /scripts/local-top ... done.\r\nBegin: Runnin[    1.168958] gce-disk-expand: Resizing partition on \r\ng /scripts/local-premount ...
[    1.192554]  sda: sda1 sda14 sda15\r\n[    1.204280] gce-disk-expand: Disk /dev/sda1 doesn't need resizing.\r\ndone.\r\nBegin: Will now check root file system ... fsck from util-linux 2.36.1\r\n[/sbin/fsck.ext4 (1) -- /dev/sda1] fsck.ext4 -a -C0 /dev/sda1 \r\n/dev/sda1: clean, 80675/647168 files, 555143/2588667 blocks\r\ndone.\r\n[    1.257332] EXT4-fs (sda1): mounted filesystem with ordered data mode. Opts: (null)\r\ndone.\r\nBegin: Running /scripts/local-bottom ... done.\r\nBegin: Running /scripts/init-bottom ... done.\r\n[    1.280194] Not activating Mandatory Access Control as /sbin/tomoyo-init does not exist.\r\n[    1.372983] systemd[1]: Inserted module 'autofs4'\r\n[    1.427407] systemd[1]: systemd 247.3-7+deb11u4 running in system mode. (+PAM +AUDIT +SELINUX +IMA +APPARMOR +SMACK +SYSVINIT +UTMP +LIBCRYPTSETUP +GCRYPT +GNUTLS +ACL +XZ +LZ4 +ZSTD +SECCOMP +BLKID +ELFUTILS +KMOD +IDN2 -IDN +PCRE2 default-hierarchy=unified)\r\n[    1.430633] systemd[1]: Detected virtualization kvm.\r\n[    1.431326] systemd[1]: Detected architecture x86-64.\r\n\r\nWelcome to \u001b[1mDebian GNU/Linux 11 (bullseye)\u001b[0m!\r\n\r\n[    1.444841] systemd[1]: Set hostname to \u003cdebian\u003e.\r\n[    1.446746] systemd[1]: Initializing machine ID from KVM UUID.\r\n[    1.447605] systemd[1]: Installed transient /etc/machine-id file.\r\n[    1.921332] systemd[1]: Queued start job for default target Graphical Interface.\r\n[    1.923160] systemd[1]: Created slice system-getty.slice.\r\n[\u001b[0;32m  OK  \u001b[0m] Created slice \u001b[0;1;39msystem-getty.slice\u001b[0m.\r\n[    1.936784] systemd[1]: Created slice system-modprobe.slice.\r\n[\u001b[0;32m  OK  \u001b[0m] Created slice \u001b[0;1;39msystem-modprobe.slice\u001b[0m.\r\n[    1.948799] systemd[1]: Created slice system-serial\\x2dgetty.slice.\r\n[\u001b[0;32m  OK  \u001b[0m] Created slice \u001b[0;1;39msystem-serial\\x2dgetty.slice\u001b[0m.\r\n[    1.960727] systemd[1]: Created slice system-systemd\\x2dgrowfs.slice.\r\n[\u001b[0;32m  OK  \u001b[0m] Created slice \u001b[0;1;39msystem-systemd\\x2dgrowfs.slice\u001b[0m.\r\n[    1.972673] systemd[1]: Created slice User and Session Slice.\r\n[\u001b[0;32m  OK  \u001b[0m] Created slice \u001b[0;1;39mUser and Session Slice\u001b[0m.\r\n[    1.984549] systemd[1]: Started Dispatch Password Requests to Console Directory Watch.\r\n[\u001b[0;32m  OK  \u001b[0m] Started \u001b[0;1;39mDispatch Password …ts to Console Directory Watch\u001b[0m.\r\n[    1.996572] systemd[1]: Started Forward Password Requests to Wall Directory Watch.\r\n[\u001b[0;32m  OK  \u001b[0m] Started \u001b[0;1;39mForward Password R…uests to Wall Directory Watch\u001b[0m.\r\n[    2.008776] systemd[1]: Set up automount Arbitrary Executable File Formats File System Automount Point.\r\n[\u001b[0;32m  OK  \u001b[0m] Set up automount \u001b[0;1;39mArbitrary…s File System Automount Point\u001b[0m.\r\n[    2.020541] systemd[1]: Reached target Local Encrypted Volumes.\r\n[\u001b[0;32m  OK  \u001b[0m] Reached target \u001b[0;1;39mLocal Encrypted Volumes\u001b[0m.\r\n[    2.032537] systemd[1]: Reached target Paths.\r\n[\u001b[0;32m  OK  \u001b[0m] Reached target \u001b[0;1;39mPaths\u001b[0m.\r\n[    2.044528] systemd[1]: Reached target Remote File Systems.\r\n[\u001b[0;32m  OK  \u001b[0m] Reached target \u001b[0;1;39mRemote File Systems\u001b[0m.\r\n[    2.056526] systemd[1]: Reached target Slices.\r\n[\u001b[0;32m  OK  \u001b[0m] Reached target \u001b[0;1;39mSlices\u001b[0m.\r\n[    2.068510] systemd[1]: Reached target Swap.\r\n[\u001b[0;32m  OK  \u001b[0m] Reached target \u001b[0;1;39mSwap\u001b[0m.\r\n[    2.080518] systemd[1]: Reached target System Time Set.\r\n[\u001b[0;32m  OK  \u001b[0m] Reached target \u001b[0;1;39mSystem Time Set\u001b[0m.\r\n[    2.092669] systemd[1]: Listening on Syslog Socket.\r\n[\u001b[0;32m  OK  \u001b[0m] Listening on \u001b[0;1;39mSyslog Socket\u001b[0m.\r\n[    2.104638] systemd[1]: Listening on fsck to fsckd communication Socket.\r\n[\u001b[0;32m  OK  \u001b[0m] Listening on \u001b[0;1;39mfsck to fsckd communication Socket\u001b[0m.\r\n[    2.116594] systemd[1]: Listening on initctl Compatibility Named Pipe.\r\n[\u001b[0;32m  OK  \u001b[0m] Listening on \u001b[0;1;39minitctl Compatibility Named Pipe\u001b[0m.\r\n[    2.118932] systemd[1]: Listening on Journal Audit Socket.\r\n[\u001b[0;32m  OK  \u001b[0m] Listening on \u001b[0;1;39mJournal Audit Socket\u001b[0m.\r\n[    2.132624] systemd[1]: Listening on Journal Socket (/dev/log).\r\n[\u001b[0;32m  OK  \u001b[0m] Listening on \u001b[0;1;39mJournal Socket (/dev/log)\u001b[0m.\r\n[    2.144681] systemd[1]: Listening on Journal Socket.\r\n[\u001b[0;32m  OK  \u001b[0m] Listening on \u001b[0;1;39mJournal Socket\u001b[0m.\r\n[    2.157230] systemd[1]: Listening on udev Control Socket.\r\n[\u001b[0;32m  OK  \u001b[0m] Listening on \u001b[0;1;39mudev Control Socket\u001b[0m.\r\n[    2.168676] systemd[1]: Listening on udev Kernel Socket.\r\n[\u001b[0;32m  OK  \u001b[0m] Listening on \u001b[0;1;39mudev Kernel Socket\u001b[0m.\r\n[    2.181378] systemd[1]: Mounting Huge Pages File System...\r\n         Mounting \u001b[0;1;39mHuge Pages File System\u001b[0m...\r\n[    2.193242] systemd[1]: Mounting POSIX Message Queue File System...\r\n         Mounting \u001b[0;1;39mPOSIX Message Queue File System\u001b[0m...\r\n[    2.205271] systemd[1]: Mounting Kernel Debug File System...\r\n         Mounting \u001b[0;1;39mKernel Debug File System\u001b[0m...\r\n[    2.217252] systemd[1]: Mounting Kernel Trace File System...\r\n         Mounting \u001b[0;1;39mKernel Trace File System\u001b[0m...\r\n[    2.229345] systemd[1]: Starting Create list of static device nodes for the current kernel...\r\n         Starting \u001b[0;1;39mCreate list of st…odes for the current kernel\u001b[0m...\r\n[    2.241279] systemd[1]: Starting Load Kernel Module configfs...\r\n         Starting \u001b[0;1;39mLoad Kernel Module configfs\u001b[0m...\r\n[    2.253254] systemd[1]: Starting Load Kernel Module drm...\r\n         Starting \u001b[0;1;39mLoad Kernel Module drm\u001b[0m...\r\n[    2.265205] systemd[1]: Starting Load Kernel Module fuse...\r\n         Starting \u001b[0;1;39mLoad Kernel Module fuse\u001b[0m...\r\n[    2.275561] fuse: init (API version 7.32)\r\n[    2.277197] systemd[1]: Condition check resulted in Set Up Additional Binary Formats being skipped.\r\n[    2.278488] systemd[1]: Condition check resulted in File System Check on Root Device being skipped.\r\n[    2.281072] systemd[1]: Starting Journal Service...\r\n         Starting \u001b[0;1;39mJournal Service\u001b[0m...\r\n[    2.293952] systemd[1]: Starting Load Kernel Modules...\r\n         Starting \u001b[0;1;39mLoad Kernel Modules\u001b[0m...\r\n[    2.305255] systemd[1]: Starting Remount Root and Kernel File Systems...\r\n         Starting \u001b[0;1;39mRemount Root and Kernel File Systems\u001b[0m...\r\n[    2.317173] systemd[1]: Starting Coldplug All udev Devices...\r\n         Starting \u001b[0;1;39mColdplug All udev Devices\u001b[0m...\r\n[    2.330013] systemd[1]: Mounted Huge Pages File System.\r\n[\u001b[0;32m  OK  \u001b[0m] Mounted \u001b[0;1;39mHuge Pages File System\u001b[0m.\r\n[    2.332355] systemd[1]: Mounted POSIX Message Queue File System.\r\n[\u001b[0;32m  OK  \u001b[0m] Mounted \u001b[0;1;39mPOSIX Message Queue File System\u001b[0m.\r\n[    2.335336] EXT4-fs (sda1): re-mounted. Opts: discard,errors=remount-ro\r\n[    2.345127] systemd[1]: Mounted Kernel Debug File System.\r\n[\u001b[0;32m  OK  \u001b[0m] Mounted \u001b[0;1;39mKernel Debug File System\u001b[0m.\r\n[    2.348682] systemd[1]: Mounted Kernel Trace File System.\r\n[\u001b[0;32m  OK  \u001b[0m] Mounted \u001b[0;1;39mKernel Trace File System\u001b[0m.\r\n[    2.352860] systemd[1]: Finished Create list of static device nodes for the current kernel.\r\n[\u001b[0;32m  OK  \u001b[0m] Finished \u001b[0;1;39mCreate list of st… nodes for the current kernel\u001b[0m.\r\n[    2.356673] systemd[1]: modprobe@configfs.service: Succeeded.\r\n[    2.357829] systemd[1]: Finished Load Kernel Module configfs.\r\n[\u001b[0;32m  OK  \u001b[0m] Finished \u001b[0;1;39mLoad Kernel Module configfs\u001b[0m.\r\n[    2.360834] systemd[1]: modprobe@drm.service: Succeeded.\r\n[    2.361741] systemd[1]: Finished Load Kernel Module drm.\r\n[\u001b[0;32m  OK  \u001b[0m] Finished \u001b[0;1;39mLoad Kernel Module drm\u001b[0m.\r\n[    2.364681] systemd[1]: Started Journal Service.\r\n[\u001b[0;32m  OK  \u001b[0m] Started \u001b[0;1;39mJournal Service\u001b[0m.\r\n[\u001b[0;32m  OK  \u001b[0m] Finished \u001b[0;1;39mLoad Kernel Module fuse\u001b[0m.\r\n[\u001b[0;32m  OK  \u001b[0m] Finished \u001b[0;1;39mLoad Kernel Modules\u001b[0m.\r\n[\u001b[0;32m  OK  \u001b[0m] Finished \u001b[0;1;39mRemount Root and Kernel File Systems\u001b[0m.\r\n         Mounting \u001b[0;1;39mFUSE Control File System\u001b[0m...\r\n         Mounting \u001b[0;1;39mKernel Configuration File System\u001b[0m...\r\n         Starting \u001b[0;1;39mGrow File System on /\u001b[0m...\r\n         Starting \u001b[0;1;39mFlush Journal to Persistent Storage\u001b[0m...\r\n[    2.441089] EXT4-fs (sda1): resizing filesystem from 2588667 to 2588667 blocks\r\n         Starting \u001b[0;1;39mLoad/Save Random Seed\u001b[0m...\r\n[    2.456099] systemd-journald[180]: Received client request to flush runtime journal.\r\n         Starting \u001b[0;1;39mApply Kernel Variables\u001b[0m...\r\n         Starting \u001b[0;1;39mCreate System Users\u001b[0m...\r\n[\u001b[0;32m  OK  \u001b[0m] Finished \u001b[0;1;39mColdplug All udev Devices\u001b[0m.\r\n[\u001b[0;32m  OK  \u001b[0m] Mounted \u001b[0;1;39mFUSE Control File System\u001b[0m.\r\n[\u001b[0;32m  OK  \u001b[0m] Mounted \u001b[0;1;39mKernel Configuration File System\u001b[0m.\r\n[\u001b[0;32m  OK  \u001b[0m] Finished \u001b[0;1;39mGrow File System on /\u001b[0m.\r\n[\u001b[0;32m  OK  \u001b[0m] Finished \u001b[0;1;39mFlush Journal to Persistent Storage\u001b[0m.\r\n[\u001b[0;32m  OK  \u001b[0m] Finished \u001b[0;1;39mLoad/Save Random Seed\u001b[0m.\r\n[\u001b[0;32m  OK  \u001b[0m] Finished \u001b[0;1;39mApply Kernel Variables\u001b[0m.\r\n[\u001b[0;32m  OK  \u001b[0m] Finished \u001b[0;1;39mCreate System Users\u001b[0m.\r\n         Starting \u001b[0;1;39mHelper to synchronize boot up for ifupdown\u001b[0m...\r\n         Starting \u001b[0;1;39mCreate Static Device Nodes in /dev\u001b[0m...\r\n[\u001b[0;32m  OK  \u001b[0m] Finished \u001b[0;1;39mHelper to synchronize boot up for ifupdown\u001b[0m.\r\n[\u001b[0;32m  OK  \u001b[0m] Finished \u001b[0;1;39mCreate Static Device Nodes in /dev\u001b[0m.\r\n[\u001b[0;32m  OK  \u001b[0m] Reached target \u001b[0;1;39mLocal File Systems (Pre)\u001b[0m.\r\n         Starting \u001b[0;1;39mRule-based Manage…for Device Events and Files\u001b[0m...\r\n[\u001b[0;32m  OK  \u001b[0m] Started \u001b[0;1;39mRule-based Manager for Device Events and Files\u001b[0m.\r\n[    2.704082] input: Power Button as /devices/LNXSYSTM:00/LNXPWRBN:00/input/input2\r\n[    2.720504] ACPI: Power Button [PWRF]\r\n[    2.721211] input: Sleep Button as /devices/LNXSYSTM:00/LNXSLPBN:00/input/input3\r\n[    2.722269] ACPI: Sleep Button [SLPF]\r\n[    2.755455] sd 0:0:1:0: Attached scsi generic sg0 type 0\r\n[\u001b[0;32m  OK  \u001b[0m] Found device \u001b[0;1;39m/dev/ttyS0\u001b[0m.\r\n[    2.788017] pstore: Using crash dump compression: deflate\r\n[    2.788848] pstore: Registered efi as persistent store backend\r\n[    2.809772] tpm_tis MSFT0101:00: 2.0 TPM (device-id 0x9009, rev-id 0)\r\n[    2.833971] RAPL PMU: API unit is 2^-32 Joules, 0 fixed counters, 10737418240 ms ovfl timer\r\n[    2.871587] cryptd: max_cpu_qlen set to 1000\r\n[\u001b[0;32m  OK  \u001b[0m] Found device \u001b[0;1;39mPersistentDisk 15\u001b[0m.\r\n[    2.890990] AVX2 version of gcm_enc/dec engaged.\r\n[    2.891665] AES CTR mode by8 optimization enabled\r\n         Mounting \u001b[0;1;39m/boot/efi\u001b[0m...\r\n[\u001b[0;32m  OK  \u001b[0m] Mounted \u001b[0;1;39m/boot/efi\u001b[0m.\r\n[\u001b[0;32m  OK  \u001b[0m] Found device \u001b[0;1;39mVirtio network device\u001b[0m.\r\n[\u001b[0;32m  OK  \u001b[0m] Reached target \u001b[0;1;39mLocal File Systems\u001b[0m.\r\n         Starting \u001b[0;1;39mLoad AppArmor profiles\u001b[0m...\r\n         Starting \u001b[0;1;39mCommit a transient machine-id on disk\u001b[0m...\r\n         Starting \u001b[0;1;39mCreate Volatile Files and Directories\u001b[0m...\r\n[\u001b[0;32m  OK  \u001b[0m] Finished \u001b[0;1;39mCreate Volatile Files and Directories\u001b[0m.\r\n         Starting \u001b[0;1;39mUpdate UTMP about System Boot/Shutdown\u001b[0m...\r\n[\u001b[0;32m  OK  \u001b[0m] Finished \u001b[0;1;39mUpdate UTMP about System Boot/Shutdown\u001b[0m.\r\n[\u001b[0;32m  OK  \u001b[0m] Finished \u001b[0;1;39mCommit a transient machine-id on disk\u001b[0m.\r\n[    3.337274] audit: type=1400 audit(1699223334.956:2): apparmor=\"STATUS\" operation=\"profile_load\" profile=\"unconfined\" name=\"lsb_release\" pid=292 comm=\"apparmor_parser\"\r\n[    3.421176] audit: type=1400 audit(1699223335.040:3): apparmor=\"STATUS\" operation=\"profile_load\" profile=\"unconfined\" name=\"/usr/sbin/chronyd\" pid=293 comm=\"apparmor_parser\"\r\n[    3.540339] audit: type=1400 audit(1699223335.156:4): apparmor=\"STATUS\" operation=\"profile_load\" profile=\"unconfined\" name=\"tcpdump\" pid=294 comm=\"apparmor_parser\"\r\n[    3.569321] audit: type=1400 audit(1699223335.188:5): apparmor=\"STATUS\" operation=\"profile_load\" profile=\"unconfined\" name=\"/usr/sbin/haveged\" pid=295 comm=\"apparmor_parser\"\r\n[    3.615629] audit: type=1400 audit(1699223335.232:6): apparmor=\"STATUS\" operation=\"profile_load\" profile=\"unconfined\" name=\"nvidia_modprobe\" pid=296 comm=\"apparmor_parser\"\r\n[    3.619001] audit: type=1400 audit(1699223335.240:7): apparmor=\"STATUS\" operation=\"profile_load\" profile=\"unconfined\" name=\"nvidia_modprobe//kmod\" pid=296 comm=\"apparmor_parser\"\r\n[    3.685409] audit: type=1400 audit(1699223335.304:8): apparmor=\"STATUS\" operation=\"profile_load\" profile=\"unconfined\" name=\"/usr/bin/man\" pid=297 comm=\"apparmor_parser\"\r\n[    3.688921] audit: type=1400 audit(1699223335.308:9): apparmor=\"STATUS\" operation=\"profile_load\" profile=\"unconfined\" name=\"man_filter\" pid=297 comm=\"apparmor_parser\"\r\n[    3.692140] audit: type=1400 audit(1699223335.308:10): apparmor=\"STATUS\" operation=\"profile_load\" profile=\"unconfined\" name=\"man_groff\" pid=297 comm=\"apparmor_parser\"\r\n[\u001b[0;32m  OK  \u001b[0m] Finished \u001b[0;1;39mLoad AppArmor profiles\u001b[0m.\r\n[\u001b[0;32m  OK  \u001b[0m] Started \u001b[0;1;39mEntropy Daemon based on the HAVEGE algorithm\u001b[0m.\r\n[\u001b[0;32m  OK  \u001b[0m] Reached target \u001b[0;1;39mSystem Initialization\u001b[0m.\r\n[\u001b[0;32m  OK  \u001b[0m] Started \u001b[0;1;39mGCE Workload Certificate refresh timer\u001b[0m.\r\n[\u001b[0;32m  OK  \u001b[0m] Started \u001b[0;1;39mNSS cache refresh timer\u001b[0m.\r\n[\u001b[0;32m  OK  \u001b[0m] Started \u001b[0;1;39mDaily Cleanup of Temporary Directories\u001b[0m.\r\n[\u001b[0;32m  OK  \u001b[0m] Listening on \u001b[0;1;39mD-Bus System Message Bus Socket\u001b[0m.\r\n[\u001b[0;32m  OK  \u001b[0m] Listening on \u001b[0;1;39mUUID daemon activation socket\u001b[0m.\r\n[\u001b[0;32m  OK  \u001b[0m] Reached target \u001b[0;1;39mSockets\u001b[0m.\r\n         Starting \u001b[0;1;39mResize root filesystem if needed\u001b[0m...\r\n[\u001b[0;32m  OK  \u001b[0m] Started \u001b[0;1;39mifup for ens4\u001b[0m.\r\n         Starting \u001b[0;1;39mRaise network interfaces\u001b[0m...\r\n[\u001b[0;32m  OK  \u001b[0m] Finished \u001b[0;1;39mResize root filesystem if needed\u001b[0m.\r\n[\u001b[0;32m  OK  \u001b[0m] Reached target \u001b[0;1;39mBasic System\u001b[0m.\r\n[\u001b[0;32m  OK  \u001b[0m] Started \u001b[0;1;39mRegular background program processing daemon\u001b[0m.\r\n[\u001b[0;32m  OK  \u001b[0m] Started \u001b[0;1;39mD-Bus System Message Bus\u001b[0m.\r\n         Starting \u001b[0;1;39mRemove Stale Onli…t4 Metadata Check Snapshots\u001b[0m...\r\n         Starting \u001b[0;1;39mSystem Logging Service\u001b[0m...\r\n         Starting \u001b[0;1;39mUser Login Management\u001b[0m...\r\n[\u001b[0;32m  OK  \u001b[0m] Started \u001b[0;1;39mSystem Logging Service\u001b[0m.\r\nNov  5 22:28:55 debian kernel: [    0.000000] Linux version 5.10.0-26-cloud-amd64 (debian-kernel@lists.debian.org) (gcc-10 (Debian 10.2.1-6) 10.2.1 20210110, GNU ld (GNU Binutils for Debian) 2.35.2) #1 SMP Debian 5.10.197-1 (2023-09-29)\r\nNov  5 22:28:55 debian kernel: [    0.000000] Command line: BOOT_IMAGE=/boot/vmlinuz-5.10.0-26-cloud-amd64 root=UUID=b57ca3a2-4659-424b-8f01-043d0e2289c6 ro console=tty0 console=ttyS0,115200 earlyprintk=ttyS0,115200 consoleblank=0 intel_iommu=off\r\nNov  5 22:28:55 debian kernel: [    0.000000] BIOS-provided physical RAM map:\r\nNov  5 22:28:55 debian kernel: [    0.000000] BIOS-e820: [mem 0x0000000000000000-0x0000000000000fff] reserved\r\nNov  5 22:28:55 debian kernel: [    0.000000] BIOS-e820: [mem 0x0000000000001000-0x0000000000054fff] usable\r\nNov  5 22:28:55 debian kernel: [    0.000000] BIOS-e820: [mem 0x0000000000055000-0x000000000005ffff] reserved\r\nNov  5 22:28:55 debian kernel: [    0.000000] BIOS-e820: [mem 0x0000000000060000-0x0000000000097fff] usable\r\nNov  5 22:28:55 debian kernel: [    0.000000] BIOS-e820: [mem 0x0000000000098000-0x000000000009ffff] reserved\r\nNov  5 22:28:55 debian kernel: [    0.000000] BIOS-e820: [mem 0x0000000000100000-0x0000000025eecfff] usable\r\nNov  5 22:28:55 debian kernel: [    0.000000] BIOS-e820: [mem 0x0000000025eed000-0x0000000025fecfff] reserved\r\nNov  5 22:28:55 debian kernel: [    0.000000] BIOS-e820: [mem 0x0000000025fed000-0x00000000260ecfff] type 20\r\nNov  5 22:28:55 debian kernel: [    0.000000] BIOS-e820: [mem 0x00000000260ed000-0x000000002616cfff] reserved\r\nNov  5 22:28:55 debian kernel: [    0.000000] BIOS-e820: [mem 0x000000002616d000-0x000000002617efff] ACPI data\r\nNov  5 22:28:55 debian kernel: [    0.000000] BIOS-e820: [mem 0x000000002617f000-0x00000000261fefff] ACPI NVS\r\nNov  5 22:28:55 debian kernel: [    0.000000] BIOS-e820: [mem 0x00000000261ff000-0x00000000265dffff] usable\r\nNov  5 22:28:55 debian kernel: [    0.000000] BIOS-e820: [mem 0x00000000265e0000-0x00000000265fffff] reserved\r\nNov  5 22:28:55 debian kernel: [    0.000000] printk: bootconsole [earlyser0] enabled\r\nNov  5 22:28:55 debian kernel: [    0.000000] NX (Execute Disable) protection: active\r\nNov  5 22:28:55 debian kernel: [    0.000000] efi: EFI v2.70 by EDK II\r\nNov  5 22:28:55 debian kernel: [    0.000000] efi: TPMFinalLog=0x261f7000 ACPI=0x2617e000 ACPI 2.0=0x2617e014 SMBIOS=0x25fca000 MEMATTR=0x249a0018 \r\nNov  5 22:28:55 debian kernel: [    0.000000] secureboot: Secure boot disabled\r\nNov  5 22:28:55 debian kernel: [    0.000000] SMBIOS 2.4 present.\r\nNov  5 22:28:55 debian kernel: [    0.000000] DMI: Google Google Compute Engine/Google Compute Engine, BIOS Google 10/09/2023\r\nNov  5 22:28:55 debian kernel: [    0.000000] Hypervisor detected: KVM\r\nNov  5 22:28:55 debian kernel: [    0.000000] kvm-clock: Using msrs 4b564d01 and 4b564d00\r\nNov  5 22:28:55 debian kernel: [    0.000000] kvm-clock: cpu 0, msr 10e01001, primary cpu clock\r\nNov  5 22:28:55 debian kernel: [    0.000000] kvm-clock: using sched offset of 6434408710 cycles\r\nNov  5 22:28:55 debian kernel: [    0.000733] clocksource: kvm-clock: mask: 0xffffffffffffffff max_cycles: 0x1cd42e4dffb, max_idle_ns: 881590591483 ns\r\nNov  5 22:28:55 debian kernel: [    0.002822] tsc: Detected 2200.168 MHz processor\r\nNov  5 22:28:55 debian kernel: [    0.003488] e820: update [mem 0x00000000-0x00000fff] usable ==\u003e reserved\r\nNov  5 22:28:55 debian kernel: [    0.003491] e820: remove [mem 0x000a0000-0x000fffff] usable\r\nNov  5 22:28:55 debian kernel: [    0.003497] last_pfn = 0x265e0 max_arch_pfn = 0x400000000\r\nNov  5 22:28:55 debian kernel: [    0.004259] MTRR default type: write-back\r\nNov  5 22:28:55 debian kernel: [    0.004260] MTRR fixed ranges enabled:\r\nNov  5 22:28:55 debian kernel: [    0.004262]   00000-9FFFF write-back\r\nNov  5 22:28:55 debian kernel: [    0.004263]   A0000-FFFFF uncachable\r\nNov  5 22:28:55 debian kernel: [    0.004264] MTRR variable ranges enabled:\r\nNov  5 22:28:55 debian kernel: [    0.004266]   0 base 000080000000 mask 3FFF80000000 uncachable\r\nNov  5 22:28:55 debian kernel: [    0.004267]   1 disabled\r\nNov  5 22:28:55 debian kernel: [    0.004268]   2 disabled\r\nNov  5 22:28:55 debian kernel: [    0.004268]   3 disabled\r\nNov  5 22:28:55 debian kernel: [    0.004269]   4 disabled\r\nNov  5 22:28:55 debian kernel: [    0.004270]   5 disabled\r\nNov  5 22:28:55 debian kernel: [    0.004270]   6 disabled\r\nNov  5 22:28:55 debian kernel: [    0.004271]   7 disabled\r\nNov  5 22:28:55 debian kernel: [    0.004282] x86/PAT: Configuration [0-7]: WB  WC  UC- UC  WB  WP  UC- WT  \r\nNov  5 22:28:55 debian kernel: [    0.005625] Using GB pages for direct mapping\r\nNov  5 22:28:55 debian kernel: [    0.006725] RAMDISK: [mem 0x23280000-0x24000fff]\r\nNov  5 22:28:55 debian kernel: [    0.007325] ACPI: Early table checksum verification disabled\r\nNov  5 22:28:55 debian kernel: [    0.008049] ACPI: RSDP 0x000000002617E014 000024 (v02 Google)\r\nNov  5 22:28:55 debian kernel: [    0.008780] ACPI: XSDT 0x000000002617D0E8 00005C (v01 Google GOOGFACP 00000001      01000013)\r\nNov  5 22:28:55 debian kernel: [    0.009872] ACPI: FACP 0x0000000026178000 0000F4 (v02 Google GOOGFACP 00000001 GOOG 00000001)\r\nNov  5 22:28:55 debian kernel: [    0.010959] ACPI: DSDT 0x0000000026179000 001A64 (v01 Google GOOGDSDT 00000001 GOOG 00000001)\r\nNov  5 22:28:55 debian kernel: [    0.012047] ACPI: FACS 0x00000000261F2000 000040\r\nNov  5 22:28:55 debian kernel: [    0.012635] ACPI: SSDT 0x000000002617C000 000316 (v02 GOOGLE Tpm2Tabl 00001000 INTL 20211217)\r\nNov  5 22:28:55 debian kernel: [    0.013723] ACPI: TPM2 0x000000002617B000 000034 (v04 GOOGLE          00000001 GOOG 00000001)\r\nNov  5 22:28:55 debian kernel: [    0.014815] ACPI: SRAT 0x0000000026177000 0000B8 (v03 Google GOOGSRAT 00000001 GOOG 00000001)\r\nNov  5 22:28:55 debian kernel: [    0.015900] ACPI: APIC 0x0000000026176000 00006E (v05 Google GOOGAPIC 00000001 GOOG 00000001)\r\nNov  5 22:28:55 debian kernel: [    0.016990] ACPI: SSDT 0x0000000026175000 00091F (v01 Google GOOGSSDT 00000001 GOOG 00000001)\r\nNov  5 22:28:55 debian kernel: [    0.018102] ACPI: WAET 0x0000000026174000 000028 (v01 Google GOOGWAET 00000001 GOOG 00000001)\r\nNov  5 22:28:55 debian kernel: [    0.019205] ACPI: Reserving FACP table memory at [mem 0x26178000-0x261780f3]\r\nNov  5 22:28:55 debian kernel: [    0.020104] ACPI: Reserving DSDT table memory at [mem 0x26179000-0x2617aa63]\r\nNov  5 22:28:55 debian kernel: [    0.021003] ACPI: Reserving FACS table memory at [mem 0x261f2000-0x261f203f]\r\nNov  5 22:28:55 debian kernel: [    0.021903] ACPI: Reserving SSDT table memory at [mem 0x2617c000-0x2617c315]\r\nNov  5 22:28:55 debian kernel: [    0.022802] ACPI: Reserving TPM2 table memory at [mem 0x2617b000-0x2617b033]\r\nNov  5 22:28:55 debian kernel: [    0.023713] ACPI: Reserving SRAT table memory at [mem 0x26177000-0x261770b7]\r\nNov  5 22:28:55 debian kernel: [    0.024638] ACPI: Reserving APIC table memory at [mem 0x26176000-0x2617606d]\r\nNov  5 22:28:55 debian kernel: [    0.025550] ACPI: Reserving SSDT table memory at [mem 0x26175000-0x2617591e]\r\nNov  5 22:28:55 debian kernel: [    0.026840] ACPI: Reserving WAET table memory at [mem 0x26174000-0x26174027]\r\nNov  5 22:28:55 debian kernel: [    0.027769] ACPI: Local APIC address 0xfee00000\r\nNov  5 22:28:55 debian kernel: [    0.027799] SRAT: PXM 0 -\u003e APIC 0x00 -\u003e Node 0\r\nNov  5 22:28:55 debian kernel: [    0.028471] ACPI: SRAT: Node 0 PXM 0 [mem 0x00000000-0x0009ffff]\r\nNov  5 22:28:55 debian kernel: [    0.029253] ACPI: SRAT: Node 0 PXM 0 [mem 0x00100000-0x265fffff]\r\nNov  5 22:28:55 debian kernel: [    0.030021] NUMA: Node 0 [mem 0x00000000-0x0009ffff] + [mem 0x00100000-0x265dffff] -\u003e [mem 0x00000000-0x265dffff]\r\nNov  5 22:28:55 debian kernel: [    0.031340] NODE_DATA(0) allocated [mem 0x26498000-0x264c1fff]\r\nNov  5 22:28:55 debian kernel: [    0.032484] Zone ranges:\r\nNov  5 22:28:55 debian kernel: [    0.032815]   DMA      [mem 0x0000000000001000-0x0000000000ffffff]\r\nNov  5 22:28:55 debian kernel: [    0.033606]   DMA32    [mem 0x0000000001000000-0x00000000265dffff]\r\nNov  5 22:28:55 debian kernel: [    0.034395]   Normal   empty\r\nNov  5 22:28:55 debian kernel: [    0.034760]   Device   empty\r\nNov  5 22:28:55 debian kernel: [    0.035142] Movable zone start for each node\r\nNov  5 22:28:55 debian kernel: [    0.035688] Early memory node ranges\r\nNov  5 22:28:55 debian kernel: [    0.036144]   node   0: [mem 0x0000000000001000-0x0000000000054fff]\r\nNov  5 22:28:55 debian kernel: [    0.036943]   node   0: [mem 0x0000000000060000-0x0000000000097fff]\r\nNov  5 22:28:55 debian kernel: [    0.037741]   node   0: [mem 0x0000000000100000-0x0000000025eecfff]\r\nNov  5 22:28:55 debian kernel: [    0.038541]   node   0: [mem 0x00000000261ff000-0x00000000265dffff]\r\nNov  5 22:28:55 debian kernel: [    0.039343] Initmem setup node 0 [mem 0x0000000000001000-0x00000000265dffff]\r\nNov  5 22:28:55 debian kernel: [    0.040341] On node 0 totalpages: 156250\r\nNov  5 22:28:55 debian kernel: [    0.040342]   DMA zone: 64 pages used for memmap\r\nNov  5 22:28:55 debian kernel: [    0.040343]   DMA zone: 3121 pages reserved\r\nNov  5 22:28:55 debian kernel: [    0.040344]   DMA zone: 3980 pages, LIFO batch:0\r\nNov  5 22:28:55 debian kernel: [    0.040345]   DMA32 zone: 2392 pages used for memmap\r\nNov  5 22:28:55 debian kernel: [    0.040346]   DMA32 zone: 152270 pages, LIFO batch:31\r\nNov  5 22:28:55 debian kernel: [    0.040794] On node 0, zone DMA: 1 pages in unavailable ranges\r\nNov  5 22:28:55 debian kernel: [    0.040796] On node 0, zone DMA: 11 pages in unavailable ranges\r\nNov  5 22:28:55 debian kernel: [    0.041589] On node 0, zone DMA: 104 pages in unavailable ranges\r\nNov  5 22:28:55 debian kernel: [    0.043899] On node 0, zone DMA32: 786 pages in unavailable ranges\r\nNov  5 22:28:55 debian kernel: [    0.044777] On node 0, zone DMA32: 6688 pages in unavailable ranges\r\nNov  5 22:28:55 debian kernel: [    0.045978] ACPI: PM-Timer IO Port: 0xb008\r\nNov  5 22:28:55 debian kernel: [    0.047376] ACPI: Local APIC address 0xfee00000\r\nNov  5 22:28:55 debian kernel: [    0.047388] ACPI: LAPIC_NMI (acpi_id[0xff] dfl dfl lint[0x1])\r\nNov  5 22:28:55 debian kernel: [    0.048239] IOAPIC[0]: apic_id 0, version 17, address 0xfec00000, GSI 0-23\r\nNov  5 22:28:55 debian kernel: [    0.049185] ACPI: INT_SRC_OVR (bus 0 bus_irq 5 global_irq 5 high level)\r\nNov  5 22:28:55 debian kernel: [    0.050027] ACPI: INT_SRC_OVR (bus 0 bus_irq 9 global_irq 9 high level)\r\nNov  5 22:28:55 debian kernel: [    0.050900] ACPI: INT_SRC_OVR (bus 0 bus_irq 10 global_irq 10 high level)\r\nNov  5 22:28:55 debian kernel: [    0.051855] ACPI: INT_SRC_OVR (bus 0 bus_irq 11 global_irq 11 high level)\r\nNov  5 22:28:55 debian kernel: [    0.052746] ACPI: IRQ5 used by override.\r\nNov  5 22:28:55 debian kernel: [    0.052747] ACPI: IRQ9 used by override.\r\nNov  5 22:28:55 debian kernel: [    0.052747] ACPI: IRQ10 used by override.\r\nNov  5 22:28:55 debian kernel: [    0.052748] ACPI: IRQ11 used by override.\r\nNov  5 22:28:55 debian kernel: [    0.052751] Using ACPI (MADT) for SMP configuration information\r\nNov  5 22:28:55 debian kernel: [    0.053564] smpboot: Allowing 1 CPUs, 0 hotplug CPUs\r\nNov  5 22:28:55 debian kernel: [    0.054250] PM: hibernation: Registered nosave memory: [mem 0x00000000-0x00000fff]\r\nNov  5 22:28:55 debian kernel: [    0.055245] PM: hibernation: Registered nosave memory: [mem 0x00055000-0x0005ffff]\r\nNov  5 22:28:55 debian kernel: [    0.056393] PM: hibernation: Registered nosave memory: [mem 0x00098000-0x0009ffff]\r\nNov  5 22:28:55 debian kernel: [    0.057355] PM: hibernation: Registered nosave memory: [mem 0x000a0000-0x000fffff]\r\nNov  5 22:28:55 debian kernel: [    0.058324] PM: hibernation: Registered nosave memory: [mem 0x25eed000-0x25fecfff]\r\nNov  5 22:28:55 debian kernel: [    0.059290] PM: hibernation: Registered nosave memory: [mem 0x25fed000-0x260ecfff]\r\nNov  5 22:28:55 debian kernel: [    0.060254] PM: hibernation: Registered nosave memory: [mem 0x260ed000-0x2616cfff]\r\nNov  5 22:28:55 debian kernel: [    0.061222] PM: hibernation: Registered nosave memory: [mem 0x2616d000-0x2617efff]\r\nNov  5 22:28:55 debian kernel: [    0.062187] PM: hibernation: Registered nosave memory: [mem 0x2617f000-0x261fefff]\r\nNov  5 22:28:55 debian kernel: [    0.063267] [mem 0x26600000-0xffffffff] available for PCI devices\r\nNov  5 22:28:55 debian kernel: [    0.064044] Booting paravirtualized kernel on KVM\r\nNov  5 22:28:55 debian kernel: [    0.064643] clocksource: refined-jiffies: mask: 0xffffffff max_cycles: 0xffffffff, max_idle_ns: 7645519600211568 ns\r\nNov  5 22:28:55 debian kernel: [    0.070357] setup_percpu: NR_CPUS:8192 nr_cpumask_bits:1 nr_cpu_ids:1 nr_node_ids:1\r\nNov  5 22:28:55 debian kernel: [    0.071700] percpu: Embedded 63 pages/cpu s221184 r8192 d28672 u2097152\r\nNov  5 22:28:55 debian kernel: [    0.072590] pcpu-alloc: s221184 r8192 d28672 u2097152 alloc=1*2097152\r\nNov  5 22:28:55 debian kernel: [    0.072592] pcpu-alloc: [0] 0 \r\nNov  5 22:28:55 debian kernel: [    0.072622] kvm-guest: PV spinlocks disabled, single CPU\r\nNov  5 22:28:55 debian kernel: [    0.073315] Built 1 zonelists, mobility grouping on.  Total pages: 150673\r\nNov  5 22:28:55 debian kernel: [    0.074199] Policy zone: DMA32\r\nNov  5 22:28:55 debian kernel: [    0.074593] Kernel command line: BOOT_IMAGE=/boot/vmlinuz-5.10.0-26-cloud-amd64 root=UUID=b57ca3a2-4659-424b-8f01-043d0e2289c6 ro console=tty0 console=ttyS0,115200 earlyprintk=ttyS0,115200 consoleblank=0 intel_iommu=off\r\nNov  5 22:28:55 debian kernel: [    0.077545] DMAR: IOMMU disabled\r\nNov  5 22:28:55 debian kernel: [    0.078188] Dentry cache hash table entries: 131072 (order: 8, 1048576 bytes, linear)\r\nNov  5 22:28:55 debian kernel: [    0.079340] Inode-cache hash table entries: 65536 (order: 7, 524288 bytes, linear)\r\nNov  5 22:28:55 debian kernel: [    0.080374] mem auto-init: stack:off, heap alloc:on, heap free:off\r\nNov  5 22:28:55 debian kernel: [    0.083789] Memory: 225384K/625000K available (12296K kernel code, 2552K rwdata, 6956K rodata, 2468K init, 3724K bss, 103648K reserved, 0K cma-reserved)\r\nNov  5 22:28:55 debian kernel: [    0.085990] SLUB: HWalign=64, Order=0-3, MinObjects=0, CPUs=1, Nodes=1\r\nNov  5 22:28:55 debian kernel: [    0.086842] Kernel/User page tables isolation: enabled\r\nNov  5 22:28:55 debian kernel: [    0.087963] ftrace: allocating 33918 entries in 133 pages\r\nNov  5 22:28:55 debian kernel: [    0.108693] ftrace: allocated 133 pages with 3 groups\r\nNov  5 22:28:55 debian kernel: [    0.109913] rcu: Hierarchical RCU implementation.\r\nNov  5 22:28:55 debian kernel: [    0.110523] rcu: \tRCU restricting CPUs from NR_CPUS=8192 to nr_cpu_ids=1.\r\nNov  5 22:28:55 debian kernel: [    0.111390] \tRude variant of Tasks RCU enabled.\r\nNov  5 22:28:55 debian kernel: [    0.111967] \tTracing variant of Tasks RCU enabled.\r\nNov  5 22:28:55 debian kernel: [    0.112579] rcu: RCU calculated value of scheduler-enlistment delay is 25 jiffies.\r\nNov  5 22:28:55 debian kernel: [    0.113546] rcu: Adjusting geometry for rcu_fanout_leaf=16, nr_cpu_ids=1\r\nNov  5 22:28:55 debian kernel: [    0.118809] NR_IRQS: 524544, nr_irqs: 256, preallocated irqs: 16\r\nNov  5 22:28:55 debian kernel: [    0.119828] random: crng init done\r\nNov  5 22:28:55 debian kernel: [    0.120288] Console: colour dummy device 80x25\r\nNov  5 22:28:55 debian kernel: [    0.121050] printk: console [tty0] enabled\r\nNov  5 22:28:55 debian kernel: [    0.121615] printk: console [ttyS0] enabled\r\nNov  5 22:28:55 debian kernel: [    0.122760] printk: bootconsole [earlyser0] disabled\r\nNov  5 22:28:55 debian kernel: [    0.124146] ACPI: Core revision 20200925\r\nNov  5 22:28:55 debian kernel: [    0.124754] APIC: Switch to symmetric I/O mode setup\r\nNov  5 22:28:55 debian kernel: [    0.126059] x2apic enabled\r\nNov  5 22:28:55 debian kernel: [    0.128838] Switched APIC routing to physical x2apic.\r\nNov  5 22:28:55 debian kernel: [    0.133786] ..TIMER: vector=0x30 apic1=0 pin1=0 apic2=-1 pin2=-1\r\nNov  5 22:28:55 debian kernel: [    0.134838] clocksource: tsc-early: mask: 0xffffffffffffffff max_cycles: 0x1fb6d19e116, max_idle_ns: 440795289897 ns\r\nNov  5 22:28:55 debian kernel: [    0.136253] Calibrating delay loop (skipped) preset value.. 4400.33 BogoMIPS (lpj=8800672)\r\nNov  5 22:28:55 debian kernel: [    0.140369] Last level iTLB entries: 4KB 64, 2MB 8, 4MB 8\r\nNov  5 22:28:55 debian kernel: [    0.141100] Last level dTLB entries: 4KB 64, 2MB 0, 4MB 0, 1GB 4\r\nNov  5 22:28:55 debian kernel: [    0.141913] Spectre V1 : Mitigation: usercopy/swapgs barriers and __user pointer sanitization\r\nNov  5 2[\u001b[0;32m  OK  \u001b[0m] Started \u001b[0;1;39mUser Login Management\u001b[0m.\r\n2:28:55 debian kernel: [    0.143048] Spectre V2 : Mitigation: IBRS\r\nNov  5 22:28:55 debian kernel: [    0.143599] Spectre V2 : Spectre v2 / SpectreRSB mitigation: Filling RSB on context switch\r\nNov  5 22:28:55 debian kernel: [    0.144251] Spectre V2 : Spectre v2 / SpectreRSB : Filling RSB on VMEXIT\r\nNov  5 22:28:55 debian kernel: [    0.145146] RETBleed: Mitigation: IBRS\r\nNov  5 22:28:55 debian kernel: [    0.145665] Spectre V2 : mitigation: Enabling conditional Indirect Branch Prediction Barrier\r\nNov  5 22:28:55 debian kernel: [    0.146784] Speculative Store Bypass: Mitigation: Speculative Store Bypass disabled via prctl and seccomp\r\nNov  5 22:28:55 debian kernel: [    0.148258] MDS: Mitigation: Clear CPU buffers\r\nNov  5 22:28:55 debian kernel: [    0.148865] TAA: Mitigation: Clear CPU buffers\r\nNov  5 22:28:55 debian kernel: [    0.149496] MMIO Stale Data: Vulnerable: Clear CPU buffers attempted, no microcode\r\nNov  5 22:28:55 debian kernel: [    0.150554] x86/fpu: Supporting XSAVE feature 0x001: 'x87 floating point registers'\r\nNov  5 22:28:55 debian kernel: [    0.152251] x86/fpu: Supporting XSAVE feature 0x002: 'SSE registers'\r\nNov  5 22:28:55 debian kernel: [    0.153104] x86/fpu: Supporting XSAVE feature 0x004: 'AVX registers'\r\nNov  5 22:28:55 debian kernel: [    0.153956] x86/fpu: xstate_offset[2]:  576, xstate_sizes[2]:  256\r\nNov  5 22:28:55 debian kernel: [    0.154790] x86/fpu: Enabled xstate features 0x7, context size is 832 bytes, using 'standard' format.\r\nNov  5 22:28:55 debian kernel: [    0.173828] Freeing SMP alternatives memory: 32K\r\nNov  5 22:28:55 debian kernel: [    0.176172] pid_max: default: 32768 minimum: 301\r\nNov  5 22:28:55 debian kernel: [    0.187390] LSM: Security Framework initializing\r\nNov  5 22:28:55 debian kernel: [    0.188054] Yama: disabled by default; enable with sysctl kernel.yama.*\r\nNov  5 22:28:55 debian kernel: [    0.188279] AppArmor: AppArmor initialized\r\nNov  5 22:28:55 debian kernel: [    0.188855] TOMOYO Linux initialized\r\nNov  5 22:28:55 debian kernel: [    0.189385] Mount-cache hash table entries: 2048 (order: 2, 16384 bytes, linear)\r\nNov  5 22:28:55 debian kernel: [    0.190385] Mountpoint-cache hash table entries: 2048 (order: 2, 16384 bytes, linear)\r\nNov  5 22:28:55 debian kernel: [    0.300567] smpboot: CPU0: Intel(R) Xeon(R) CPU @ 2.20GHz (family: 0x6, model: 0x4f, stepping: 0x0)\r\nNov  5 22:28:55 debian kernel: [    0.302408] Performance Events: unsupported p6 CPU model 79 no PMU driver, software events only.\r\nNov  5 22:28:55 debian kernel: [    0.303628] rcu: Hierarchical SRCU implementation.\r\nNov  5 22:28:55 debian kernel: [    0.304320] NMI watchdog: Perf NMI watchdog permanently disabled\r\nNov  5 22:28:55 debian kernel: [    0.305179] smp: Bringing up secondary CPUs ...\r\nNov  5 22:28:55 debian kernel: [    0.305798] smp: Brought up 1 node, 1 CPU\r\nNov  5 22:28:55 debian kernel: [    0.306349] smpboot: Max logical packages: 1\r\nNov  5 22:28:55 debian kernel: [    0.306933] smpboot: Total of 1 processors activated (4400.33 BogoMIPS)\r\nNov  5 22:28:55 debian kernel: [    0.309522] node 0 deferred pages initialised in 4ms\r\nNov  5 22:28:55 debian kernel: [    0.310416] devtmpfs: initialized\r\nNov  5 22:28:55 debian kernel: [    0.310918] x86/mm: Memory block size: 128MB\r\nNov  5 22:28:55 debian kernel: [    0.311678] PM: Registering ACPI NVS region [mem 0x2617f000-0x261fefff] (524288 bytes)\r\nNov  5 22:28:55 debian kernel: [    0.312298] clocksource: jiffies: mask: 0xffffffff max_cycles: 0xffffffff, max_idle_ns: 7645041785100000 ns\r\nNov  5 22:28:55 debian kernel: [    0.313589] futex hash table entries: 256 (order: 2, 16384 bytes, linear)\r\nNov  5 22:28:55 debian kernel: [    0.314654] NET: Registered protocol family 16\r\nNov  5 22:28:55 debian kernel: [    0.315359] DMA: preallocated 128 KiB GFP_KERNEL pool for atomic allocations\r\nNov  5 22:28:55 debian kernel: [    0.316353] DMA: preallocated 128 KiB GFP_KERNEL|GFP_DMA pool for atomic allocations\r\nNov  5 22:28:55 debian kernel: [    0.317418] DMA: preallocated 128 KiB GFP_KERNEL|GFP_DMA32 pool for atomic allocations\r\nNov  5 22:28:55 debian kernel: [    0.318477] audit: initializing netlink subsys (disabled)\r\nNov  5 22:28:55 debian kernel: [    0.319286] thermal_sys: Registered thermal governor 'fair_share'\r\nNov  5 22:28:55 debian kernel: [    0.319287] thermal_sys: Registered thermal governor 'bang_bang'\r\nNov  5 22:28:55 debian kernel: [    0.320255] thermal_sys: Registered thermal governor 'step_wise'\r\nNov  5 22:28:55 debian kernel: [    0.321062] thermal_sys: Registered thermal governor 'user_space'\r\nNov  5 22:28:55 debian kernel: [    0.321869] thermal_sys: Registered thermal governor 'power_allocator'\r\nNov  5 22:28:55 debian kernel: [    0.322690] cpuidle: using governor ladder\r\nNov  5 22:28:55 debian kernel: [    0.324256] audit: type=2000 audit(1699223331.687:1): state=initialized audit_enabled=0 res=1\r\nNov  5 22:28:55 debian kernel: [    0.325388] cpuidle: using governor menu\r\nNov  5 22:28:55 debian kernel: [    0.325968] ACPI: bus type PCI registered\r\nNov  5 22:28:55 debian kernel: [    0.326523] acpiphp: ACPI Hot Plug PCI Controller Driver version: 0.5\r\nNov  5 22:28:55 debian kernel: [    0.327496] PCI: Using configuration type 1 for base access\r\nNov  5 22:28:55 debian kernel: [    0.328890] Kprobes globally optimized\r\nNov  5 22:28:55 debian kernel: [    0.329526] HugeTLB registered 1.00 GiB page size, pre-allocated 0 pages\r\nNov  5 22:28:55 debian kernel: [    0.330442] HugeTLB registered 2.00 MiB page size, pre-allocated 0 pages\r\nNov  5 22:28:55 debian kernel: [    0.458673] ACPI: Added _OSI(Module Device)\r\nNov  5 22:28:55 debian kernel: [    0.459323] ACPI: Added _OSI(Processor Device)\r\nNov  5 22:28:55 debian kernel: [    0.459929] ACPI: Added _OSI(3.0 _SCP Extensions)\r\nNov  5 22:28:55 debian kernel: [    0.460253] ACPI: Added _OSI(Processor Aggregator Device)\r\nNov  5 22:28:55 debian kernel: [    0.460985] ACPI: Added _OSI(Linux-Dell-Video)\r\nNov  5 22:28:55 debian kernel: [    0.461591] ACPI: Added _OSI(Linux-Lenovo-NV-HDMI-Audio)\r\nNov  5 22:28:55 debian kernel: [    0.462307] ACPI: Added _OSI(Linux-HPI-Hybrid-Graphics)\r\nNov  5 22:28:55 debian kernel: [    0.463921] ACPI: 3 ACPI AML tables successfully acquired and loaded\r\nNov  5 22:28:55 debian kernel: [    0.465184] ACPI: Interpreter enabled\r\nNov  5 22:28:55 debian kernel: [    0.465710] ACPI: (supports S0 S3 S4 S5)\r\nNov  5 22:28:55 debian kernel: [    0.466250] ACPI: Using IOAPIC for interrupt routing\r\nNov  5 22:28:55 debian kernel: [    0.466996] PCI: Using host bridge windows from ACPI; if necessary, use \"pci=nocrs\" and report a bug\r\nNov  5 22:28:55 debian kernel: [    0.468442] ACPI: Enabled 16 GPEs in block 00 to 0F\r\nNov  5 22:28:55 debian kernel: [    0.470918] ACPI: PCI Root Bridge [PCI0] (domain 0000 [bus 00-ff])\r\nNov  5 22:28:55 debian kernel: [    0.472265] acpi PNP0A03:00: _OSC: OS supports [ASPM ClockPM Segments MSI HPX-Type3]\r\nNov  5 22:28:55 debian kernel: [    0.473301] acpi PNP0A03:00: fail to add MMCONFIG information, can't access extended PCI configuration space under this bridge.\r\nNov  5 22:28:55 debian kernel: [    0.475452] PCI host bridge to bus 0000:00\r\nNov  5 22:28:55 debian kernel: [    0.476256] pci_bus 0000:00: root bus resource [io  0x0000-0x0cf7 window]\r\nNov  5 22:28:55 debian kernel: [    0.477302] pci_bus 0000:00: root bus resource [io  0x0d00-0xffff window]\r\nNov  5 22:28:55 debian kernel: [    0.478270] pci_bus 0000:00: root bus resource [mem 0x000a0000-0x000bffff window]\r\nNov  5 22:28:55 debian kernel: [    0.479302] pci_bus 0000:00: root bus resource [mem 0x80000000-0xfebfefff window]\r\nNov  5 22:28:55 debian kernel: [    0.480253] pci_bus 0000:00: root bus resource [bus 00-ff]\r\nNov  5 22:28:55 debian kernel: [    0.481061] pci 0000:00:00.0: [8086:1237] type 00 class 0x060000\r\nNov  5 22:28:55 debian kernel: [    0.484630] pci 0000:00:01.0: [8086:7110] type 00 class 0x060100\r\nNov  5 22:28:55 debian kernel: [    0.500255] pci 0000:00:01.3: [8086:7113] type 00 class 0x068000\r\nNov  5 22:28:55 debian kernel: [    0.515679] pci 0000:00:01.3: quirk: [io  0xb000-0xb03f] claimed by PIIX4 ACPI\r\nNov  5 22:28:55 debian kernel: [    0.517527] pci 0000:00:03.0: [1af4:1004] type 00 class 0x000000\r\nNov  5 22:28:55 debian kernel: [    0.524255] pci 0000:00:03.0: reg 0x10: [io  0xc040-0xc07f]\r\nNov  5 22:28:55 debian kernel: [    0.529478] pci 0000:00:03.0: reg 0x14: [mem 0x80000000-0x8000007f]\r\nNov  5 22:28:55 debian kernel: [    0.543598] pci 0000:00:04.0: [1af4:1000] type 00 class 0x020000\r\nNov  5 22:28:55 debian kernel: [    0.550078] pci 0000:00:04.0: reg 0x10: [io  0xc000-0xc03f]\r\nNov  5 22:28:55 debian kernel: [    0.554067] pci 0000:00:04.0: reg 0x14: [mem 0x80002000-0x8000203f]\r\nNov  5 22:28:55 debian kernel: [    0.566207] pci 0000:00:05.0: [1af4:1005] type 00 class 0x00ff00\r\nNov  5 22:28:55 debian kernel: [    0.572254] pci 0000:00:05.0: reg 0x10: [io  0xc080-0xc09f]\r\nNov  5 22:28:55 debian kernel: [    0.576254] pci 0000:00:05.0: reg 0x14: [mem 0x80001000-0x8000103f]\r\nNov  5 22:28:55 debian kernel: [    0.588961] ACPI: PCI Interrupt Link [LNKA] (IRQs 5 *10 11)\r\nNov  5 22:28:55 debian kernel: [    0.590907] ACPI: PCI Interrupt Link [LNKB] (IRQs 5 *10 11)\r\nNov  5 22:28:55 debian kernel: [    0.592324] ACPI: PCI Interrupt Link [LNKC] (IRQs 5 10 *11)\r\nNov  5 22:28:55 debian kernel: [    0.594108] ACPI: PCI Interrupt Link [LNKD] (IRQs 5 10 *11)\r\nNov  5 22:28:55 debian kernel: [    0.596276] ACPI: PCI Interrupt Link [LNKS] (IRQs *9)\r\nNov  5 22:28:55 debian kernel: [    0.597246] iommu: Default domain type: Translated \r\nNov  5 22:28:55 debian kernel: [    0.597947] vgaarb: loaded\r\nNov  5 22:28:55 debian kernel: [    0.600317] Registered efivars operations\r\nNov  5 22:28:55 debian kernel: [    0.601031] NetLabel: Initializing\r\nNov  5 22:28:55 debian kernel: [    0.601505] NetLabel:  domain hash size = 128\r\nNov  5 22:28:55 debian kernel: [    0.602102] NetLabel:  protocols = UNLABELED CIPSOv4 CALIPSO\r\nNov  5 22:28:55 debian kernel: [    0.602883] NetLabel:  unlabeled traffic allowed by default\r\nNov  5 22:28:55 debian kernel: [    0.603635] PCI: Using ACPI for IRQ routing\r\nNov  5 22:28:55 debian kernel: [    0.604252] PCI: pci_cache_line_size set to 64 bytes\r\nNov  5 22:28:55 debian kernel: [    0.604343] e820: reserve RAM buffer [mem 0x00055000-0x0005ffff]\r\nNov  5 22:28:55 debian kernel: [    0.604344] e820: reserve RAM buffer [mem 0x00098000-0x0009ffff]\r\nNov  5 22:28:55 debian kernel: [    0.604345] e820: reserve RAM buffer [mem 0x25eed000-0x27ffffff]\r\nNov  5 22:28:55 debian kernel: [    0.604346] e820: reserve RAM buffer [mem 0x265e0000-0x27ffffff]\r\nNov  5 22:28:55 debian kernel: [    0.604382] clocksource: Switched to clocksource kvm-clock\r\nNov  5 22:28:55 debian kernel: [    0.616341] VFS: Disk quotas dquot_6.6.0\r\nNov  5 22:28:55 debian kernel: [    0.616929] VFS: Dquot-cache hash table entries: 512 (order 0, 4096 bytes)\r\nNov  5 22:28:55 debian kernel: [    0.617945] AppArmor: AppArmor Filesystem Enabled\r\nNov  5 22:28:55 debian kernel: [    0.618602] pnp: PnP ACPI init\r\nNov  5 22:28:55 debian kernel: [    0.619079] pnp 00:00: Plug and Play ACPI device, IDs PNP0b00 (active)\r\nNov  5 22:28:55 debian kernel: [    0.619126] pnp 00:01: Plug and Play ACPI device, IDs PNP0303 (active)\r\nNov  5 22:28:55 debian kernel: [    0.619160] pnp 00:02: Plug and Play ACPI device, IDs PNP0f13 (active)\r\nNov  5 22:28:55 debian kernel: [    0.619199] pnp 00:03: Plug and Play ACPI device, IDs PNP0501 (active)\r\nNov  5 22:28:55 debian kernel: [    0.619228] pnp 00:04: Plug and Play ACPI device, IDs PNP0501 (active)\r\nNov  5 22:28:55 debian kernel: [    0.619260] pnp 00:05: Plug and Play ACPI device, IDs PNP0501 (active)\r\nNov  5 22:28:55 debian kernel: [    0.619292] pnp 00:06: Plug and Play ACPI device, IDs PNP0501 (active)\r\nNov  5 22:28:55 debian kernel: [    0.619436] pnp: PnP ACPI: found 7 devices\r\nNov  5 22:28:55 debian kernel: [    0.625356] clocksource: acpi_pm: mask: 0xffffff max_cycles: 0xffffff, max_idle_ns: 2085701024 ns\r\nNov  5 22:28:55 debian kernel: [    0.626608] NET: Registered protocol family 2\r\nNov  5 22:28:55 debian kernel: [    0.627275] IP idents hash table entries: 16384 (order: 5, 131072 bytes, linear)\r\nNov  5 22:28:55 debian kernel: [    0.629507] tcp_listen_portaddr_hash hash table entries: 512 (order: 1, 8192 bytes, linear)\r\nNov  5 22:28:55 debian kernel: [    0.630680] TCP established hash table entries: 8192 (order: 4, 65536 bytes, linear)\r\nNov  5 22:28:55 debian kernel: [    0.631744] TCP bind hash table entries: 8192 (order: 5, 131072 bytes, linear)\r\nNov  5 22:28:55 debian kernel: [    0.632831] TCP: Hash tables configured (established 8192 bind 8192)\r\nNov  5 22:28:55 debian kernel: [    0.633777] UDP hash table entries: 512 (order: 2, 16384 bytes, linear)\r\nNov  5 22:28:55 debian kernel: [    0.634701] UDP-Lite hash table entries: 512 (order: 2, 16384 bytes, linear)\r\nNov  5 22:28:55 debian kernel: [    0.635891] NET: Registered protocol family 1\r\nNov  5 22:28:55 debian kernel: [    0.636525] NET: Registered protocol family 44\r\nNov  5 22:28:55 debian kernel: [    0.637141] pci_bus 0000:00: resource 4 [io  0x0000-0x0cf7 window]\r\nNov  5 22:28:55 debian kernel: [    0.638132] pci_bus 0000:00: resource 5 [io  0x0d00-0xffff window]\r\nNov  5 22:28:55 debian kernel: [    0.638960] pci_bus 0000:00: resource 6 [mem 0x000a0000-0x000bffff window]\r\nNov  5 22:28:55 debian kernel: [    0.639884] pci_bus 0000:00: resource 7 [me[\u001b[0;32m  OK  \u001b[0m] Finished \u001b[0;1;39mRemove Stale Onli…ext4 Metadata Check Snapshots\u001b[0m.\r\nm 0x80000000-0xfebfefff window]\r\nNov  5 22:28:55 debian kernel: [    0.640840] pci 0000:00:00.0: Limiting direct PCI/PCI transfers\r\nNov  5 22:28:55 debian kernel: [    0.641695] PCI: CLS 0 bytes, default 64\r\nNov  5 22:28:55 debian kernel: [    0.642280] Trying to unpack rootfs image as initramfs...\r\nNov  5 22:28:55 debian kernel: [    0.854631] Freeing initrd memory: 13828K\r\nNov  5 22:28:55 debian kernel: [    0.855275] clocksource: tsc: mask: 0xffffffffffffffff max_cycles: 0x1fb6d19e116, max_idle_ns: 440795289897 ns\r\nNov  5 22:28:55 debian kernel: [    0.856617] clocksource: Switched to clocksource tsc\r\nNov  5 22:28:55 debian kernel: [    0.857505] Initialise system trusted keyrings\r\nNov  5 22:28:55 debian kernel: [    0.858122] Key type blacklist registered\r\nNov  5 22:28:55 debian kernel: [    0.858716] workingset: timestamp_bits=36 max_order=18 bucket_order=0\r\nNov  5 22:28:55 debian kernel: [    0.860480] zbud: loaded\r\nNov  5 22:28:55 debian kernel: [    0.861106] Key type asymmetric registered\r\nNov  5 22:28:55 debian kernel: [    0.861672] Asymmetric key parser 'x509' registered\r\nNov  5 22:28:55 debian kernel: [    0.862341] Block layer SCSI generic (bsg) driver version 0.4 loaded (major 252)\r\nNov  5 22:28:55 debian kernel: [    0.863358] io scheduler mq-deadline registered\r\nNov  5 22:28:55 debian kernel: [    0.864546] Serial: 8250/16550 driver, 4 ports, IRQ sharing enabled\r\nNov  5 22:28:55 debian kernel: [    0.865514] 00:03: ttyS0 at I/O 0x3f8 (irq = 4, base_baud = 115200) is a 16550A\r\nNov  5 22:28:55 debian kernel: [    0.866698] 00:04: ttyS1 at I/O 0x2f8 (irq = 3, base_baud = 115200) is a 16550A\r\nNov  5 22:28:55 debian kernel: [    0.867898] 00:05: ttyS2 at I/O 0x3e8 (irq = 6, base_baud = 115200) is a 16550A\r\nNov  5 22:28:55 debian kernel: [    0.869052] 00:06: ttyS3 at I/O 0x2e8 (irq = 7, base_baud = 115200) is a 16550A\r\nNov  5 22:28:55 debian kernel: [    0.870321] i8042: PNP: PS/2 Controller [PNP0303:KBD,PNP0f13:MOU] at 0x60,0x64 irq 1,12\r\nNov  5 22:28:55 debian kernel: [    0.871486] i8042: Warning: Keylock active\r\nNov  5 22:28:55 debian kernel: [    0.873626] serio: i8042 KBD port at 0x60,0x64 irq 1\r\nNov  5 22:28:55 debian kernel: [    0.874338] serio: i8042 AUX port at 0x60,0x64 irq 12\r\nNov  5 22:28:55 debian kernel: [    0.875138] rtc_cmos 00:00: RTC can wake from S4\r\nNov  5 22:28:55 debian kernel: [    0.876528] rtc_cmos 00:00: registered as rtc0\r\nNov  5 22:28:55 debian kernel: [    0.877245] rtc_cmos 00:00: setting system clock to 2023-11-05T22:28:52 UTC (1699223332)\r\nNov  5 22:28:55 debian kernel: [    0.878367] rtc_cmos 00:00: alarms up to one day, 114 bytes nvram\r\nNov  5 22:28:55 debian kernel: [    0.879193] intel_pstate: CPU model not supported\r\nNov  5 22:28:55 debian kernel: [    0.880016] NET: Registered protocol family 10\r\nNov  5 22:28:55 debian kernel: [    0.887815] Segment Routing with IPv6\r\nNov  5 22:28:55 debian kernel: [    0.888359] mip6: Mobile IPv6\r\nNov  5 22:28:55 debian kernel: [    0.888789] NET: Registered protocol family 17\r\nNov  5 22:28:55 debian kernel: [    0.889495] IPI shorthand broadcast: enabled\r\nNov  5 22:28:55 debian kernel: [    0.890133] sched_clock: Marking stable (876351390, 12430222)-\u003e(885969512, 2812100)\r\nNov  5 22:28:55 debian kernel: [    0.891249] registered taskstats version 1\r\nNov  5 22:28:55 debian kernel: [    0.891816] Loading compiled-in X.509 certificates\r\nNov  5 22:28:55 debian kernel: [    0.924373] Loaded X.509 cert 'Debian Secure Boot CA: 6ccece7e4c6c0d1f6149f3dd27dfcc5cbb419ea1'\r\nNov  5 22:28:55 debian kernel: [    0.925820] Loaded X.509 cert 'Debian Secure Boot Signer 2022 - linux: 14011249c2675ea8e5148542202005810584b25f'\r\nNov  5 22:28:55 debian kernel: [    0.927257] Key type .fscrypt registered\r\nNov  5 22:28:55 debian kernel: [    0.927799] Key type fscrypt-provisioning registered\r\nNov  5 22:28:55 debian kernel: [    0.928580] AppArmor: AppArmor sha1 policy hashing enabled\r\nNov  5 22:28:55 debian kernel: [    0.930889] Freeing unused decrypted memory: 2036K\r\nNov  5 22:28:55 debian kernel: [    0.932152] Freeing unused kernel image (initmem) memory: 2468K\r\nNov  5 22:28:55 debian kernel: [    0.940473] Write protecting the kernel read-only data: 22528k\r\nNov  5 22:28:55 debian kernel: [    0.941995] Freeing unused kernel image (text/rodata gap) memory: 2036K\r\nNov  5 22:28:55 debian kernel: [    0.943191] Freeing unused kernel image (rodata/data gap) memory: 1236K\r\nNov  5 22:28:55 debian kernel: [    0.944602] x86/mm: Checked W+X mappings: passed, no W+X pages found.\r\nNov  5 22:28:55 debian kernel: [    0.945468] x86/mm: Checking user space page tables\r\nNov  5 22:28:55 debian kernel: [    0.946177] x86/mm: Checked W+X mappings: passed, no W+X pages found.\r\nNov  5 22:28:55 debian kernel: [    0.947062] Run /init as init process\r\nNov  5 22:28:55 debian kernel: [    0.947570]   with arguments:\r\nNov  5 22:28:55 debian kernel: [    0.947571]     /init\r\nNov  5 22:28:55 debian kernel: [    0.947571]   with environment:\r\nNov  5 22:28:55 debian kernel: [    0.947572]     HOME=/\r\nNov  5 22:28:55 debian kernel: [    0.947572]     TERM=linux\r\nNov  5 22:28:55 debian kernel: [    0.947573]     BOOT_IMAGE=/boot/vmlinuz-5.10.0-26-cloud-amd64\r\nNov  5 22:28:55 debian kernel: [    0.947574]     intel_iommu=off\r\nNov  5 22:28:55 debian kernel: [    1.011188] PCI Interrupt Link [LNKC] enabled at IRQ 11\r\nNov  5 22:28:55 debian kernel: [    1.012001] virtio-pci 0000:00:03.0: virtio_pci: leaving for legacy driver\r\nNov  5 22:28:55 debian kernel: [    1.039314] PCI Interrupt Link [LNKD] enabled at IRQ 10\r\nNov  5 22:28:55 debian kernel: [    1.040109] virtio-pci 0000:00:04.0: virtio_pci: leaving for legacy driver\r\nNov  5 22:28:55 debian kernel: [    1.044985] PCI Interrupt Link [LNKA] enabled at IRQ 10\r\nNov  5 22:28:55 debian kernel: [    1.045816] virtio-pci 0000:00:05.0: virtio_pci: leaving for legacy driver\r\nNov  5 22:28:55 debian kernel: [    1.066800] SCSI subsystem initialized\r\nNov  5 22:28:55 debian kernel: [    1.076963] input: AT Translated Set 2 keyboard as /devices/platform/i8042/serio0/input/input0\r\nNov  5 22:28:55 debian kernel: [    1.098587] virtio_net virtio1 ens4: renamed from eth0\r\nNov  5 22:28:55 debian kernel: [    1.106780] scsi host0: Virtio SCSI HBA\r\nNov  5 22:28:55 debian kernel: [    1.112690] scsi 0:0:1:0: Direct-Access     Google   PersistentDisk   1    PQ: 0 ANSI: 6\r\nNov  5 22:28:55 debian kernel: [    1.131786] sd 0:0:1:0: [sda] 20971520 512-byte logical blocks: (10.7 GB/10.0 GiB)\r\nNov  5 22:28:55 debian kernel: [    1.132862] sd 0:0:1:0: [sda] 4096-byte physical blocks\r\nNov  5 22:28:55 debian kernel: [    1.133855] sd 0:0:1:0: [sda] Write Protect is off\r\nNov  5 22:28:55 debian kernel: [    1.134528] sd 0:0:1:0: [sda] Mode Sense: 1f 00 00 08\r\nNov  5 22:28:55 debian kernel: [    1.134561] sd 0:0:1:0: [sda] Write cache: enabled, read cache: enabled, doesn't support DPO or FUA\r\nNov  5 22:28:55 debian kernel: [    1.138736]  sda: sda1 sda14 sda15\r\nNov  5 22:28:55 debian kernel: [    1.144772] sd 0:0:1:0: [sda] Attached SCSI disk\r\nNov  5 22:28:55 debian kernel: [    1.192554]  sda: sda1 sda14 sda15\r\nNov  5 22:28:55 debian kernel: [    1.257332] EXT4-fs (sda1): mounted filesystem with ordered data mode. Opts: (null)\r\nNov  5 22:28:55 debian kernel: [    1.280194] Not activating Mandatory Access Control as /sbin/tomoyo-init does not exist.\r\nNov  5 22:28:55 debian kernel: [    2.275561] fuse: init (API version 7.32)\r\nNov  5 22:28:55 debian kernel: [    2.335336] EXT4-fs (sda1): re-mounted. Opts: discard,errors=remount-ro\r\nNov  5 22:28:55 debian kernel: [    2.441089] EXT4-fs (sda1): resizing filesystem from 2588667 to 2588667 blocks\r\nNov  5 22:28:55 debian kernel: [    2.704082] input: Power Button as /devices/LNXSYSTM:00/LNXPWRBN:00/input/input2\r\nNov  5 22:28:55 debian kernel: [    2.720504] ACPI: Power Button [PWRF]\r\nNov  5 22:28:55 debian kernel: [    2.721211] input: Sleep Button as /devices/LNXSYSTM:00/LNXSLPBN:00/input/input3\r\nNov  5 22:28:55 debian kernel: [    2.722269] ACPI: Sleep Button [SLPF]\r\nNov  5 22:28:55 debian kernel: [    2.755455] sd 0:0:1:0: Attached scsi generic sg0 type 0\r\nNov  5 22:28:55 debian kernel: [    2.788017] pstore: Using crash dump compression: deflate\r\nNov  5 22:28:55 debian kernel: [    2.788848] pstore: Registered efi as persistent store backend\r\nNov  5 22:28:55 debian kernel: [    2.809772] tpm_tis MSFT0101:00: 2.0 TPM (device-id 0x9009, rev-id 0)\r\nNov  5 22:28:55 debian kernel: [    2.833971] RAPL PMU: API unit is 2^-32 Joules, 0 fixed counters, 10737418240 ms ovfl timer\r\nNov  5 22:28:55 debian kernel: [    2.871587] cryptd: max_cpu_qlen set to 1000\r\nNov  5 22:28:55 debian kernel: [    2.890990] AVX2 version of gcm_enc/dec engaged.\r\nNov  5 22:28:55 debian kernel: [    2.891665] AES CTR mode by8 optimization enabled\r\nNov  5 22:28:55 debian kernel: [    3.337274] audit: type=1400 audit(1699223334.956:2): apparmor=\"STATUS\" operation=\"profile_load\" profile=\"unconfined\" name=\"lsb_release\" pid=292 comm=\"apparmor_parser\"\r\nNov  5 22:28:55 debian kernel: [    3.421176] audit: type=1400 audit(1699223335.040:3): apparmor=\"STATUS\" operation=\"profile_load\" profile=\"unconfined\" name=\"/usr/sbin/chronyd\" pid=293 comm=\"apparmor_parser\"\r\nNov  5 22:28:55 debian kernel: [    3.540339] audit: type=1400 audit(1699223335.156:4): apparmor=\"STATUS\" operation=\"profile_load\" profile=\"unconfined\" name=\"tcpdump\" pid=294 comm=\"apparmor_parser\"\r\nNov  5 22:28:55 debian kernel: [    3.569321] audit: type=1400 audit(1699223335.188:5): apparmor=\"STATUS\" operation=\"profile_load\" profile=\"unconfined\" name=\"/usr/sbin/haveged\" pid=295 comm=\"apparmor_parser\"\r\nNov  5 22:28:55 debian kernel: [    3.615629] audit: type=1400 audit(1699223335.232:6): apparmor=\"STATUS\" operation=\"profile_load\" profile=\"unconfined\" name=\"nvidia_modprobe\" pid=296 comm=\"apparmor_parser\"\r\nNov  5 22:28:55 debian kernel: [    3.619001] audit: type=1400 audit(1699223335.240:7): apparmor=\"STATUS\" operation=\"profile_load\" profile=\"unconfined\" name=\"nvidia_modprobe//kmod\" pid=296 comm=\"apparmor_parser\"\r\nNov  5 22:28:55 debian kernel: [    3.685409] audit: type=1400 audit(1699223335.304:8): apparmor=\"STATUS\" operation=\"profile_load\" profile=\"unconfined\" name=\"/usr/bin/man\" pid=297 comm=\"apparmor_parser\"\r\nNov  5 22:28:55 debian kernel: [    3.688921] audit: type=1400 audit(1699223335.308:9): apparmor=\"STATUS\" operation=\"profile_load\" profile=\"unconfined\" name=\"man_filter\" pid=297 comm=\"apparmor_parser\"\r\nNov  5 22:28:55 debian kernel: [    3.692140] audit: type=1400 audit(1699223335.308:10): apparmor=\"STATUS\" operation=\"profile_load\" profile=\"unconfined\" name=\"man_groff\" pid=297 comm=\"apparmor_parser\"\r\nNov  5 22:28:55 debian systemd[1]: modprobe@fuse.service: Succeeded.\r\nNov  5 22:28:55 debian systemd[1]: Finished Load Kernel Module fuse.\r\nNov  5 22:28:55 debian systemd[1]: Finished Load Kernel Modules.\r\nNov  5 22:28:55 debian systemd[1]: Finished Remount Root and Kernel File Systems.\r\nNov  5 22:28:55 debian systemd[1]: Mounting FUSE Control File System...\r\nNov  5 22:28:55 debian systemd[1]: Mounting Kernel Configuration File System...\r\nNov  5 22:28:55 debian systemd[1]: Starting Grow File System on /...\r\nNov  5 22:28:55 debian systemd[1]: Condition check resulted in Rebuild Hardware Database being skipped.\r\nNov  5 22:28:55 debian systemd[1]: Starting Flush Journal to Persistent Storage...\r\nNov  5 22:28:55 debian systemd[1]: Condition check resulted in Platform Persistent Storage Archival being skipped.\r\nNov  5 22:28:55 debian systemd[1]: Starting Load/Save Random Seed...\r\nNov  5 22:28:55 debian systemd-growfs[189]: Successfully resized \"/\" to 9.8G bytes (3584 bytes lost due to blocksize).\r\nNov  5 22:28:55 debian systemd[1]: Starting Apply Kernel Variables...\r\nNov  5 22:28:55 debian systemd[1]: Starting Create System Users...\r\nNov  5 22:28:55 debian systemd[1]: Finished Coldplug All udev Devices.\r\nNov  5 22:28:55 debian systemd-sysusers[193]: Creating group systemd-timesync with gid 999.\r\nNov  5 22:28:55 debian systemd-sysusers[193]: Creating user systemd-timesync (systemd Time Synchronization) with uid 999 and gid 999.\r\nNov  5 22:28:55 debian systemd-sysusers[193]: Creating group systemd-coredump with gid 998.\r\nNov  5 22:28:55 debian systemd-sysusers[193]: Creating user systemd-coredump (systemd Core Dumper) with uid 998 and gid 998.\r\nNov  5 22:28:55 debian systemd[1]: Mounted FUSE Control File System.\r\nNov  5 22:28:55 debian systemd[1]: Mounted Kernel Configuration File System.\r\nNov  5 22:28:55 debian systemd[1]: Finished Grow File System on /.\r\nNov  5 22:28:55 debian systemd[1]: Finished Flush Journal to Persistent Storage.\r\nNov  5 22:28:55 debian systemd[1]: Finished Load/Save Random Seed.\r\nNov  5 22:28:55 debian systemd[1]: Finished Apply Kernel Variables.\r\nNov  5 22:28:55 debian systemd[1]: Finished Create System Users.\r\nNov  5 22:28:55 debian systemd[1]: Condition check resulted in First Boot Complete being skipped.\r\nNov  5 22:28:55 debian systemd[1]: Starting Helper to synchronize boot up for ifupdown...\r\nNov  5 22:28:55 debian systemd[1]: Starting Create Static Device Nodes in /dev...\r\nNov  5 22:28:55 debian systemd[1]: Finished Helper to synchronize boot up for ifupdown.\r\nNov  5 22:28:55 debian systemd[1]: Finished Create Static Device Nodes in /dev.\r\nNov  5 22:28:55 debian systemd[1]: Reached target Local File Systems (Pre).\r\nNov  5 22:28:55 debian systemd[1]: Starting Rule-based Manager for Device Events and Files...\r\nNov  5 22:28:55 debian systemd[1]: Started Rule-based Manager for Device Events and Files.\r\nNov  5 22:28:55 debian systemd-udevd[205]: Using default interface naming scheme 'v247'.\r\nNov  5 22:28:55 debian systemd-udevd[205]: ethtool: autonegotiation is unset or enabled, the speed and duplex are not writable.\r\nNov  5 22:28:55 debian systemd[1]: Found device /dev/ttyS0.\r\nNov  5 22:28:55 debian systemd-udevd[201]: ethtool: autonegotiation is unset or enabled, the speed and duplex are not writable.\r\nNov  5 22:28:55 debian systemd[1]: Found device PersistentDisk 15.\r\nNov  5 22:28:55 debian systemd[1]: Mounting /boot/efi...\r\nNov  5 22:28:55 debian cloud-ifupdown-helper: Generated configuration for ens4\r\nNov  5 22:28:55 debian systemd[1]: Mounted /boot/efi.\r\nNov  5 22:28:55 debian systemd[1]: Found device Virtio network device.\r\nNov  5 22:28:55 debian systemd[1]: Reached target Local File Systems.\r\nNov  5 22:28:55 debian systemd[1]: Starting Load AppArmor profiles...\r\nNov  5 22:28:55 debian systemd[1]: Condition check resulted in Store a System Token in an EFI Variable being skipped.\r\nNov  5 22:28:55 debian systemd[1]: Starting Commit a transient machine-id on disk...\r\nNov  5 22:28:55 debian systemd[1]: Starting Create Volatile Files and Directories...\r\nNov  5 22:28:55 debian systemd[1]: Finished Create Volatile Files and Directories.\r\nNov  5 22:28:55 debian systemd[1]: Starting Update UTMP about System Boot/Shutdown...\r\nNov  5 22:28:55 debian apparmor.systemd[283]: Restarting AppArmor\r\nNov  5 22:28:55 debian apparmor.systemd[283]: Reloading AppArmor profiles\r\nNov  5 22:28:55 debian systemd[1]: Finished Update UTMP about System Boot/Shutdown.\r\nNov  5 22:28:55 debian systemd[1]: etc-machine\\x2did.mount: Succeeded.\r\nNov  5 22:28:55 debian systemd[1]: Finished Commit a transient machine-id on disk.\r\nNov  5 22:28:55 debian systemd[1]: Finished Load AppArmor profiles.\r\nNov  5 22:28:55 debian systemd[1]: Started Entropy Daemon based on the HAVEGE algorithm.\r\nNov  5 22:28:55 debian systemd[1]: Reached target System Initialization.\r\nNov  5 22:28:55 debian systemd[1]: Started GCE Workload Certificate refresh timer.\r\nNov  5 22:28:55 debian haveged[298]: haveged: command socket is listening at fd 3\r\nNov  5 22:28:55 debian systemd[1]: Started NSS cache refresh timer.\r\nNov  5 22:28:55 debian systemd[1]: Started Daily Cleanup of Temporary Directories.\r\nNov  5 22:28:55 debian systemd[1]: Listening on D-Bus System Message Bus Socket.\r\nNov  5 22:28:55 debian systemd[1]: Listening on UUID daemon activation socket.\r\nNov  5 22:28:55 debian systemd[1]: Reached target Sockets.\r\nNov  5 22:28:55 debian systemd[1]: Starting Resize root filesystem if needed...\r\nNov  5 22:28:55 debian systemd[1]: Started ifup for ens4.\r\nNov  5 22:28:55 debian google_disk_expand[299]: Checking if filesystem on /dev/sda1 needs resizing\r\nNov  5 22:28:55 debian systemd[1]: Starting Raise network interfaces...\r\nNov  5 22:28:55 debian google_disk_expand[307]: resize2fs 1.46.2 (28-Feb-2021)\r\nNov  5 22:28:55 debian google_disk_expand[307]: The filesystem is already 2588667 (4k) blocks long.  Nothing to do!\r\nNov  5 22:28:55 debian google_disk_expand[299]: Done.\r\nNov  5 22:28:55 debian systemd[1]: google-disk-expand.service: Succeeded.\r\nNov  5 22:28:55 debian systemd[1]: Finished Resize root filesystem if needed.\r\nNov  5 22:28:55 debian systemd[1]: Reached target Basic System.\r\nNov  5 22:28:55 debian systemd[1]: Started Regular background program processing daemon.\r\nNov  5 22:28:55 debian systemd[1]: Started D-Bus System Message Bus.\r\nNov  5 22:28:55 debian systemd[1]: Starting Remove Stale Online ext4 Metadata Check Snapshots...\r\nNov  5 22:28:55 debian systemd[1]: Condition check resulted in getty on tty2-tty6 if dbus and logind are not available being skipped.\r\nNov  5 22:28:55 debian systemd[1]: Starting System Logging Service...\r\nNov  5 22:28:55 debian systemd[1]: Starting User Login Management...\r\nNov  5 22:28:55 debian dhclient[330]: Internet Systems Consortium DHCP Client 4.4.1\r\nNov  5 22:28:55 debian sh[330]: Internet Systems Consortium DHCP Client 4.4.1\r\nNov  5 22:28:55 debian dhclient[330]: Copyright 2004-2018 Internet Systems Consortium.\r\nNov  5 22:28:55 debian sh[330]: Copyright 2004-2018 Internet Systems Consortium.\r\nNov  5 22:28:55 debian dhclient[330]: All rights reserved.\r\nNov  5 22:28:55 debian sh[330]: All rights reserved.\r\nNov  5 22:28:55 debian dhclient[330]: For info, please visit https://www.isc.org/software/dhcp/\r\nNov  5 22:28:55 debian sh[330]: For info, please visit https://www.isc.org/software/dhcp/\r\nNov  5 22:28:55 debian dhclient[330]: \r\nNov  5 22:28:55 debian systemd[1]: Started System Logging Service.\r\nNov  5 22:28:55 debian ifup[304]: ifup: waiting for lock on /run/network/ifstate.ens4\r\nNov  5 22:28:55 debian systemd[1]: Started User Login Management.\r\nNov  5 22:28:55 debian haveged[298]: haveged: ver: 1.9.14; arch: x86; vend: GenuineIntel; build: (gcc 10.2.1 ITV); collect: 128K\r\nNov  5 22:28:55 debian haveged[298]: haveged: cpu: (L4 VC); data: 32K (L4 V); inst: 32K (L4 V); idx: 24/40; sz: 32154/54019\r\nNov  5 22:28:55 debian haveged[298]: haveged: tot tests(BA8): A:1/1 B:1/1 continuous tests(B):  last entropy estimate 8.00142\r\nNov  5 22:28:55 debian haveged[298]: haveged: fills: 0, generated: 0\r\nNov  5 22:28:55 debian dhclient[330]: Listening on LPF/ens4/42:01:0a:9a:00:07\r\nNov  5 22:28:55 debian sh[330]: Listening on LPF/ens4/42:01:0a:9a:00:07\r\nNov  5 22:28:55 debian sh[330]: Sending on   LPF/ens4/42:01:0a:9a:00:07\r\nNov  5 22:28:55 debian sh[330]: Sending on   Socket/fallback\r\nNov  5 22:28:55 debian sh[330]: Created duid \"\\000\\001\\000\\001,\\332\\323\\247B\\001\\012\\232\\000\\007\".\r\nNov  5 22:28:55 debian sh[330]: DHCPDISCOVER on ens4 to 255.255.255.255 port 67 interval 6\r\nNov  5 22:28:55 debian dhclient[330]: Sending on   LPF/ens4/42:01:0a:9a:00:07\r\nNov  5 22:28:55 debian dhclient[330]: Sending on   Socket/fallback\r\nNov  5 22:28:55 debian dhclient[330]: Created duid \"\\000\\001\\000\\001,\\332\\323\\247B\\001\\012\\232\\000\\007\".\r\nNov  5 22:28:55 debian dhclient[330]: DHCPDISCOVER on ens4 to 255.255.255.255 port 67 interval 6\r\nNov  5 22:28:55 debian dhclient[330]: DHCPOFFER of 10.154.0.7 from 169.254.169.254\r\nNov  5 22:28:55 debian sh[330]: DHCPOFFER of 10.154.0.7 from 169.254.169.254\r\nNov  5 22:28:55 debian sh[330]: DHCPREQUEST for 10.154.0.7 on ens4 to 255.255.255.255 port 67\r\nNov  5 22:28:55 debian sh[330]: DHCPACK of 10.154.0.7 from 169.254.169.254\r\nNov  5 22:28:55 debian dhclient[330]: DHCPREQUEST for 10.154.0.7 on ens4 to 255.255.255.255 port 67\r\nNov  5 22:28:55 debian dhclient[330]: DHCPACK of 10.154.0.7 from 169.254.169.254\r\nNov  5 22:28:55 debian systemd[1]: e2scrub_reap.service: Succeeded.\r\nNov  5 22:28:55 debian systemd[1]: Finished Remove Stale Online ext4 Metadata Check Snapshots.\r\nNov  5 22:28:55 debian dhclient[330]: bound to 10.154.0.7 -- renewal in 37936 seconds.\r\nNov  5 22:28:55 debian sh[330]: bound to 10.154.0.7 -- renewal in 37936 seconds.\r\nNov  5 22:28:57 debian dhclient[427]: Internet Systems Consortium DHCP Client 4.4.1\r\nNov  5 22:28:57 debian sh[427]: Internet Systems Consortium DHCP Client 4.4.1\r\nNov  5 22:28:57 debian dhclient[427]: Copyright 2004-2018 Internet Systems Consortium.\r\nNov  5 22:28:57 debian sh[427]: Copyright 2004-2018 Internet Systems Consortium.\r\nNov  5 22:28:57 debian dhclient[427]: All rights reserved.\r\nNov  5 22:28:57 debian sh[427]: All rights reserved.\r\nNov  5 22:28:57 debian dhclient[427]: For info, please visit https://www.isc.org/software/dhcp/\r\nNov  5 22:28:57 debian sh[427]: For info, please visit https://www.isc.org/software/dhcp/\r\nNov  5 22:28:57 debian dhclient[427]: \r\nNov  5 22:28:57 debian dhclient[427]: Listening on Socket/ens4\r\nNov  5 22:28:57 debian sh[427]: Listening on Socket/ens4\r\nNov  5 22:28:57 debian sh[427]: Sending on   Socket/ens4\r\nNov  5 22:28:57 debian sh[427]: PRC: Soliciting for leases (INIT).\r\nNov  5 22:28:57 debian dhclient[427]: Sending on   Socket/ens4\r\nNov  5 22:28:57 debian sh[460]: ens4=ens4\r\nNov  5 22:28:57 debian systemd[1]: Starting GCE Workload Certificate refresh...\r\n         Starting \u001b[0;1;39mGCE Workload Certificate refresh\u001b[0m...\r\nNov  5 22:28:57 debian systemd[1]: Starting NSS cache refresh...\r\n         Starting \u001b[0;1;39mNSS cache refresh\u001b[0m...\r\n[\u001b[0;32m  OK  \u001b[0m] Finished \u001b[0;1;39mRaise network interfaces\u001b[0m.\r\n[\u001b[0;32m  OK  \u001b[0m] Reached target \u001b[0;1;39mNetwork\u001b[0m.\r\n[\u001b[0;32m  OK  \u001b[0m] Reached target \u001b[0;1;39mNetwork is Online\u001b[0m.\r\nNov  5 22:28:57 debian systemd[1]: Finished Raise network interfaces.\r\nNov  5 22:28:57 debian systemd[1]: Reached target Network.\r\nNov  5 22:28:57 debian systemd[1]: Reached target Network is Online.\r\nNov  5 22:28:57 debian systemd[1]: Starting chrony, an NTP client/server...\r\n         Starting \u001b[0;1;39mchrony, an NTP client/server\u001b[0m...\r\nNov  5 22:28:57 debian systemd[1]: Starting Google Compute Engine Guest Agent...\r\n         Starting \u001b[0;1;39mGoogle Compute Engine Guest Agent\u001b[0m...\r\nNov  5 22:28:57 debian systemd[1]: Started Google OSConfig Agent.\r\n[\u001b[0;32m  OK  \u001b[0m] Started \u001b[0;1;39mGoogle OSConfig Agent\u001b[0m.\r\nNov  5 22:28:57 debian systemd[1]: Starting Google Compute Engine Shutdown Scripts...\r\n         Starting \u001b[0;1;39mGoogle Compute Engine Shutdown Scripts\u001b[0m...\r\nNov  5 22:28:57 debian systemd[1]: Starting Permit User Sessions...\r\n         Starting \u001b[0;1;39mPermit User Sessions\u001b[0m...\r\nNov  5 22:28:57 debian systemd[1]: Started Unattended Upgrades Shutdown.\r\n[\u001b[0;32m  OK  \u001b[0m] Started \u001b[0;1;39mUnattended Upgrades Shutdown\u001b[0m.\r\nNov  5 22:28:57 debian systemd[1]: Finished Google Compute Engine Shutdown Scripts.\r\n[\u001b[0;32m  OK  \u001b[0m] Finished \u001b[0;1;39mGoogle Compute Engine Shutdown Scripts\u001b[0m.\r\n[\u001b[0;32m  OK  \u001b[0m] Finished \u001b[0;1;39mPermit User Sessions\u001b[0m.\r\nNov  5 22:28:57 debian systemd[1]: Finished Permit User Sessions.\r\nNov  5 22:28:57 debian systemd[1]: Started Getty on tty1.\r\n[\u001b[0;32m  OK  \u001b[0m] Started \u001b[0;1;39mGetty on tty1\u001b[0m.\r\nNov  5 22:28:57 debian systemd[1]: Started Serial Getty on ttyS0.\r\n[\u001b[0;32m  OK  \u001b[0m] Started \u001b[0;1;39mSerial Getty on ttyS0\u001b[0m.\r\nNov  5 22:28:57 debian systemd[1]: Reached target Login Prompts.\r\n[\u001b[0;32m  OK  \u001b[0m] Reached target \u001b[0;1;39mLogin Prompts\u001b[0m.\r\nNov  5 22:28:57 debian chronyd[492]: chronyd version 4.0 starting (+CMDMON +NTP +REFCLOCK +RTC +PRIVDROP +SCFILTER +SIGND +ASYNCDNS +NTS +SECHASH +IPV6 -DEBUG)\r\nNov  5 22:28:57 debian google_oslogin_nss_cache[463]: oslogin_cache_refresh[463]: Refreshing passwd entry cache\r\nNov  5 22:28:57 debian chronyd[492]: Loaded seccomp filter\r\n[\u001b[0;32m  OK  \u001b[0m] Started \u001b[0;1;39mchrony, an NTP client/server\u001b[0m.\r\n[\u001b[0;32m  OK  \u001b[0m] Reached target \u001b[0;1;39mSystem Time Synchronized\u001b[0m.\r\n[\u001b[0;32m  OK  \u001b[0m] Started \u001b[0;1;39mDaily apt download activities\u001b[0m.\r\nNov  5 22:28:57 debian systemd[1]: Started chrony, an NTP client/server.\r\nNov  5 22:28:57 debian systemd[1]: Reached target System Time Synchronized.\r\nNov  5 22:28:57 debian systemd[1]: Started Daily apt download activities.\r\nNov  5 22:28:57 debian systemd[1]: Started Daily apt upgrade and clean activities.\r\n[\u001b[0;32m  OK  \u001b[0m] Started \u001b[0;1;39mDaily apt upgrade and clean activities\u001b[0m.\r\nNov  5 22:28:57 debian systemd[1]: Started Periodic ext4 Online Metadata Check for All Filesystems.\r\n[\u001b[0;32m  OK  \u001b[0m] Started \u001b[0;1;39mPeriodic ext4 Onli…ata Check for All Filesystems\u001b[0m.\r\nNov  5 22:28:57 debian systemd[1]: Started Daily exim4-base housekeeping.\r\n[\u001b[0;32m  OK  \u001b[0m] Started \u001b[0;1;39mDaily exim4-base housekeeping\u001b[0m.\r\nNov  5 22:28:57 debian systemd[1]: Started Discard unused blocks once a week.\r\n[\u001b[0;32m  OK  \u001b[0m] Started \u001b[0;1;39mDiscard unused blocks once a week\u001b[0m.\r\nNov  5 22:28:57 debian systemd[1]: Started Daily rotation of log files.\r\n[\u001b[0;32m  OK  \u001b[0m] Started \u001b[0;1;39mDaily rotation of log files\u001b[0m.\r\nNov  5 22:28:57 debian systemd[1]: Started Daily man-db regeneration.\r\n[\u001b[0;32m  OK  \u001b[0m] Started \u001b[0;1;39mDaily man-db regeneration\u001b[0m.\r\nNov  5 22:28:57 debian systemd[1]: Reached target Timers.\r\n[\u001b[0;32m  OK  \u001b[0m] Reached target \u001b[0;1;39mTimers\u001b[0m.\r\nNov  5 22:28:57 debian systemd[1]: Starting LSB: exim Mail Transport Agent...\r\n         Starting \u001b[0;1;39mLSB: exim Mail Transport Agent\u001b[0m...\r\nNov  5 22:28:57 debian google_oslogin_nss_cache[463]: oslogin_cache_refresh[463]: Refreshing group entry cache\r\nNov  5 22:28:57 debian dhclient[427]: XMT: Solicit on ens4, interval 1010ms.\r\nNov  5 22:28:57 debian systemd[1]: google-oslogin-cache.service: Succeeded.\r\nNov  5 22:28:57 debian systemd[1]: Finished NSS cache refresh.\r\n[\u001b[0;32m  OK  \u001b[0m] Finished \u001b[0;1;39mNSS cache refresh\u001b[0m.\r\nNov  5 22:28:58 debian exim4[497]: Starting MTA:\r\nNov  5 22:28:58 debian exim4[513]: /usr/sbin/update-exim4.conf: 154: cannot open /etc/mailname: No such file\r\nNov  5 22:28:58 debian dhclient[427]: XMT: Solicit on ens4, interval 2050ms.\r\nNov  5 22:28:58 debian gce_workload_cert_refresh[462]: 2023/11/05 22:28:58: Error getting config status, workload certificat