{
  "kind": "compute#serialPortOutput",
  "contents": "\u001b[2J\u001b[01;01H\u001b[=3h\u001b[2J\u001b[01;01H\u001b[2J\u001b[01;01H\u001b[=3h\u001b[2J\u001b[01;01HCSM BBS Table full.\r\nBdsDxe: loading Boot0001 \"UEFI Google PersistentDisk \" from PciRoot(0x0)/Pci(0x3,0x0)/Scsi(0x1,0x0)\r\nBdsDxe: starting Boot0001 \"UEFI Google PersistentDisk \" from PciRoot(0x0)/Pci(0x3,0x0)/Scsi(0x1,0x0)\r\n\r\nUEFI: Attempting to start image.\r\nDescription: UEFI Google PersistentDisk \r\nFilePath: PciRoot(0x0)/Pci(0x3,0x0)/Scsi(0x1,0x0)\r\nOptionNumber: 1.\r\n\r\n\u001b[0m\u001b[30m\u001b[47mWelcome to GRUB!\n\r\n\r\u001b[0m\u001b[37m\u001b[40m\u001b[0m\u001b[30m\u001b[40m\u001b[2J\u001b[01;01H\u001b[0m\u001b[37m\u001b[40m\u001b[H\u001b[J\u001b[1;1H\u001b[H\u001b[J\u001b[1;1H\u001b[0m\u001b[30m\u001b[40m\u001b[2J\u001b[01;01H\u001b[0m\u001b[37m\u001b[40m    Booting `Debian GNU/Linux'Booting `Debian GNU/Linux'\n\r\n\r\n\r\n\rLoading Linux 5.10.0-26-cloud-amd64 ...Loading Linux 5.10.0-26-cloud-amd64 ...\n\r\n\rLoading initial ramdisk ...Loading initial ramdisk ...\n\r\n\rerror: no suitable video mode found.\n\rerror: no suitable video mode found.\n\rBooting in blind modeBooting in blind mode\n\r\n\r[    0.000000] Linux version 5.10.0-26-cloud-amd64 (debian-kernel@lists.debian.org) (gcc-10 (Debian 10.2.1-6) 10.2.1 20210110, GNU ld (GNU Binutils for Debian) 2.35.2) #1 SMP Debian 5.10.197-1 (2023-09-29)\r\n[    0.000000] Command line: BOOT_IMAGE=/boot/vmlinuz-5.10.0-26-cloud-amd64 root=UUID=b57ca3a2-4659-424b-8f01-043d0e2289c6 ro console=tty0 console=ttyS0,115200 earlyprintk=ttyS0,115200 consoleblank=0 intel_iommu=off\r\n[    0.000000] BIOS-provided physical RAM map:\r\n[    0.000000] BIOS-e820: [mem 0x0000000000000000-0x0000000000000fff] reserved\r\n[    0.000000] BIOS-e820: [mem 0x0000000000001000-0x0000000000054fff] usable\r\n[    0.000000] BIOS-e820: [mem 0x0000000000055000-0x000000000005ffff] reserved\r\n[    0.000000] BIOS-e820: [mem 0x0000000000060000-0x0000000000097fff] usable\r\n[    0.000000] BIOS-e820: [mem 0x0000000000098000-0x000000000009ffff] reserved\r\n[    0.000000] BIOS-e820: [mem 0x0000000000100000-0x0000000025eecfff] usable\r\n[    0.000000] BIOS-e820: [mem 0x0000000025eed000-0x0000000025fecfff] reserved\r\n[    0.000000] BIOS-e820: [mem 0x0000000025fed000-0x00000000260ecfff] type 20\r\n[    0.000000] BIOS-e820: [mem 0x00000000260ed000-0x000000002616cfff] reserved\r\n[    0.000000] BIOS-e820: [mem 0x000000002616d000-0x000000002617efff] ACPI data\r\n[    0.000000] BIOS-e820: [mem 0x000000002617f000-0x00000000261fefff] ACPI NVS\r\n[    0.000000] BIOS-e820: [mem 0x00000000261ff000-0x00000000265dffff] usable\r\n[    0.000000] BIOS-e820: [mem 0x00000000265e0000-0x00000000265fffff] reserved\r\n[    0.000000] printk: bootconsole [earlyser0] enabled\r\n[    0.000000] NX (Execute Disable) protection: active\r\n[    0.000000] efi: EFI v2.70 by EDK II\r\n[    0.000000] efi: TPMFinalLog=0x261f7000 ACPI=0x2617e000 ACPI 2.0=0x2617e014 SMBIOS=0x25fca000 MEMATTR=0x249a7018 \r\n[    0.000000] secureboot: Secure boot disabled\r\n[    0.000000] SMBIOS 2.4 present.\r\n[    0.000000] DMI: Google Google Compute Engine/Google Compute Engine, BIOS Google 10/09/2023\r\n[    0.000000] Hypervisor detected: KVM\r\n[    0.000000] kvm-clock: Using msrs 4b564d01 and 4b564d00\r\n[    0.000000] kvm-clock: cpu 0, msr ba01001, primary cpu clock\r\n[    0.000000] kvm-clock: using sched offset of 6304201218 cycles\r\n[    0.000719] clocksource: kvm-clock: mask: 0xffffffffffffffff max_cycles: 0x1cd42e4dffb, max_idle_ns: 881590591483 ns\r\n[    0.002817] tsc: Detected 2200.152 MHz processor\r\n[    0.003495] last_pfn = 0x265e0 max_arch_pfn = 0x400000000\r\n[    0.004262] x86/PAT: Configuration [0-7]: WB  WC  UC- UC  WB  WP  UC- WT  \r\nMemory KASLR using RDRAND RDTSC...\r\n[    0.005632] Using GB pages for direct mapping\r\n[    0.006450] RAMDISK: [mem 0x23286000-0x24006fff]\r\n[    0.007129] ACPI: Early table checksum verification disabled\r\n[    0.007904] ACPI: RSDP 0x000000002617E014 000024 (v02 Google)\r\n[    0.008734] ACPI: XSDT 0x000000002617D0E8 00005C (v01 Google GOOGFACP 00000001      01000013)\r\n[    0.009886] ACPI: FACP 0x0000000026178000 0000F4 (v02 Google GOOGFACP 00000001 GOOG 00000001)\r\n[    0.010975] ACPI: DSDT 0x0000000026179000 001A64 (v01 Google GOOGDSDT 00000001 GOOG 00000001)\r\n[    0.012135] ACPI: FACS 0x00000000261F2000 000040\r\n[    0.012735] ACPI: SSDT 0x000000002617C000 000316 (v02 GOOGLE Tpm2Tabl 00001000 INTL 20211217)\r\n[    0.013849] ACPI: TPM2 0x000000002617B000 000034 (v04 GOOGLE          00000001 GOOG 00000001)\r\n[    0.016192] ACPI: SRAT 0x0000000026177000 0000B8 (v03 Google GOOGSRAT 00000001 GOOG 00000001)\r\n[    0.017295] ACPI: APIC 0x0000000026176000 00006E (v05 Google GOOGAPIC 00000001 GOOG 00000001)\r\n[    0.018383] ACPI: SSDT 0x0000000026175000 00091F (v01 Google GOOGSSDT 00000001 GOOG 00000001)\r\n[    0.019538] ACPI: WAET 0x0000000026174000 000028 (v01 Google GOOGWAET 00000001 GOOG 00000001)\r\n[    0.020626] ACPI: Reserving FACP table memory at [mem 0x26178000-0x261780f3]\r\n[    0.021537] ACPI: Reserving DSDT table memory at [mem 0x26179000-0x2617aa63]\r\n[    0.022436] ACPI: Reserving FACS table memory at [mem 0x261f2000-0x261f203f]\r\n[    0.023481] ACPI: Reserving SSDT table memory at [mem 0x2617c000-0x2617c315]\r\n[    0.024452] ACPI: Reserving TPM2 table memory at [mem 0x2617b000-0x2617b033]\r\n[    0.025752] ACPI: Reserving SRAT table memory at [mem 0x26177000-0x261770b7]\r\n[    0.026674] ACPI: Reserving APIC table memory at [mem 0x26176000-0x2617606d]\r\n[    0.027573] ACPI: Reserving SSDT table memory at [mem 0x26175000-0x2617591e]\r\n[    0.028485] ACPI: Reserving WAET table memory at [mem 0x26174000-0x26174027]\r\n[    0.029454] SRAT: PXM 0 -\u003e APIC 0x00 -\u003e Node 0\r\n[    0.030071] ACPI: SRAT: Node 0 PXM 0 [mem 0x00000000-0x0009ffff]\r\n[    0.030872] ACPI: SRAT: Node 0 PXM 0 [mem 0x00100000-0x265fffff]\r\n[    0.031682] NUMA: Node 0 [mem 0x00000000-0x0009ffff] + [mem 0x00100000-0x265dffff] -\u003e [mem 0x00000000-0x265dffff]\r\n[    0.033027] NODE_DATA(0) allocated [mem 0x26498000-0x264c1fff]\r\n[    0.034178] Zone ranges:\r\n[    0.034513]   DMA      [mem 0x0000000000001000-0x0000000000ffffff]\r\n[    0.035354]   DMA32    [mem 0x0000000001000000-0x00000000265dffff]\r\n[    0.036266]   Normal   empty\r\n[    0.036722]   Device   empty\r\n[    0.037100] Movable zone start for each node\r\n[    0.037649] Early memory node ranges\r\n[    0.038126]   node   0: [mem 0x0000000000001000-0x0000000000054fff]\r\n[    0.038936]   node   0: [mem 0x0000000000060000-0x0000000000097fff]\r\n[    0.039747]   node   0: [mem 0x0000000000100000-0x0000000025eecfff]\r\n[    0.040547]   node   0: [mem 0x00000000261ff000-0x00000000265dffff]\r\n[    0.041361] Initmem setup node 0 [mem 0x0000000000001000-0x00000000265dffff]\r\n[    0.042756] On node 0, zone DMA: 1 pages in unavailable ranges\r\n[    0.042758] On node 0, zone DMA: 11 pages in unavailable ranges\r\n[    0.043551] On node 0, zone DMA: 104 pages in unavailable ranges\r\n[    0.045909] On node 0, zone DMA32: 786 pages in unavailable ranges\r\n[    0.046863] On node 0, zone DMA32: 6688 pages in unavailable ranges\r\n[    0.048108] ACPI: PM-Timer IO Port: 0xb008\r\n[    0.049572] ACPI: LAPIC_NMI (acpi_id[0xff] dfl dfl lint[0x1])\r\n[    0.050392] IOAPIC[0]: apic_id 0, version 17, address 0xfec00000, GSI 0-23\r\n[    0.051381] ACPI: INT_SRC_OVR (bus 0 bus_irq 5 global_irq 5 high level)\r\n[    0.052355] ACPI: INT_SRC_OVR (bus 0 bus_irq 9 global_irq 9 high level)\r\n[    0.053233] ACPI: INT_SRC_OVR (bus 0 bus_irq 10 global_irq 10 high level)\r\n[    0.054212] ACPI: INT_SRC_OVR (bus 0 bus_irq 11 global_irq 11 high level)\r\n[    0.055286] Using ACPI (MADT) for SMP configuration information\r\n[    0.056099] smpboot: Allowing 1 CPUs, 0 hotplug CPUs\r\n[    0.056804] PM: hibernation: Registered nosave memory: [mem 0x00000000-0x00000fff]\r\n[    0.057782] PM: hibernation: Registered nosave memory: [mem 0x00055000-0x0005ffff]\r\n[    0.058761] PM: hibernation: Registered nosave memory: [mem 0x00098000-0x0009ffff]\r\n[    0.059725] PM: hibernation: Registered nosave memory: [mem 0x000a0000-0x000fffff]\r\n[    0.060763] PM: hibernation: Registered nosave memory: [mem 0x25eed000-0x25fecfff]\r\n[    0.061747] PM: hibernation: Registered nosave memory: [mem 0x25fed000-0x260ecfff]\r\n[    0.062728] PM: hibernation: Registered nosave memory: [mem 0x260ed000-0x2616cfff]\r\n[    0.063705] PM: hibernation: Registered nosave memory: [mem 0x2616d000-0x2617efff]\r\n[    0.064674] PM: hibernation: Registered nosave memory: [mem 0x2617f000-0x261fefff]\r\n[    0.065657] [mem 0x26600000-0xffffffff] available for PCI devices\r\n[    0.066456] Booting paravirtualized kernel on KVM\r\n[    0.067206] clocksource: refined-jiffies: mask: 0xffffffff max_cycles: 0xffffffff, max_idle_ns: 7645519600211568 ns\r\n[    0.073018] setup_percpu: NR_CPUS:8192 nr_cpumask_bits:1 nr_cpu_ids:1 nr_node_ids:1\r\n[    0.074490] percpu: Embedded 63 pages/cpu s221184 r8192 d28672 u2097152\r\n[    0.075441] kvm-guest: PV spinlocks disabled, single CPU\r\n[    0.076562] Built 1 zonelists, mobility grouping on.  Total pages: 150673\r\n[    0.077520] Policy zone: DMA32\r\n[    0.077909] Kernel command line: BOOT_IMAGE=/boot/vmlinuz-5.10.0-26-cloud-amd64 root=UUID=b57ca3a2-4659-424b-8f01-043d0e2289c6 ro console=tty0 console=ttyS0,115200 earlyprintk=ttyS0,115200 consoleblank=0 intel_iommu=off\r\n[    0.080727] DMAR: IOMMU disabled\r\n[    0.081390] Dentry cache hash table entries: 131072 (order: 8, 1048576 bytes, linear)\r\n[    0.082537] Inode-cache hash table entries: 65536 (order: 7, 524288 bytes, linear)\r\n[    0.083567] mem auto-init: stack:off, heap alloc:on, heap free:off\r\n[    0.086311] Memory: 208952K/625000K available (12296K kernel code, 2552K rwdata, 6956K rodata, 2468K init, 3724K bss, 103624K reserved, 0K cma-reserved)\r\n[    0.088380] SLUB: HWalign=64, Order=0-3, MinObjects=0, CPUs=1, Nodes=1\r\n[    0.089243] Kernel/User page tables isolation: enabled\r\nPoking KASLR using RDRAND RDTSC...\r\n[    0.090359] ftrace: allocating 33918 entries in 133 pages\r\n[    0.111071] ftrace: allocated 133 pages with 3 groups\r\n[    0.112660] rcu: Hierarchical RCU implementation.\r\n[    0.113309] rcu: \tRCU restricting CPUs from NR_CPUS=8192 to nr_cpu_ids=1.\r\n[    0.114669] \tRude variant of Tasks RCU enabled.\r\n[    0.115378] \tTracing variant of Tasks RCU enabled.\r\n[    0.115990] rcu: RCU calculated value of scheduler-enlistment delay is 25 jiffies.\r\n[    0.117078] rcu: Adjusting geometry for rcu_fanout_leaf=16, nr_cpu_ids=1\r\n[    0.122409] NR_IRQS: 524544, nr_irqs: 256, preallocated irqs: 16\r\n[    0.123403] random: crng init done\r\n[    0.123865] Console: colour dummy device 80x25\r\n[    0.124633] printk: console [tty0] enabled\r\n[    0.125203] printk: console [ttyS0] enabled\r\n[    0.125203] printk: console [ttyS0] enabled\r\n[    0.126576] printk: bootconsole [earlyser0] disabled\r\n[    0.126576] printk: bootconsole [earlyser0] disabled\r\n[    0.127916] ACPI: Core revision 20200925\r\n[    0.128571] APIC: Switch to symmetric I/O mode setup\r\n[    0.129673] x2apic enabled\r\n[    0.132619] Switched APIC routing to physical x2apic.\r\n[    0.137649] ..TIMER: vector=0x30 apic1=0 pin1=0 apic2=-1 pin2=-1\r\n[    0.138732] clocksource: tsc-early: mask: 0xffffffffffffffff max_cycles: 0x1fb6c2a388e, max_idle_ns: 440795295747 ns\r\n[    0.140243] Calibrating delay loop (skipped) preset value.. 4400.30 BogoMIPS (lpj=8800608)\r\n[    0.144355] Last level iTLB entries: 4KB 64, 2MB 8, 4MB 8\r\n[    0.145111] Last level dTLB entries: 4KB 64, 2MB 0, 4MB 0, 1GB 4\r\n[    0.145966] Spectre V1 : Mitigation: usercopy/swapgs barriers and __user pointer sanitization\r\n[    0.147111] Spectre V2 : Mitigation: IBRS\r\n[    0.148240] Spectre V2 : Spectre v2 / SpectreRSB mitigation: Filling RSB on context switch\r\n[    0.149335] Spectre V2 : Spectre v2 / SpectreRSB : Filling RSB on VMEXIT\r\n[    0.150235] RETBleed: Mitigation: IBRS\r\n[    0.150755] Spectre V2 : mitigation: Enabling conditional Indirect Branch Prediction Barrier\r\n[    0.152241] Speculative Store Bypass: Mitigation: Speculative Store Bypass disabled via prctl and seccomp\r\n[    0.153524] MDS: Mitigation: Clear CPU buffers\r\n[    0.154130] TAA: Mitigation: Clear CPU buffers\r\n[    0.154738] MMIO Stale Data: Vulnerable: Clear CPU buffers attempted, no microcode\r\n[    0.155768] x86/fpu: Supporting XSAVE feature 0x001: 'x87 floating point registers'\r\n[    0.156240] x86/fpu: Supporting XSAVE feature 0x002: 'SSE registers'\r\n[    0.157104] x86/fpu: Supporting XSAVE feature 0x004: 'AVX registers'\r\n[    0.157962] x86/fpu: xstate_offset[2]:  576, xstate_sizes[2]:  256\r\n[    0.158792] x86/fpu: Enabled xstate features 0x7, context size is 832 bytes, using 'standard' format.\r\n[    0.178501] Freeing SMP alternatives memory: 32K\r\n[    0.180811] pid_max: default: 32768 minimum: 301\r\n[    0.189986] LSM: Security Framework initializing\r\n[    0.190640] Yama: disabled by default; enable with sysctl kernel.yama.*\r\n[    0.191565] AppArmor: AppArmor initialized\r\n[    0.192165] TOMOYO Linux initialized\r\n[    0.192257] Mount-cache hash table entries: 2048 (order: 2, 16384 bytes, linear)\r\n[    0.193244] Mountpoint-cache hash table entries: 2048 (order: 2, 16384 bytes, linear)\r\n[    0.303662] smpboot: CPU0: Intel(R) Xeon(R) CPU @ 2.20GHz (family: 0x6, model: 0x4f, stepping: 0x0)\r\n[    0.304239] Performance Events: unsupported p6 CPU model 79 no PMU driver, software events only.\r\n[    0.304239] rcu: Hierarchical SRCU implementation.\r\n[    0.304394] NMI watchdog: Perf NMI watchdog permanently disabled\r\n[    0.305258] smp: Bringing up secondary CPUs ...\r\n[    0.305920] smp: Brought up 1 node, 1 CPU\r\n[    0.306470] smpboot: Max logical packages: 1\r\n[    0.307086] smpboot: Total of 1 processors activated (4400.30 BogoMIPS)\r\n[    0.309733] node 0 deferred pages initialised in 4ms\r\n[    0.310658] devtmpfs: initialized\r\n[    0.311158] x86/mm: Memory block size: 128MB\r\n[    0.311902] PM: Registering ACPI NVS region [mem 0x2617f000-0x261fefff] (524288 bytes)\r\n[    0.312290] clocksource: jiffies: mask: 0xffffffff max_cycles: 0xffffffff, max_idle_ns: 7645041785100000 ns\r\n[    0.313591] futex hash table entries: 256 (order: 2, 16384 bytes, linear)\r\n[    0.314909] NET: Registered protocol family 16\r\n[    0.316347] DMA: preallocated 128 KiB GFP_KERNEL pool for atomic allocations\r\n[    0.317433] DMA: preallocated 128 KiB GFP_KERNEL|GFP_DMA pool for atomic allocations\r\n[    0.318606] DMA: preallocated 128 KiB GFP_KERNEL|GFP_DMA32 pool for atomic allocations\r\n[    0.320254] audit: initializing netlink subsys (disabled)\r\n[    0.321129] thermal_sys: Registered thermal governor 'fair_share'\r\n[    0.321129] thermal_sys: Registered thermal governor 'bang_bang'\r\n[    0.321949] thermal_sys: Registered thermal governor 'step_wise'\r\n[    0.322754] thermal_sys: Registered thermal governor 'user_space'\r\n[    0.323562] thermal_sys: Registered thermal governor 'power_allocator'\r\n[    0.324248] audit: type=2000 audit(1699222087.772:1): state=initialized audit_enabled=0 res=1\r\n[    0.326352] cpuidle: using governor ladder\r\n[    0.326914] cpuidle: using governor menu\r\n[    0.327541] ACPI: bus type PCI registered\r\n[    0.328242] acpiphp: ACPI Hot Plug PCI Controller Driver version: 0.5\r\n[    0.329229] PCI: Using configuration type 1 for base access\r\n[    0.330653] Kprobes globally optimized\r\n[    0.331326] HugeTLB registered 1.00 GiB page size, pre-allocated 0 pages\r\n[    0.332242] HugeTLB registered 2.00 MiB page size, pre-allocated 0 pages\r\n[    0.460031] ACPI: Added _OSI(Module Device)\r\n[    0.460243] ACPI: Added _OSI(Processor Device)\r\n[    0.460868] ACPI: Added _OSI(3.0 _SCP Extensions)\r\n[    0.461507] ACPI: Added _OSI(Processor Aggregator Device)\r\n[    0.462254] ACPI: Added _OSI(Linux-Dell-Video)\r\n[    0.462861] ACPI: Added _OSI(Linux-Lenovo-NV-HDMI-Audio)\r\n[    0.463578] ACPI: Added _OSI(Linux-HPI-Hybrid-Graphics)\r\n[    0.465179] ACPI: 3 ACPI AML tables successfully acquired and loaded\r\n[    0.466976] ACPI: Interpreter enabled\r\n[    0.467510] ACPI: (supports S0 S3 S4 S5)\r\n[    0.468252] ACPI: Using IOAPIC for interrupt routing\r\n[    0.468990] PCI: Using host bridge windows from ACPI; if necessary, use \"pci=nocrs\" and report a bug\r\n[    0.470360] ACPI: Enabled 16 GPEs in block 00 to 0F\r\n[    0.473394] ACPI: PCI Root Bridge [PCI0] (domain 0000 [bus 00-ff])\r\n[    0.474256] acpi PNP0A03:00: _OSC: OS supports [ASPM ClockPM Segments MSI HPX-Type3]\r\n[    0.475299] acpi PNP0A03:00: fail to add MMCONFIG information, can't access extended PCI configuration space under this bridge.\r\n[    0.476888] PCI host bridge to bus 0000:00\r\n[    0.477456] pci_bus 0000:00: root bus resource [io  0x0000-0x0cf7 window]\r\n[    0.478415] pci_bus 0000:00: root bus resource [io  0x0d00-0xffff window]\r\n[    0.479461] pci_bus 0000:00: root bus resource [mem 0x000a0000-0x000bffff window]\r\n[    0.480247] pci_bus 0000:00: root bus resource [mem 0x80000000-0xfebfefff window]\r\n[    0.481256] pci_bus 0000:00: root bus resource [bus 00-ff]\r\n[    0.482054] pci 0000:00:00.0: [8086:1237] type 00 class 0x060000\r\n[    0.485544] pci 0000:00:01.0: [8086:7110] type 00 class 0x060100\r\n[    0.502223] pci 0000:00:01.3: [8086:7113] type 00 class 0x068000\r\n[    0.517091] pci 0000:00:01.3: quirk: [io  0xb000-0xb03f] claimed by PIIX4 ACPI\r\n[    0.518526] pci 0000:00:03.0: [1af4:1004] type 00 class 0x000000\r\n[    0.526224] pci 0000:00:03.0: reg 0x10: [io  0xc040-0xc07f]\r\n[    0.531472] pci 0000:00:03.0: reg 0x14: [mem 0x80000000-0x8000007f]\r\n[    0.546622] pci 0000:00:04.0: [1af4:1000] type 00 class 0x020000\r\n[    0.554307] pci 0000:00:04.0: reg 0x10: [io  0xc000-0xc03f]\r\n[    0.559353] pci 0000:00:04.0: reg 0x14: [mem 0x80002000-0x8000203f]\r\n[    0.573536] pci 0000:00:05.0: [1af4:1005] type 00 class 0x00ff00\r\n[    0.580245] pci 0000:00:05.0: reg 0x10: [io  0xc080-0xc09f]\r\n[    0.584248] pci 0000:00:05.0: reg 0x14: [mem 0x80001000-0x8000103f]\r\n[    0.599034] ACPI: PCI Interrupt Link [LNKA] (IRQs 5 *10 11)\r\n[    0.600321] ACPI: PCI Interrupt Link [LNKB] (IRQs 5 *10 11)\r\n[    0.602230] ACPI: PCI Interrupt Link [LNKC] (IRQs 5 10 *11)\r\n[    0.604306] ACPI: PCI Interrupt Link [LNKD] (IRQs 5 10 *11)\r\n[    0.608273] ACPI: PCI Interrupt Link [LNKS] (IRQs *9)\r\n[    0.609286] iommu: Default domain type: Translated \r\n[    0.609988] vgaarb: loaded\r\n[    0.610455] Registered efivars operations\r\n[    0.611167] NetLabel: Initializing\r\n[    0.611654] NetLabel:  domain hash size = 128\r\n[    0.612241] NetLabel:  protocols = UNLABELED CIPSOv4 CALIPSO\r\n[    0.613073] NetLabel:  unlabeled traffic allowed by default\r\n[    0.613826] PCI: Using ACPI for IRQ routing\r\n[    0.614540] clocksource: Switched to clocksource kvm-clock\r\n[    0.624617] VFS: Disk quotas dquot_6.6.0\r\n[    0.625239] VFS: Dquot-cache hash table entries: 512 (order 0, 4096 bytes)\r\n[    0.626314] AppArmor: AppArmor Filesystem Enabled\r\n[    0.627022] pnp: PnP ACPI init\r\n[    0.627958] pnp: PnP ACPI: found 7 devices\r\n[    0.633849] clocksource: acpi_pm: mask: 0xffffff max_cycles: 0xffffff, max_idle_ns: 2085701024 ns\r\n[    0.635155] NET: Registered protocol family 2\r\n[    0.635798] IP idents hash table entries: 16384 (order: 5, 131072 bytes, linear)\r\n[    0.638083] tcp_listen_portaddr_hash hash table entries: 512 (order: 1, 8192 bytes, linear)\r\n[    0.639370] TCP established hash table entries: 8192 (order: 4, 65536 bytes, linear)\r\n[    0.640438] TCP bind hash table entries: 8192 (order: 5, 131072 bytes, linear)\r\n[    0.641450] TCP: Hash tables configured (established 8192 bind 8192)\r\n[    0.642518] UDP hash table entries: 512 (order: 2, 16384 bytes, linear)\r\n[    0.643445] UDP-Lite hash table entries: 512 (order: 2, 16384 bytes, linear)\r\n[    0.644444] NET: Registered protocol family 1\r\n[    0.645084] NET: Registered protocol family 44\r\n[    0.645890] pci_bus 0000:00: resource 4 [io  0x0000-0x0cf7 window]\r\n[    0.646888] pci_bus 0000:00: resource 5 [io  0x0d00-0xffff window]\r\n[    0.647741] pci_bus 0000:00: resource 6 [mem 0x000a0000-0x000bffff window]\r\n[    0.648660] pci_bus 0000:00: resource 7 [mem 0x80000000-0xfebfefff window]\r\n[    0.649632] pci 0000:00:00.0: Limiting direct PCI/PCI transfers\r\n[    0.650507] PCI: CLS 0 bytes, default 64\r\n[    0.651103] Trying to unpack rootfs image as initramfs...\r\n[    0.864490] Freeing initrd memory: 13828K\r\n[    0.865155] clocksource: tsc: mask: 0xffffffffffffffff max_cycles: 0x1fb6c2a388e, max_idle_ns: 440795295747 ns\r\n[    0.866668] clocksource: Switched to clocksource tsc\r\n[    0.867561] Initialise system trusted keyrings\r\n[    0.868176] Key type blacklist registered\r\n[    0.868781] workingset: timestamp_bits=36 max_order=18 bucket_order=0\r\n[    0.870585] zbud: loaded\r\n[    0.871214] Key type asymmetric registered\r\n[    0.871780] Asymmetric key parser 'x509' registered\r\n[    0.872463] Block layer SCSI generic (bsg) driver version 0.4 loaded (major 252)\r\n[    0.873492] io scheduler mq-deadline registered\r\n[    0.874773] Serial: 8250/16550 driver, 4 ports, IRQ sharing enabled\r\n[    0.875724] 00:03: ttyS0 at I/O 0x3f8 (irq = 4, base_baud = 115200) is a 16550A\r\n[    0.876985] 00:04: ttyS1 at I/O 0x2f8 (irq = 3, base_baud = 115200) is a 16550A\r\n[    0.878177] 00:05: ttyS2 at I/O 0x3e8 (irq = 6, base_baud = 115200) is a 16550A\r\n[    0.879317] 00:06: ttyS3 at I/O 0x2e8 (irq = 7, base_baud = 115200) is a 16550A\r\n[    0.880614] i8042: PNP: PS/2 Controller [PNP0303:KBD,PNP0f13:MOU] at 0x60,0x64 irq 1,12\r\n[    0.881795] i8042: Warning: Keylock active\r\n[    0.884055] serio: i8042 KBD port at 0x60,0x64 irq 1\r\n[    0.884979] serio: i8042 AUX port at 0x60,0x64 irq 12\r\n[    0.885878] rtc_cmos 00:00: RTC can wake from S4\r\n[    0.887437] rtc_cmos 00:00: registered as rtc0\r\n[    0.888158] rtc_cmos 00:00: setting system clock to 2023-11-05T22:08:08 UTC (1699222088)\r\n[    0.889328] rtc_cmos 00:00: alarms up to one day, 114 bytes nvram\r\n[    0.890233] intel_pstate: CPU model not supported\r\n[    0.891156] NET: Registered protocol family 10\r\n[    0.899403] Segment Routing with IPv6\r\n[    0.899963] mip6: Mobile IPv6\r\n[    0.900393] NET: Registered protocol family 17\r\n[    0.901131] IPI shorthand broadcast: enabled\r\n[    0.901810] sched_clock: Marking stable (892156476, 8844457)-\u003e(903635173, -2634240)\r\n[    0.902912] registered taskstats version 1\r\n[    0.903492] Loading compiled-in X.509 certificates\r\n[    0.937052] Loaded X.509 cert 'Debian Secure Boot CA: 6ccece7e4c6c0d1f6149f3dd27dfcc5cbb419ea1'\r\n[    0.938955] Loaded X.509 cert 'Debian Secure Boot Signer 2022 - linux: 14011249c2675ea8e5148542202005810584b25f'\r\n[    0.940444] Key type .fscrypt registered\r\n[    0.941057] Key type fscrypt-provisioning registered\r\n[    0.941824] AppArmor: AppArmor sha1 policy hashing enabled\r\n[    0.944048] Freeing unused decrypted memory: 2036K\r\n[    0.945334] Freeing unused kernel image (initmem) memory: 2468K\r\n[    0.952892] Write protecting the kernel read-only data: 22528k\r\n[    0.954489] Freeing unused kernel image (text/rodata gap) memory: 2036K\r\n[    0.955714] Freeing unused kernel image (rodata/data gap) memory: 1236K\r\n[    0.957223] x86/mm: Checked W+X mappings: passed, no W+X pages found.\r\n[    0.958168] x86/mm: Checking user space page tables\r\n[    0.958916] x86/mm: Checked W+X mappings: passed, no W+X pages found.\r\n[    0.959879] Run /init as init process\r\nLoading, please wait...\r\nStarting version 247.3-7+deb11u4\r\n[    1.024258] PCI Interrupt Link [LNKC] enabled at IRQ 11\r\n[    1.042212] virtio-pci 0000:00:03.0: virtio_pci: leaving for legacy driver\r\n[    1.054186] PCI Interrupt Link [LNKD] enabled at IRQ 10\r\n[    1.054959] virtio-pci 0000:00:04.0: virtio_pci: leaving for legacy driver\r\n[    1.060417] PCI Interrupt Link [LNKA] enabled at IRQ 10\r\n[    1.061223] virtio-pci 0000:00:05.0: virtio_pci: leaving for legacy driver\r\n[    1.087633] SCSI subsystem initialized\r\n[    1.089067] input: AT Translated Set 2 keyboard as /devices/platform/i8042/serio0/input/input0\r\n[    1.125196] virtio_net virtio1 ens4: renamed from eth0\r\n[    1.135311] scsi host0: Virtio SCSI HBA\r\n[    1.143039] scsi 0:0:1:0: Direct-Access     Google   PersistentDisk   1    PQ: 0 ANSI: 6\r\n[    1.163767] sd 0:0:1:0: [sda] 20971520 512-byte logical blocks: (10.7 GB/10.0 GiB)\r\n[    1.164996] sd 0:0:1:0: [sda] 4096-byte physical blocks\r\n[    1.166142] sd 0:0:1:0: [sda] Write Protect is off\r\n[    1.166935] sd 0:0:1:0: [sda] Write cache: enabled, read cache: enabled, doesn't support DPO or FUA\r\n[    1.172995]  sda: sda1 sda14 sda15\r\n[    1.185246] sd 0:0:1:0: [sda] Attached SCSI disk\r\nBegin: Loading essential drivers ... done.\r\nBegin: Running /scripts/init-premount ... done.\r\nBegin: Mounting root file system ... Begin: Running /scripts/local-top ... done.\r\nBegin: Runnin[    1.212290] gce-disk-expand: Resizing partition on \r\ng /scripts/local-premount ...
[    1.238619]  sda: sda1 sda14 sda15\r\n[    1.250327] gce-disk-expand: Disk /dev/sda1 doesn't need resizing.\r\ndone.\r\nBegin: Will now check root file system ... fsck from util-linux 2.36.1\r\n[/sbin/fsck.ext4 (1) -- /dev/sda1] fsck.ext4 -a -C0 /dev/sda1 \r\n/dev/sda1: recovering journal\r\n/dev/sda1: clean, 80733/647168 files, 557482/2588667 blocks\r\ndone.\r\n[    1.356362] EXT4-fs (sda1): mounted filesystem with ordered data mode. Opts: (null)\r\ndone.\r\nBegin: Running /scripts/local-bottom ... done.\r\nBegin: Running /scripts/init-bottom ... done.\r\n[    1.412032] Not activating Mandatory Access Control as /sbin/tomoyo-init does not exist.\r\n[    1.516692] systemd[1]: Inserted module 'autofs4'\r\n[    1.574192] systemd[1]: systemd 247.3-7+deb11u4 running in system mode. (+PAM +AUDIT +SELINUX +IMA +APPARMOR +SMACK +SYSVINIT +UTMP +LIBCRYPTSETUP +GCRYPT +GNUTLS +ACL +XZ +LZ4 +ZSTD +SECCOMP +BLKID +ELFUTILS +KMOD +IDN2 -IDN +PCRE2 default-hierarchy=unified)\r\n[    1.577630] systemd[1]: Detected virtualization kvm.\r\n[    1.578474] systemd[1]: Detected architecture x86-64.\r\n\r\nWelcome to \u001b[1mDebian GNU/Linux 11 (bullseye)\u001b[0m!\r\n\r\n[    1.609451] systemd[1]: Set hostname to \u003cdebian\u003e.\r\n[    2.053557] systemd[1]: Queued start job for default target Graphical Interface.\r\n[    2.055601] systemd[1]: Created slice system-getty.slice.\r\n[\u001b[0;32m  OK  \u001b[0m] Created slice \u001b[0;1;39msystem-getty.slice\u001b[0m.\r\n[    2.069263] systemd[1]: Created slice system-modprobe.slice.\r\n[\u001b[0;32m  OK  \u001b[0m] Created slice \u001b[0;1;39msystem-modprobe.slice\u001b[0m.\r\n[    2.081331] systemd[1]: Created slice system-serial\\x2dgetty.slice.\r\n[\u001b[0;32m  OK  \u001b[0m] Created slice \u001b[0;1;39msystem-serial\\x2dgetty.slice\u001b[0m.\r\n[    2.093301] systemd[1]: Created slice system-systemd\\x2dgrowfs.slice.\r\n[\u001b[0;32m  OK  \u001b[0m] Created slice \u001b[0;1;39msystem-systemd\\x2dgrowfs.slice\u001b[0m.\r\n[    2.105261] systemd[1]: Created slice User and Session Slice.\r\n[\u001b[0;32m  OK  \u001b[0m] Created slice \u001b[0;1;39mUser and Session Slice\u001b[0m.\r\n[    2.117064] systemd[1]: Started Dispatch Password Requests to Console Directory Watch.\r\n[\u001b[0;32m  OK  \u001b[0m] Started \u001b[0;1;39mDispatch Password …ts to Console Directory Watch\u001b[0m.\r\n[    2.129042] systemd[1]: Started Forward Password Requests to Wall Directory Watch.\r\n[\u001b[0;32m  OK  \u001b[0m] Started \u001b[0;1;39mForward Password R…uests to Wall Directory Watch\u001b[0m.\r\n[    2.141225] systemd[1]: Set up automount Arbitrary Executable File Formats File System Automount Point.\r\n[\u001b[0;32m  OK  \u001b[0m] Set up automount \u001b[0;1;39mArbitrary…s File System Automount Point\u001b[0m.\r\n[    2.152988] systemd[1]: Reached target Local Encrypted Volumes.\r\n[\u001b[0;32m  OK  \u001b[0m] Reached target \u001b[0;1;39mLocal Encrypted Volumes\u001b[0m.\r\n[    2.164999] systemd[1]: Reached target Paths.\r\n[\u001b[0;32m  OK  \u001b[0m] Reached target \u001b[0;1;39mPaths\u001b[0m.\r\n[    2.176978] systemd[1]: Reached target Remote File Systems.\r\n[\u001b[0;32m  OK  \u001b[0m] Reached target \u001b[0;1;39mRemote File Systems\u001b[0m.\r\n[    2.188968] systemd[1]: Reached target Slices.\r\n[\u001b[0;32m  OK  \u001b[0m] Reached target \u001b[0;1;39mSlices\u001b[0m.\r\n[    2.200976] systemd[1]: Reached target Swap.\r\n[\u001b[0;32m  OK  \u001b[0m] Reached target \u001b[0;1;39mSwap\u001b[0m.\r\n[    2.212960] systemd[1]: Reached target System Time Set.\r\n[\u001b[0;32m  OK  \u001b[0m] Reached target \u001b[0;1;39mSystem Time Set\u001b[0m.\r\n[    2.225140] systemd[1]: Listening on Syslog Socket.\r\n[\u001b[0;32m  OK  \u001b[0m] Listening on \u001b[0;1;39mSyslog Socket\u001b[0m.\r\n[    2.237113] systemd[1]: Listening on fsck to fsckd communication Socket.\r\n[\u001b[0;32m  OK  \u001b[0m] Listening on \u001b[0;1;39mfsck to fsckd communication Socket\u001b[0m.\r\n[    2.249030] systemd[1]: Listening on initctl Compatibility Named Pipe.\r\n[\u001b[0;32m  OK  \u001b[0m] Listening on \u001b[0;1;39minitctl Compatibility Named Pipe\u001b[0m.\r\n[    2.261309] systemd[1]: Listening on Journal Audit Socket.\r\n[\u001b[0;32m  OK  \u001b[0m] Listening on \u001b[0;1;39mJournal Audit Socket\u001b[0m.\r\n[    2.273158] systemd[1]: Listening on Journal Socket (/dev/log).\r\n[\u001b[0;32m  OK  \u001b[0m] Listening on \u001b[0;1;39mJournal Socket (/dev/log)\u001b[0m.\r\n[    2.285255] systemd[1]: Listening on Journal Socket.\r\n[\u001b[0;32m  OK  \u001b[0m] Listening on \u001b[0;1;39mJournal Socket\u001b[0m.\r\n[    2.297803] systemd[1]: Listening on udev Control Socket.\r\n[\u001b[0;32m  OK  \u001b[0m] Listening on \u001b[0;1;39mudev Control Socket\u001b[0m.\r\n[    2.309206] systemd[1]: Listening on udev Kernel Socket.\r\n[\u001b[0;32m  OK  \u001b[0m] Listening on \u001b[0;1;39mudev Kernel Socket\u001b[0m.\r\n[    2.321950] systemd[1]: Mounting Huge Pages File System...\r\n         Mounting \u001b[0;1;39mHuge Pages File System\u001b[0m...\r\n[    2.333853] systemd[1]: Mounting POSIX Message Queue File System...\r\n         Mounting \u001b[0;1;39mPOSIX Message Queue File System\u001b[0m...\r\n[    2.345854] systemd[1]: Mounting Kernel Debug File System...\r\n         Mounting \u001b[0;1;39mKernel Debug File System\u001b[0m...\r\n[    2.357860] systemd[1]: Mounting Kernel Trace File System...\r\n         Mounting \u001b[0;1;39mKernel Trace File System\u001b[0m...\r\n[    2.369971] systemd[1]: Starting Create list of static device nodes for the current kernel...\r\n         Starting \u001b[0;1;39mCreate list of st…odes for the current kernel\u001b[0m...\r\n[    2.381800] systemd[1]: Starting Load Kernel Module configfs...\r\n         Starting \u001b[0;1;39mLoad Kernel Module configfs\u001b[0m...\r\n[    2.393757] systemd[1]: Starting Load Kernel Module drm...\r\n         Starting \u001b[0;1;39mLoad Kernel Module drm\u001b[0m...\r\n[    2.405729] systemd[1]: Starting Load Kernel Module fuse...\r\n         Starting \u001b[0;1;39mLoad Kernel Module fuse\u001b[0m...\r\n[    2.418120] systemd[1]: Condition check resulted in Set Up Additional Binary Formats being skipped.\r\n[    2.419396] systemd[1]: Condition check resulted in File System Check on Root Device being skipped.\r\n[    2.421078] fuse: init (API version 7.32)\r\n[    2.423118] systemd[1]: Starting Journal Service...\r\n         Starting \u001b[0;1;39mJournal Service\u001b[0m...\r\n[    2.434531] systemd[1]: Starting Load Kernel Modules...\r\n         Starting \u001b[0;1;39mLoad Kernel Modules\u001b[0m...\r\n[    2.445725] systemd[1]: Starting Remount Root and Kernel File Systems...\r\n         Starting \u001b[0;1;39mRemount Root and Kernel File Systems\u001b[0m...\r\n[    2.457616] systemd[1]: Starting Coldplug All udev Devices...\r\n         Starting \u001b[0;1;39mColdplug All udev Devices\u001b[0m...\r\n[    2.462870] systemd[1]: Mounted Huge Pages File System.\r\n[\u001b[0;32m  OK  \u001b[0m] Mounted \u001b[0;1;39mHuge Pages File System\u001b[0m.\r\n[    2.467567] systemd[1]: Mounted POSIX Message Queue File System.\r\n[\u001b[0;32m  OK  \u001b[0m] Mounted \u001b[0;1;39mPOSIX Message Queue File System\u001b[0m.\r\n[    2.477036] systemd[1]: Mounted Kernel Debug File System.\r\n[\u001b[0;32m  OK  \u001b[0m] Mounted \u001b[0;1;39mKernel Debug File System\u001b[0m.\r\n[    2.479527] EXT4-fs (sda1): re-mounted. Opts: discard,errors=remount-ro\r\n[    2.489709] systemd[1]: Mounted Kernel Trace File System.\r\n[\u001b[0;32m  OK  \u001b[0m] Mounted \u001b[0;1;39mKernel Trace File System\u001b[0m.\r\n[    2.501252] systemd[1]: Finished Create list of static device nodes for the current kernel.\r\n[\u001b[0;32m  OK  \u001b[0m] Finished \u001b[0;1;39mCreate list of st… nodes for the current kernel\u001b[0m.\r\n[    2.505287] systemd[1]: modprobe@configfs.service: Succeeded.\r\n[    2.506330] systemd[1]: Finished Load Kernel Module configfs.\r\n[\u001b[0;32m  OK  \u001b[0m] Finished \u001b[0;1;39mLoad Kernel Module configfs\u001b[0m.\r\n[    2.509206] systemd[1]: modprobe@drm.service: Succeeded.\r\n[    2.510146] systemd[1]: Finished Load Kernel Module drm.\r\n[\u001b[0;32m  OK  \u001b[0m] Finished \u001b[0;1;39mLoad Kernel Module drm\u001b[0m.\r\n[    2.513270] systemd[1]: modprobe@fuse.service: Succeeded.\r\n[    2.514239] systemd[1]: Finished Load Kernel Module fuse.\r\n[\u001b[0;32m  OK  \u001b[0m] Finished \u001b[0;1;39mLoad Kernel Module fuse\u001b[0m.\r\n[    2.517301] systemd[1]: Finished Load Kernel Modules.\r\n[\u001b[0;32m  OK  \u001b[0m] Finished \u001b[0;1;39mLoad Kernel Modules\u001b[0m.\r\n[    2.521320] systemd[1]: Finished Remount Root and Kernel File Systems.\r\n[\u001b[0;32m  OK  \u001b[0m] Finished \u001b[0;1;39mRemount Root and Kernel File Systems\u001b[0m.\r\n[    2.533060] systemd[1]: Started Journal Service.\r\n[\u001b[0;32m  OK  \u001b[0m] Started \u001b[0;1;39mJournal Service\u001b[0m.\r\n         Mounting \u001b[0;1;39mFUSE Control File System\u001b[0m...\r\n         Mounting \u001b[0;1;39mKernel Configuration File System\u001b[0m...\r\n         Starting \u001b[0;1;39mGrow File System on /\u001b[0m...\r\n         Starting \u001b[0;1;39mFlush Journal to Persistent Storage\u001b[0m...\r\n[    2.589223] EXT4-fs (sda1): resizing filesystem from 2588667 to 2588667 blocks\r\n         Starting \u001b[0;1;39mLoad/Save Random Seed\u001b[0m...\r\n[    2.601297] systemd-journald[181]: Received client request to flush runtime journal.\r\n         Starting \u001b[0;1;39mApply Kernel Variables\u001b[0m...\r\n[    2.611433] systemd-journald[181]: File /var/log/journal/be83091d37008c697cfa1f94438f1501/system.journal corrupted or uncleanly shut down, renaming and replacing.\r\n         Starting \u001b[0;1;39mCreate System Users\u001b[0m...\r\n[\u001b[0;32m  OK  \u001b[0m] Finished \u001b[0;1;39mColdplug All udev Devices\u001b[0m.\r\n[\u001b[0;32m  OK  \u001b[0m] Mounted \u001b[0;1;39mFUSE Control File System\u001b[0m.\r\n[\u001b[0;32m  OK  \u001b[0m] Mounted \u001b[0;1;39mKernel Configuration File System\u001b[0m.\r\n[\u001b[0;32m  OK  \u001b[0m] Finished \u001b[0;1;39mGrow File System on /\u001b[0m.\r\n[\u001b[0;32m  OK  \u001b[0m] Finished \u001b[0;1;39mFlush Journal to Persistent Storage\u001b[0m.\r\n[\u001b[0;32m  OK  \u001b[0m] Finished \u001b[0;1;39mLoad/Save Random Seed\u001b[0m.\r\n[\u001b[0;32m  OK  \u001b[0m] Finished \u001b[0;1;39mApply Kernel Variables\u001b[0m.\r\n         Starting \u001b[0;1;39mHelper to synchronize boot up for ifupdown\u001b[0m...\r\n[\u001b[0;32m  OK  \u001b[0m] Finished \u001b[0;1;39mHelper to synchronize boot up for ifupdown\u001b[0m.\r\n[\u001b[0;32m  OK  \u001b[0m] Finished \u001b[0;1;39mCreate System Users\u001b[0m.\r\n         Starting \u001b[0;1;39mCreate Static Device Nodes in /dev\u001b[0m...\r\n[\u001b[0;32m  OK  \u001b[0m] Finished \u001b[0;1;39mCreate Static Device Nodes in /dev\u001b[0m.\r\n[\u001b[0;32m  OK  \u001b[0m] Reached target \u001b[0;1;39mLocal File Systems (Pre)\u001b[0m.\r\n         Starting \u001b[0;1;39mRule-based Manage…for Device Events and Files\u001b[0m...\r\n[\u001b[0;32m  OK  \u001b[0m] Started \u001b[0;1;39mRule-based Manager for Device Events and Files\u001b[0m.\r\n[    3.277171] input: Power Button as /devices/LNXSYSTM:00/LNXPWRBN:00/input/input2\r\n[    3.292946] ACPI: Power Button [PWRF]\r\n[    3.293557] input: Sleep Button as /devices/LNXSYSTM:00/LNXSLPBN:00/input/input3\r\n[    3.294685] ACPI: Sleep Button [SLPF]\r\n[    3.343960] tpm_tis MSFT0101:00: 2.0 TPM (device-id 0x9009, rev-id 0)\r\n[\u001b[0;32m  OK  \u001b[0m] Found device \u001b[0;1;39m/dev/ttyS0\u001b[0m.\r\n[    3.380699] pstore: Using crash dump compression: deflate\r\n[    3.381843] pstore: Registered efi as persistent store backend\r\n[    3.398730] sd 0:0:1:0: Attached scsi generic sg0 type 0\r\n[    3.506405] RAPL PMU: API unit is 2^-32 Joules, 0 fixed counters, 10737418240 ms ovfl timer\r\n[    3.556010] cryptd: max_cpu_qlen set to 1000\r\n[    3.619794] AVX2 version of gcm_enc/dec engaged.\r\n[    3.620470] AES CTR mode by8 optimization enabled\r\n[\u001b[0;32m  OK  \u001b[0m] Found device \u001b[0;1;39mPersistentDisk 15\u001b[0m.\r\n         Mounting \u001b[0;1;39m/boot/efi\u001b[0m...\r\n[\u001b[0;32m  OK  \u001b[0m] Found device \u001b[0;1;39mVirtio network device\u001b[0m.\r\n[    3.755988] FAT-fs (sda15): Volume was not properly unmounted. Some data may be corrupt. Please run fsck.\r\n[\u001b[0;32m  OK  \u001b[0m] Mounted \u001b[0;1;39m/boot/efi\u001b[0m.\r\n[\u001b[0;32m  OK  \u001b[0m] Reached target \u001b[0;1;39mLocal File Systems\u001b[0m.\r\n         Starting \u001b[0;1;39mLoad AppArmor profiles\u001b[0m...\r\n         Starting \u001b[0;1;39mCreate Volatile Files and Directories\u001b[0m...\r\n[\u001b[0;32m  OK  \u001b[0m] Finished \u001b[0;1;39mCreate Volatile Files and Directories\u001b[0m.\r\n         Starting \u001b[0;1;39mUpdate UTMP about System Boot/Shutdown\u001b[0m...\r\n[\u001b[0;32m  OK  \u001b[0m] Finished \u001b[0;1;39mUpdate UTMP about System Boot/Shutdown\u001b[0m.\r\n[    3.922944] audit: type=1400 audit(1699222091.531:2): apparmor=\"STATUS\" operation=\"profile_load\" profile=\"unconfined\" name=\"lsb_release\" pid=291 comm=\"apparmor_parser\"\r\n[    3.945810] audit: type=1400 audit(1699222091.555:3): apparmor=\"STATUS\" operation=\"profile_load\" profile=\"unconfined\" name=\"/usr/sbin/chronyd\" pid=292 comm=\"apparmor_parser\"\r\n[    3.956354] audit: type=1400 audit(1699222091.563:4): apparmor=\"STATUS\" operation=\"profile_load\" profile=\"unconfined\" name=\"tcpdump\" pid=293 comm=\"apparmor_parser\"\r\n[    4.002911] audit: type=1400 audit(1699222091.611:5): apparmor=\"STATUS\" operation=\"profile_load\" profile=\"unconfined\" name=\"/usr/sbin/haveged\" pid=294 comm=\"apparmor_parser\"\r\n[    4.009913] audit: type=1400 audit(1699222091.619:6): apparmor=\"STATUS\" operation=\"profile_load\" profile=\"unconfined\" name=\"nvidia_modprobe\" pid=295 comm=\"apparmor_parser\"\r\n[    4.011993] audit: type=1400 audit(1699222091.619:7): apparmor=\"STATUS\" operation=\"profile_load\" profile=\"unconfined\" name=\"nvidia_modprobe//kmod\" pid=295 comm=\"apparmor_parser\"\r\n[    4.018796] audit: type=1400 audit(1699222091.627:8): apparmor=\"STATUS\" operation=\"profile_load\" profile=\"unconfined\" name=\"/usr/bin/man\" pid=296 comm=\"apparmor_parser\"\r\n[    4.020999] audit: type=1400 audit(1699222091.627:9): apparmor=\"STATUS\" operation=\"profile_load\" profile=\"unconfined\" name=\"man_filter\" pid=296 comm=\"apparmor_parser\"\r\n[    4.023086] audit: type=1400 audit(1699222091.627:10): apparmor=\"STATUS\" operation=\"profile_load\" profile=\"unconfined\" name=\"man_groff\" pid=296 comm=\"apparmor_parser\"\r\n[\u001b[0;32m  OK  \u001b[0m] Finished \u001b[0;1;39mLoad AppArmor profiles\u001b[0m.\r\n[\u001b[0;32m  OK  \u001b[0m] Started \u001b[0;1;39mEntropy Daemon based on the HAVEGE algorithm\u001b[0m.\r\n[\u001b[0;32m  OK  \u001b[0m] Reached target \u001b[0;1;39mSystem Initialization\u001b[0m.\r\n[\u001b[0;32m  OK  \u001b[0m] Started \u001b[0;1;39mGCE Workload Certificate refresh timer\u001b[0m.\r\n[\u001b[0;32m  OK  \u001b[0m] Started \u001b[0;1;39mNSS cache refresh timer\u001b[0m.\r\n[\u001b[0;32m  OK  \u001b[0m] Started \u001b[0;1;39mDaily Cleanup of Temporary Directories\u001b[0m.\r\n[\u001b[0;32m  OK  \u001b[0m] Listening on \u001b[0;1;39mD-Bus System Message Bus Socket\u001b[0m.\r\n[\u001b[0;32m  OK  \u001b[0m] Listening on \u001b[0;1;39mUUID daemon activation socket\u001b[0m.\r\n[\u001b[0;32m  OK  \u001b[0m] Reached target \u001b[0;1;39mSockets\u001b[0m.\r\n         Starting \u001b[0;1;39mResize root filesystem if needed\u001b[0m...\r\n[\u001b[0;32m  OK  \u001b[0m] Started \u001b[0;1;39mifup for ens4\u001b[0m.\r\n         Starting \u001b[0;1;39mRaise network interfaces\u001b[0m...\r\n[\u001b[0;32m  OK  \u001b[0m] Finished \u001b[0;1;39mResize root filesystem if needed\u001b[0m.\r\n[\u001b[0;32m  OK  \u001b[0m] Reached target \u001b[0;1;39mBasic System\u001b[0m.\r\n[\u001b[0;32m  OK  \u001b[0m] Started \u001b[0;1;39mRegular background program processing daemon\u001b[0m.\r\n[\u001b[0;32m  OK  \u001b[0m] Started \u001b[0;1;39mD-Bus System Message Bus\u001b[0m.\r\n         Starting \u001b[0;1;39mRemove Stale Onli…t4 Metadata Check Snapshots\u001b[0m...\r\n         Starting \u001b[0;1;39mSystem Logging Service\u001b[0m...\r\n         Starting \u001b[0;1;39mUser Login Management\u001b[0m...\r\n[\u001b[0;32m  OK  \u001b[0m] Finished \u001b[0;1;39mRemove Stale Onli…ext4 Metadata Check Snapshots\u001b[0m.\r\n[\u001b[0;32m  OK  \u001b[0m] Started \u001b[0;1;39mUser Login Management\u001b[0m.\r\n[\u001b[0;32m  OK  \u001b[0m] Started \u001b[0;1;39mSystem Logging Service\u001b[0m.\r\nNov  5 22:08:12 debian kernel: [    0.000000] Linux version 5.10.0-26-cloud-amd64 (debian-kernel@lists.debian.org) (gcc-10 (Debian 10.2.1-6) 10.2.1 20210110, GNU ld (GNU Binutils for Debian) 2.35.2) #1 SMP Debian 5.10.197-1 (2023-09-29)\r\nNov  5 22:08:12 debian kernel: [    0.000000] Command line: BOOT_IMAGE=/boot/vmlinuz-5.10.0-26-cloud-amd64 root=UUID=b57ca3a2-4659-424b-8f01-043d0e2289c6 ro console=tty0 console=ttyS0,115200 earlyprintk=ttyS0,115200 consoleblank=0 intel_iommu=off\r\nNov  5 22:08:12 debian kernel: [    0.000000] BIOS-provided physical RAM map:\r\nNov  5 22:08:12 debian kernel: [    0.000000] BIOS-e820: [mem 0x0000000000000000-0x0000000000000fff] reserved\r\nNov  5 22:08:12 debian kernel: [    0.000000] BIOS-e820: [mem 0x0000000000001000-0x0000000000054fff] usable\r\nNov  5 22:08:12 debian kernel: [    0.000000] BIOS-e820: [mem 0x0000000000055000-0x000000000005ffff] reserved\r\nNov  5 22:08:12 debian kernel: [    0.000000] BIOS-e820: [mem 0x0000000000060000-0x0000000000097fff] usable\r\nNov  5 22:08:12 debian kernel: [    0.000000] BIOS-e820: [mem 0x0000000000098000-0x000000000009ffff] reserved\r\nNov  5 22:08:12 debian kernel: [    0.000000] BIOS-e820: [mem 0x0000000000100000-0x0000000025eecfff] usable\r\nNov  5 22:08:12 debian kernel: [    0.000000] BIOS-e820: [mem 0x0000000025eed000-0x0000000025fecfff] reserved\r\nNov  5 22:08:12 debian kernel: [    0.000000] BIOS-e820: [mem 0x0000000025fed000-0x00000000260ecfff] type 20\r\nNov  5 22:08:12 debian kernel: [    0.000000] BIOS-e820: [mem 0x00000000260ed000-0x000000002616cfff] reserved\r\nNov  5 22:08:12 debian kernel: [    0.000000] BIOS-e820: [mem 0x000000002616d000-0x000000002617efff] ACPI data\r\nNov  5 22:08:12 debian kernel: [    0.000000] BIOS-e820: [mem 0x000000002617f000-0x00000000261fefff] ACPI NVS\r\nNov  5 22:08:12 debian kernel: [    0.000000] BIOS-e820: [mem 0x00000000261ff000-0x00000000265dffff] usable\r\nNov  5 22:08:12 debian kernel: [    0.000000] BIOS-e820: [mem 0x00000000265e0000-0x00000000265fffff] reserved\r\nNov  5 22:08:12 debian kernel: [    0.000000] printk: bootconsole [earlyser0] enabled\r\nNov  5 22:08:12 debian kernel: [    0.000000] NX (Execute Disable) protection: active\r\nNov  5 22:08:12 debian kernel: [    0.000000] efi: EFI v2.70 by EDK II\r\nNov  5 22:08:12 debian kernel: [    0.000000] efi: TPMFinalLog=0x261f7000 ACPI=0x2617e000 ACPI 2.0=0x2617e014 SMBIOS=0x25fca000 MEMATTR=0x249a7018 \r\nNov  5 22:08:12 debian kernel: [    0.000000] secureboot: Secure boot disabled\r\nNov  5 22:08:12 debian kernel: [    0.000000] SMBIOS 2.4 present.\r\nNov  5 22:08:12 debian kernel: [    0.000000] DMI: Google Google Compute Engine/Google Compute Engine, BIOS Google 10/09/2023\r\nNov  5 22:08:12 debian kernel: [    0.000000] Hypervisor detected: KVM\r\nNov  5 22:08:12 debian kernel: [    0.000000] kvm-clock: Using msrs 4b564d01 and 4b564d00\r\nNov  5 22:08:12 debian kernel: [    0.000000] kvm-clock: cpu 0, msr ba01001, primary cpu clock\r\nNov  5 22:08:12 debian kernel: [    0.000000] kvm-clock: using sched offset of 6304201218 cycles\r\nNov  5 22:08:12 debian kernel: [    0.000719] clocksource: kvm-clock: mask: 0xffffffffffffffff max_cycles: 0x1cd42e4dffb, max_idle_ns: 881590591483 ns\r\nNov  5 22:08:12 debian kernel: [    0.002817] tsc: Detected 2200.152 MHz processor\r\nNov  5 22:08:12 debian kernel: [    0.003485] e820: update [mem 0x00000000-0x00000fff] usable ==\u003e reserved\r\nNov  5 22:08:12 debian kernel: [    0.003488] e820: remove [mem 0x000a0000-0x000fffff] usable\r\nNov  5 22:08:12 debian kernel: [    0.003495] last_pfn = 0x265e0 max_arch_pfn = 0x400000000\r\nNov  5 22:08:12 debian kernel: [    0.004239] MTRR default type: write-back\r\nNov  5 22:08:12 debian kernel: [    0.004240] MTRR fixed ranges enabled:\r\nNov  5 22:08:12 debian kernel: [    0.004241]   00000-9FFFF write-back\r\nNov  5 22:08:12 debian kernel: [    0.004243]   A0000-FFFFF uncachable\r\nNov  5 22:08:12 debian kernel: [    0.004244] MTRR variable ranges enabled:\r\nNov  5 22:08:12 debian kernel: [    0.004246]   0 base 000080000000 mask 3FFF80000000 uncachable\r\nNov  5 22:08:12 debian kernel: [    0.004246]   1 disabled\r\nNov  5 22:08:12 debian kernel: [    0.004247]   2 disabled\r\nNov  5 22:08:12 debian kernel: [    0.004248]   3 disabled\r\nNov  5 22:08:12 debian kernel: [    0.004248]   4 disabled\r\nNov  5 22:08:12 debian kernel: [    0.004249]   5 disabled\r\nNov  5 22:08:12 debian kernel: [    0.004250]   6 disabled\r\nNov  5 22:08:12 debian kernel: [    0.004250]   7 disabled\r\nNov  5 22:08:12 debian kernel: [    0.004262] x86/PAT: Configuration [0-7]: WB  WC  UC- UC  WB  WP  UC- WT  \r\nNov  5 22:08:12 debian kernel: [    0.005632] Using GB pages for direct mapping\r\nNov  5 22:08:12 debian kernel: [    0.006450] RAMDISK: [mem 0x23286000-0x24006fff]\r\nNov  5 22:08:12 debian kernel: [    0.007129] ACPI: Early table checksum verification disabled\r\nNov  5 22:08:12 debian kernel: [    0.007904] ACPI: RSDP 0x000000002617E014 000024 (v02 Google)\r\nNov  5 22:08:12 debian kernel: [    0.008734] ACPI: XSDT 0x000000002617D0E8 00005C (v01 Google GOOGFACP 00000001      01000013)\r\nNov  5 22:08:12 debian kernel: [    0.009886] ACPI: FACP 0x0000000026178000 0000F4 (v02 Google GOOGFACP 00000001 GOOG 00000001)\r\nNov  5 22:08:12 debian kernel: [    0.010975] ACPI: DSDT 0x0000000026179000 001A64 (v01 Google GOOGDSDT 00000001 GOOG 00000001)\r\nNov  5 22:08:12 debian kernel: [    0.012135] ACPI: FACS 0x00000000261F2000 000040\r\nNov  5 22:08:12 debian kernel: [    0.012735] ACPI: SSDT 0x000000002617C000 000316 (v02 GOOGLE Tpm2Tabl 00001000 INTL 20211217)\r\nNov  5 22:08:12 debian kernel: [    0.013849] ACPI: TPM2 0x000000002617B000 000034 (v04 GOOGLE          00000001 GOOG 00000001)\r\nNov  5 22:08:12 debian kernel: [    0.016192] ACPI: SRAT 0x0000000026177000 0000B8 (v03 Google GOOGSRAT 00000001 GOOG 00000001)\r\nNov  5 22:08:12 debian kernel: [    0.017295] ACPI: APIC 0x0000000026176000 00006E (v05 Google GOOGAPIC 00000001 GOOG 00000001)\r\nNov  5 22:08:12 debian kernel: [    0.018383] ACPI: SSDT 0x0000000026175000 00091F (v01 Google GOOGSSDT 00000001 GOOG 00000001)\r\nNov  5 22:08:12 debian kernel: [    0.019538] ACPI: WAET 0x0000000026174000 000028 (v01 Google GOOGWAET 00000001 GOOG 00000001)\r\nNov  5 22:08:12 debian kernel: [    0.020626] ACPI: Reserving FACP table memory at [mem 0x26178000-0x261780f3]\r\nNov  5 22:08:12 debian kernel: [    0.021537] ACPI: Reserving DSDT table memory at [mem 0x26179000-0x2617aa63]\r\nNov  5 22:08:12 debian kernel: [    0.022436] ACPI: Reserving FACS table memory at [mem 0x261f2000-0x261f203f]\r\nNov  5 22:08:12 debian kernel: [    0.023481] ACPI: Reserving SSDT table memory at [mem 0x2617c000-0x2617c315]\r\nNov  5 22:08:12 debian kernel: [    0.024452] ACPI: Reserving TPM2 table memory at [mem 0x2617b000-0x2617b033]\r\nNov  5 22:08:12 debian kernel: [    0.025752] ACPI: Reserving SRAT table memory at [mem 0x26177000-0x261770b7]\r\nNov  5 22:08:12 debian kernel: [    0.026674] ACPI: Reserving APIC table memory at [mem 0x26176000-0x2617606d]\r\nNov  5 22:08:12 debian kernel: [    0.027573] ACPI: Reserving SSDT table memory at [mem 0x26175000-0x2617591e]\r\nNov  5 22:08:12 debian kernel: [    0.028485] ACPI: Reserving WAET table memory at [mem 0x26174000-0x26174027]\r\nNov  5 22:08:12 debian kernel: [    0.029422] ACPI: Local APIC address 0xfee00000\r\nNov  5 22:08:12 debian kernel: [    0.029454] SRAT: PXM 0 -\u003e APIC 0x00 -\u003e Node 0\r\nNov  5 22:08:12 debian kernel: [    0.030071] ACPI: SRAT: Node 0 PXM 0 [mem 0x00000000-0x0009ffff]\r\nNov  5 22:08:12 debian kernel: [    0.030872] ACPI: SRAT: Node 0 PXM 0 [mem 0x00100000-0x265fffff]\r\nNov  5 22:08:12 debian kernel: [    0.031682] NUMA: Node 0 [mem 0x00000000-0x0009ffff] + [mem 0x00100000-0x265dffff] -\u003e [mem 0x00000000-0x265dffff]\r\nNov  5 22:08:12 debian kernel: [    0.033027] NODE_DATA(0) allocated [mem 0x26498000-0x264c1fff]\r\nNov  5 22:08:12 debian kernel: [    0.034178] Zone ranges:\r\nNov  5 22:08:12 debian kernel: [    0.034513]   DMA      [mem 0x0000000000001000-0x0000000000ffffff]\r\nNov  5 22:08:12 debian kernel: [    0.035354]   DMA32    [mem 0x0000000001000000-0x00000000265dffff]\r\nNov  5 22:08:12 debian kernel: [    0.036266]   Normal   empty\r\nNov  5 22:08:12 debian kernel: [    0.036722]   Device   empty\r\nNov  5 22:08:12 debian kernel: [    0.037100] Movable zone start for each node\r\nNov  5 22:08:12 debian kernel: [    0.037649] Early memory node ranges\r\nNov  5 22:08:12 debian kernel: [    0.038126]   node   0: [mem 0x0000000000001000-0x0000000000054fff]\r\nNov  5 22:08:12 debian kernel: [    0.038936]   node   0: [mem 0x0000000000060000-0x0000000000097fff]\r\nNov  5 22:08:12 debian kernel: [    0.039747]   node   0: [mem 0x0000000000100000-0x0000000025eecfff]\r\nNov  5 22:08:12 debian kernel: [    0.040547]   node   0: [mem 0x00000000261ff000-0x00000000265dffff]\r\nNov  5 22:08:12 debian kernel: [    0.041361] Initmem setup node 0 [mem 0x0000000000001000-0x00000000265dffff]\r\nNov  5 22:08:12 debian kernel: [    0.042259] On node 0 totalpages: 156250\r\nNov  5 22:08:12 debian kernel: [    0.042260]   DMA zone: 64 pages used for memmap\r\nNov  5 22:08:12 debian kernel: [    0.042261]   DMA zone: 3121 pages reserved\r\nNov  5 22:08:12 debian kernel: [    0.042262]   DMA zone: 3980 pages, LIFO batch:0\r\nNov  5 22:08:12 debian kernel: [    0.042264]   DMA32 zone: 2392 pages used for memmap\r\nNov  5 22:08:12 debian kernel: [    0.042264]   DMA32 zone: 152270 pages, LIFO batch:31\r\nNov  5 22:08:12 debian kernel: [    0.042756] On node 0, zone DMA: 1 pages in unavailable ranges\r\nNov  5 22:08:12 debian kernel: [    0.042758] On node 0, zone DMA: 11 pages in unavailable ranges\r\nNov  5 22:08:12 debian kernel: [    0.043551] On node 0, zone DMA: 104 pages in unavailable ranges\r\nNov  5 22:08:12 debian kernel: [    0.045909] On node 0, zone DMA32: 786 pages in unavailable ranges\r\nNov  5 22:08:12 debian kernel: [    0.046863] On node 0, zone DMA32: 6688 pages in unavailable ranges\r\nNov  5 22:08:12 debian kernel: [    0.048108] ACPI: PM-Timer IO Port: 0xb008\r\nNov  5 22:08:12 debian kernel: [    0.049559] ACPI: Local APIC address 0xfee00000\r\nNov  5 22:08:12 debian kernel: [    0.049572] ACPI: LAPIC_NMI (acpi_id[0xff] dfl dfl lint[0x1])\r\nNov  5 22:08:12 debian kernel: [    0.050392] IOAPIC[0]: apic_id 0, version 17, address 0xfec00000, GSI 0-23\r\nNov  5 22:08:12 debian kernel: [    0.051381] ACPI: INT_SRC_OVR (bus 0 bus_irq 5 global_irq 5 high level)\r\nNov  5 22:08:12 debian kernel: [    0.052355] ACPI: INT_SRC_OVR (bus 0 bus_irq 9 global_irq 9 high level)\r\nNov  5 22:08:12 debian kernel: [    0.053233] ACPI: INT_SRC_OVR (bus 0 bus_irq 10 global_irq 10 high level)\r\nNov  5 22:08:12 debian kernel: [    0.054212] ACPI: INT_SRC_OVR (bus 0 bus_irq 11 global_irq 11 high level)\r\nNov  5 22:08:12 debian kernel: [    0.055281] ACPI: IRQ5 used by override.\r\nNov  5 22:08:12 debian kernel: [    0.055282] ACPI: IRQ9 used by override.\r\nNov  5 22:08:12 debian kernel: [    0.055283] ACPI: IRQ10 used by override.\r\nNov  5 22:08:12 debian kernel: [    0.055284] ACPI: IRQ11 used by override.\r\nNov  5 22:08:12 debian kernel: [    0.055286] Using ACPI (MADT) for SMP configuration information\r\nNov  5 22:08:12 debian kernel: [    0.056099] smpboot: Allowing 1 CPUs, 0 hotplug CPUs\r\nNov  5 22:08:12 debian kernel: [    0.056804] PM: hibernation: Registered nosave memory: [mem 0x00000000-0x00000fff]\r\nNov  5 22:08:12 debian kernel: [    0.057782] PM: hibernation: Registered nosave memory: [mem 0x00055000-0x0005ffff]\r\nNov  5 22:08:12 debian kernel: [    0.058761] PM: hibernation: Registered nosave memory: [mem 0x00098000-0x0009ffff]\r\nNov  5 22:08:12 debian kernel: [    0.059725] PM: hibernation: Registered nosave memory: [mem 0x000a0000-0x000fffff]\r\nNov  5 22:08:12 debian kernel: [    0.060763] PM: hibernation: Registered nosave memory: [mem 0x25eed000-0x25fecfff]\r\nNov  5 22:08:12 debian kernel: [    0.061747] PM: hibernation: Registered nosave memory: [mem 0x25fed000-0x260ecfff]\r\nNov  5 22:08:12 debian kernel: [    0.062728] PM: hibernation: Registered nosave memory: [mem 0x260ed000-0x2616cfff]\r\nNov  5 22:08:12 debian kernel: [    0.063705] PM: hibernation: Registered nosave memory: [mem 0x2616d000-0x2617efff]\r\nNov  5 22:08:12 debian kernel: [    0.064674] PM: hibernation: Registered nosave memory: [mem 0x2617f000-0x261fefff]\r\nNov  5 22:08:12 debian kernel: [    0.065657] [mem 0x26600000-0xffffffff] available for PCI devices\r\nNov  5 22:08:12 debian kernel: [    0.066456] Booting paravirtualized kernel on KVM\r\nNov  5 22:08:12 debian kernel: [    0.067206] clocksource: refined-jiffies: mask: 0xffffffff max_cycles: 0xffffffff, max_idle_ns: 7645519600211568 ns\r\nNov  5 22:08:12 debian kernel: [    0.073018] setup_percpu: NR_CPUS:8192 nr_cpumask_bits:1 nr_cpu_ids:1 nr_node_ids:1\r\nNov  5 22:08:12 debian kernel: [    0.074490] percpu: Embedded 63 pages/cpu s221184 r8192 d28672 u2097152\r\nNov  5 22:08:12 debian kernel: [    0.075408] pcpu-alloc: s221184 r8192 d28672 u2097152 alloc=1*2097152\r\nNov  5 22:08:12 debian kernel: [    0.075410] pcpu-alloc: [0] 0 \r\nNov  5 22:08:12 debian kernel: [    0.075441] kvm-guest: PV spinlocks disabled, single CPU\r\nNov  5 22:08:12 debian kernel: [    0.076562] Built 1 zonelists, mobility grouping on.  Total pages: 150673\r\nNov  5 22:08:12 debian kernel: [    0.077520] Policy zone: DMA32\r\nNov  5 22:08:12 debian kernel: [    0.077909] Kernel command line: BOOT_IMAGE=/boot/vmlinuz-5.10.0-26-cloud-amd64 root=UUID=b57ca3a2-4659-424b-8f01-043d0e2289c6 ro console=tty0 console=ttyS0,115200 earlyprintk=ttyS0,115200 consoleblank=0 intel_iommu=off\r\nNov  5 22:08:12 debian kernel: [    0.080727] DMAR: IOMMU disabled\r\nNov  5 22:08:12 debian kernel: [    0.081390] Dentry cache hash table entries: 131072 (order: 8, 1048576 bytes, linear)\r\nNov  5 22:08:12 debian kernel: [    0.082537] Inode-cache hash table entries: 65536 (order: 7, 524288 bytes, linear)\r\nNov  5 22:08:12 debian kernel: [    0.083567] mem auto-init: stack:off, heap alloc:on, heap free:off\r\nNov  5 22:08:12 debian kernel: [    0.086311] Memory: 208952K/625000K available (12296K kernel code, 2552K rwdata, 6956K rodata, 2468K init, 3724K bss, 103624K reserved, 0K cma-reserved)\r\nNov  5 22:08:12 debian kernel: [    0.088380] SLUB: HWalign=64, Order=0-3, MinObjects=0, CPUs=1, Nodes=1\r\nNov  5 22:08:12 debian kernel: [    0.089243] Kernel/User page tables isolation: enabled\r\nNov  5 22:08:12 debian kernel: [    0.090359] ftrace: allocating 33918 entries in 133 pages\r\nNov  5 22:08:12 debian kernel: [    0.111071] ftrace: allocated 133 pages with 3 groups\r\nNov  5 22:08:12 debian kernel: [    0.112660] rcu: Hierarchical RCU implementation.\r\nNov  5 22:08:12 debian kernel: [    0.113309] rcu: \tRCU restricting CPUs from NR_CPUS=8192 to nr_cpu_ids=1.\r\nNov  5 22:08:12 debian kernel: [    0.114669] \tRude variant of Tasks RCU enabled.\r\nNov  5 22:08:12 debian kernel: [    0.115378] \tTracing variant of Tasks RCU enabled.\r\nNov  5 22:08:12 debian kernel: [    0.115990] rcu: RCU calculated value of scheduler-enlistment delay is 25 jiffies.\r\nNov  5 22:08:12 debian kernel: [    0.117078] rcu: Adjusting geometry for rcu_fanout_leaf=16, nr_cpu_ids=1\r\nNov  5 22:08:12 debian kernel: [    0.122409] NR_IRQS: 524544, nr_irqs: 256, preallocated irqs: 16\r\nNov  5 22:08:12 debian kernel: [    0.123403] random: crng init done\r\nNov  5 22:08:12 debian kernel: [    0.123865] Console: colour dummy device 80x25\r\nNov  5 22:08:12 debian kernel: [    0.124633] printk: console [tty0] enabled\r\nNov  5 22:08:12 debian kernel: [    0.125203] printk: console [ttyS0] enabled\r\nNov  5 22:08:12 debian kernel: [    0.126576] printk: bootconsole [earlyser0] disabled\r\nNov  5 22:08:12 debian kernel: [    0.127916] ACPI: Core revision 20200925\r\nNov  5 22:08:12 debian kernel: [    0.128571] APIC: Switch to symmetric I/O mode setup\r\nNov  5 22:08:12 debian kernel: [    0.129673] x2apic enabled\r\nNov  5 22:08:12 debian kernel: [    0.132619] Switched APIC routing to physical x2apic.\r\nNov  5 22:08:12 debian kernel: [    0.137649] ..TIMER: vector=0x30 apic1=0 pin1=0 apic2=-1 pin2=-1\r\nNov  5 22:08:12 debian kernel: [    0.138732] clocksource: tsc-early: mask: 0xffffffffffffffff max_cycles: 0x1fb6c2a388e, max_idle_ns: 440795295747 ns\r\nNov  5 22:08:12 debian kernel: [    0.140243] Calibrating delay loop (skipped) preset value.. 4400.30 BogoMIPS (lpj=8800608)\r\nNov  5 22:08:12 debian kernel: [    0.144355] Last level iTLB entries: 4KB 64, 2MB 8, 4MB 8\r\nNov  5 22:08:12 debian kernel: [    0.145111] Last level dTLB entries: 4KB 64, 2MB 0, 4MB 0, 1GB 4\r\nNov  5 22:08:12 debian kernel: [    0.145966] Spectre V1 : Mitigation: usercopy/swapgs barriers and __user pointer sanitization\r\nNov  5 22:08:12 debian kernel: [    0.147111] Spectre V2 : Mitigation: IBRS\r\nNov  5 22:08:12 debian kernel: [    0.148240] Spectre V2 : Spectre v2 / SpectreRSB mitigation: Filling RSB on context switch\r\nNov  5 22:08:12 debian kernel: [    0.149335] Spectre V2 : Spectre v2 / SpectreRSB : Filling RSB on VMEXIT\r\nNov  5 22:08:12 debian kernel: [    0.150235] RETBleed: Mitigation: IBRS\r\nNov  5 22:08:12 debian kernel: [    0.150755] Spectre V2 : mitigation: Enabling conditional Indirect Branch Prediction Barrier\r\nNov  5 22:08:12 debian kernel: [    0.152241] Speculative Store Bypass: Mitigation: Speculative Store Bypass disabled via prctl and seccomp\r\nNov  5 22:08:12 debian kernel: [    0.153524] MDS: Mitigation: Clear CPU buffers\r\nNov  5 22:08:12 debian kernel: [    0.154130] TAA: Mitigation: Clear CPU buffers\r\nNov  5 22:08:12 debian kernel: [    0.154738] MMIO Stale Data: Vulnerable: Clear CPU buffers attempted, no microcode\r\nNov  5 22:08:12 debian kernel: [    0.155768] x86/fpu: Supporting XSAVE feature 0x001: 'x87 floating point registers'\r\nNov  5 22:08:12 debian kernel: [    0.156240] x86/fpu: Supporting XSAVE feature 0x002: 'SSE registers'\r\nNov  5 22:08:12 debian kernel: [    0.157104] x86/fpu: Supporting XSAVE feature 0x004: 'AVX registers'\r\nNov  5 22:08:12 debian kernel: [    0.157962] x86/fpu: xstate_offset[2]:  576, xstate_sizes[2]:  256\r\nNov  5 22:08:12 debian kernel: [    0.158792] x86/fpu: Enabled xstate features 0x7, context size is 832 bytes, using 'standard' format.\r\nNov  5 22:08:12 debian kernel: [    0.178501] Freeing SMP alternatives memory: 32K\r\nNov  5 22:08:12 debian kernel: [    0.180811] pid_max: default: 32768 minimum: 301\r\nNov  5 22:08:12 debian kernel: [    0.189986] LSM: Security Framework initializing\r\nNov  5 22:08:12 debian kernel: [    0.190640] Yama: disabled by default; enable with sysctl kernel.yama.*\r\nNov  5 22:08:12 debian kernel: [    0.191565] AppArmor: AppArmor initialized\r\nNov  5 22:08:12 debian kernel: [    0.192165] TOMOYO Linux initialized\r\nNov  5 22:08:12 debian kernel: [    0.192257] Mount-cache hash table entries: 2048 (order: 2, 16384 bytes, linear)\r\nNov  5 22:08:12 debian kernel: [    0.193244] Mountpoint-cache hash table entries: 2048 (order: 2, 16384 bytes, linear)\r\nNov  5 22:08:12 debian kernel: [    0.303662] smpboot: CPU0: Intel(R) Xeon(R) CPU @ 2.20GHz (family: 0x6, model: 0x4f, stepping: 0x0)\r\nNov  5 22:08:12 debian kernel: [    0.304239] Performance Events: unsupported p6 CPU model 79 no PMU driver, software events only.\r\nNov  5 22:08:12 debian kernel: [    0.304239] rcu: Hierarchical SRCU implementation.\r\nNov  5 22:08:12 debian kernel: [    0.304394] NMI watchdog: Perf NMI watchdog permanently disabled\r\nNov  5 22:08:12 debian kernel: [    0.305258] smp: Bringing up secondary CPUs ...\r\nNov  5 22:08:12 debian kernel: [    0.305920] smp: Brought up 1 node, 1 CPU\r\nNov  5 22:08:12 debian kernel: [    0.306470] smpboot: Max logical packages: 1\r\nNov  5 22:08:12 debian kernel: [    0.307086] smpboot: Total of 1 processors activated (4400.30 BogoMIPS)\r\nNov  5 22:08:12 debian kernel: [    0.309733] node 0 deferred pages initialised in 4ms\r\nNov  5 22:08:12 debian kernel: [    0.310658] devtmpfs: initialized\r\nNov  5 22:08:12 debian kernel: [    0.311158] x86/mm: Memory block size: 128MB\r\nNov  5 22:08:12 debian kernel: [    0.311902] PM: Registering ACPI NVS region [mem 0x2617f000-0x261fefff] (524288 bytes)\r\nNov  5 22:08:12 debian kernel: [    0.312290] clocksource: jiffies: mask: 0xffffffff max_cycles: 0xffffffff, max_idle_ns: 7645041785100000 ns\r\nNov  5 22:08:12 debian kernel: [    0.313591] futex hash table entries: 256 (order: 2, 16384 bytes, linear)\r\nNov  5 22:08:12 debian kernel: [    0.314909] NET: Registered protocol family 16\r\nNov  5 22:08:12 debian kernel: [    0.316347] DMA: preallocated 128 KiB GFP_KERNEL pool for atomic allocations\r\nNov  5 22:08:12 debian kernel: [    0.317433] DMA: preallocated 128 KiB GFP_KERNEL|GFP_DMA pool for atomic allocations\r\nNov  5 22:08:12 debian kernel: [    0.318606] DMA: preallocated 128 KiB GFP_KERNEL|GFP_DMA32 pool for atomic allocations\r\nNov  5 22:08:12 debian kernel: [    0.320254] audit: initializing netlink subsys (disabled)\r\nNov  5 22:08:12 debian kernel: [    0.321129] thermal_sys: Registered thermal governor 'fair_share'\r\nNov  5 22:08:12 debian kernel: [    0.321129] thermal_sys: Registered thermal governor 'bang_bang'\r\nNov  5 22:08:12 debian kernel: [    0.321949] thermal_sys: Registered thermal governor 'step_wise'\r\nNov  5 22:08:12 debian kernel: [    0.322754] thermal_sys: Registered thermal governor 'user_space'\r\nNov  5 22:08:12 debian kernel: [    0.323562] thermal_sys: Registered thermal governor 'power_allocator'\r\nNov  5 22:08:12 debian kernel: [    0.324248] audit: type=2000 audit(1699222087.772:1): state=initialized audit_enabled=0 res=1\r\nNov  5 22:08:12 debian kernel: [    0.326352] cpuidle: using governor ladder\r\nNov  5 22:08:12 debian kernel: [    0.326914] cpuidle: using governor menu\r\nNov  5 22:08:12 debian kernel: [    0.327541] ACPI: bus type PCI registered\r\nNov  5 22:08:12 debian kernel: [    0.328242] acpiphp: ACPI Hot Plug PCI Controller Driver version: 0.5\r\nNov  5 22:08:12 debian kernel: [    0.329229] PCI: Using configuration type 1 for base access\r\nNov  5 22:08:12 debian kernel: [    0.330653] Kprobes globally optimized\r\nNov  5 22:08:12 debian kernel: [    0.331326] HugeTLB registered 1.00 GiB page size, pre-allocated 0 pages\r\nNov  5 22:08:12 debian kernel: [    0.332242] HugeTLB registered 2.00 MiB page size, pre-allocated 0 pages\r\nNov  5 22:08:12 debian kernel: [    0.460031] ACPI: Added _OSI(Module Device)\r\nNov  5 22:08:12 debian kernel: [    0.460243] ACPI: Added _OSI(Processor Device)\r\nNov  5 22:08:12 debian kernel: [    0.460868] ACPI: Added _OSI(3.0 _SCP Extensions)\r\nNov  5 22:08:12 debian kernel: [    0.461507] ACPI: Added _OSI(Processor Aggregator Device)\r\nNov  5 22:08:12 debian kernel: [    0.462254] ACPI: Added _OSI(Linux-Dell-Video)\r\nNov  5 22:08:12 debian kernel: [    0.462861] ACPI: Added _OSI(Linux-Lenovo-NV-HDMI-Audio)\r\nNov  5 22:08:12 debian kernel: [    0.463578] ACPI: Added _OSI(Linux-HPI-Hybrid-Graphics)\r\nNov  5 22:08:12 debian kernel: [    0.465179] ACPI: 3 ACPI AML tables successfully acquired and loaded\r\nNov  5 22:08:12 debian kernel: [    0.466976] ACPI: Interpreter enabled\r\nNov  5 22:08:12 debian kernel: [    0.467510] ACPI: (supports S0 S3 S4 S5)\r\nNov  5 22:08:12 debian kernel: [    0.468252] ACPI: Using IOAPIC for interrupt routing\r\nNov  5 22:08:12 debian kernel: [    0.468990] PCI: Using host bridge windows from ACPI; if necessary, use \"pci=nocrs\" and report a bug\r\nNov  5 22:08:12 debian kernel: [    0.470360] ACPI: Enabled 16 GPEs in block 00 to 0F\r\nNov  5 22:08:12 debian kernel: [    0.473394] ACPI: PCI Root Bridge [PCI0] (domain 0000 [bus 00-ff])\r\nNov  5 22:08:12 debian kernel: [    0.474256] acpi PNP0A03:00: _OSC: OS supports [ASPM ClockPM Segments MSI HPX-Type3]\r\nNov  5 22:08:12 debian kernel: [    0.475299] acpi PNP0A03:00: fail to add MMCONFIG information, can't access extended PCI configuration space under this bridge.\r\nNov  5 22:08:12 debian kernel: [    0.476888] PCI host bridge to bus 0000:00\r\nNov  5 22:08:12 debian kernel: [    0.477456] pci_bus 0000:00: root bus resource [io  0x0000-0x0cf7 window]\r\nNov  5 22:08:12 debian kernel: [    0.478415] pci_bus 0000:00: root bus resource [io  0x0d00-0xffff window]\r\nNov  5 22:08:12 debian kernel: [    0.479461] pci_bus 0000:00: root bus resource [mem 0x000a0000-0x000bffff window]\r\nNov  5 22:08:12 debian kernel: [    0.480247] pci_bus 0000:00: root bus resource [mem 0x80000000-0xfebfefff window]\r\nNov  5 22:08:12 debian kernel: [    0.481256] pci_bus 0000:00: root bus resource [bus 00-ff]\r\nNov  5 22:08:12 debian kernel: [    0.482054] pci 0000:00:00.0: [8086:1237] type 00 class 0x060000\r\nNov  5 22:08:12 debian kernel: [    0.485544] pci 0000:00:01.0: [8086:7110] type 00 class 0x060100\r\nNov  5 22:08:12 debian kernel: [    0.502223] pci 0000:00:01.3: [8086:7113] type 00 class 0x068000\r\nNov  5 22:08:12 debian kernel: [    0.517091] pci 0000:00:01.3: quirk: [io  0xb000-0xb03f] claimed by PIIX4 ACPI\r\nNov  5 22:08:12 debian kernel: [    0.518526] pci 0000:00:03.0: [1af4:1004] type 00 class 0x000000\r\nNov  5 22:08:12 debian kernel: [    0.526224] pci 0000:00:03.0: reg 0x10: [io  0xc040-0xc07f]\r\nNov  5 22:08:12 debian kernel: [    0.531472] pci 0000:00:03.0: reg 0x14: [mem 0x80000000-0x8000007f]\r\nNov  5 22:08:12 debian kernel: [    0.546622] pci 0000:00:04.0: [1af4:1000] type 00 class 0x020000\r\nNov  5 22:08:12 debian kernel: [    0.554307] pci 0000:00:04.0: reg 0x10: [io  0xc000-0xc03f]\r\nNov  5 22:08:12 debian kernel: [    0.559353] pci 0000:00:04.0: reg 0x14: [mem 0x80002000-0x8000203f]\r\nNov  5 22:08:12 debian kernel: [    0.573536] pci 0000:00:05.0: [1af4:1005] type 00 class 0x00ff00\r\nNov  5 22:08:12 debian kernel: [    0.580245] pci 0000:00:05.0: reg 0x10: [io  0xc080-0xc09f]\r\nNov  5 22:08:12 debian kernel: [    0.584248] pci 0000:00:05.0: reg 0x14: [mem 0x80001000-0x8000103f]\r\nNov  5 22:08:12 debian kernel: [    0.599034] ACPI: PCI Interrupt Link [LNKA] (IRQs 5 *10 11)\r\nNov  5 22:08:12 debian kernel: [    0.600321] ACPI: PCI Interrupt Link [LNKB] (IRQs 5 *10 11)\r\nNov  5 22:08:12 debian kernel: [    0.602230] ACPI: PCI Interrupt Link [LNKC] (IRQs 5 10 *11)\r\nNov  5 22:08:12 debian kernel: [    0.604306] ACPI: PCI Interrupt Link [LNKD] (IRQs 5 10 *11)\r\nNov  5 22:08:12 debian kernel: [    0.608273] ACPI: PCI Interrupt Link [LNKS] (IRQs *9)\r\nNov  5 22:08:12 debian kernel: [    0.609286] iommu: Default domain type: Translated \r\nNov  5 22:08:12 debian kernel: [    0.609988] vgaarb: loaded\r\nNov  5 22:08:12 debian kernel: [    0.610455] Registered efivars operations\r\nNov  5 22:08:12 debian kernel: [    0.611167] NetLabel: Initializing\r\nNov  5 22:08:12 debian kernel: [    0.611654] NetLabel:  domain hash size = 128\r\nNov  5 22:08:12 debian kernel: [    0.612241] NetLabel:  protocols = UNLABELED CIPSOv4 CALIPSO\r\nNov  5 22:08:12 debian kernel: [    0.613073] NetLabel:  unlabeled traffic allowed by default\r\nNov  5 22:08:12 debian kernel: [    0.613826] PCI: Using ACPI for IRQ routing\r\nNov  5 22:08:12 debian kernel: [    0.614402] PCI: pci_cache_line_size set to 64 bytes\r\nNov  5 22:08:12 debian kernel: [    0.614495] e820: reserve RAM buffer [mem 0x00055000-0x0005ffff]\r\nNov  5 22:08:12 debian kernel: [    0.614497] e820: reserve RAM buffer [mem 0x00098000-0x0009ffff]\r\nNov  5 22:08:12 debian kernel: [    0.614497] e820: reserve RAM buffer [mem 0x25eed000-0x27ffffff]\r\nNov  5 22:08:12 debian kernel: [    0.614499] e820: reserve RAM buffer [mem 0x265e0000-0x27ffffff]\r\nNov  5 22:08:12 debian kernel: [    0.614540] clocksource: Switched to clocksource kvm-clock\r\nNov  5 22:08:12 debian kernel: [    0.624617] VFS: Disk quotas dquot_6.6.0\r\nNov  5 22:08:12 debian kernel: [    0.625239] VFS: Dquot-cache hash table entries: 512 (order 0, 4096 bytes)\r\nNov  5 22:08:12 debian kernel: [    0.626314] AppArmor: AppArmor Filesystem Enabled\r\nNov  5 22:08:12 debian kernel: [    0.627022] pnp: PnP ACPI init\r\nNov  5 22:08:12 debian kernel: [    0.627594] pnp 00:00: Plug and Play ACPI device, IDs PNP0b00 (active)\r\nNov  5 22:08:12 debian kernel: [    0.627648] pnp 00:01: Plug and Play ACPI device, IDs PNP0303 (active)\r\nNov  5 22:08:12 debian kernel: [    0.627681] pnp 00:02: Plug and Play ACPI device, IDs PNP0f13 (active)\r\nNov  5 22:08:12 debian kernel: [    0.627719] pnp 00:03: Plug and Play ACPI device, IDs PNP0501 (active)\r\nNov  5 22:08:12 debian kernel: [    0.627748] pnp 00:04: Plug and Play ACPI device, IDs PNP0501 (active)\r\nNov  5 22:08:12 debian kernel: [    0.627779] pnp 00:05: Plug and Play ACPI device, IDs PNP0501 (active)\r\nNov  5 22:08:12 debian kernel: [    0.627810] pnp 00:06: Plug and Play ACPI device, IDs PNP0501 (active)\r\nNov  5 22:08:12 debian kernel: [    0.627958] pnp: PnP ACPI: found 7 devices\r\nNov  5 22:08:12 debian kernel: [    0.633849] clocksource: acpi_pm: mask: 0xffffff max_cycles: 0xffffff, max_idle_ns: 2085701024 ns\r\nNov  5 22:08:12 debian kernel: [    0.635155] NET: Registered protocol family 2\r\nNov  5 22:08:12 debian kernel: [    0.635798] IP idents hash table entries: 16384 (order: 5, 131072 bytes, linear)\r\nNov  5 22:08:12 debian kernel: [    0.638083] tcp_listen_portaddr_hash hash table entries: 512 (order: 1, 8192 bytes, linear)\r\nNov  5 22:08:12 debian kernel: [    0.639370] TCP established hash table entries: 8192 (order: 4, 65536 bytes, linear)\r\nNov  5 22:08:12 debian kernel: [    0.640438] TCP bind hash table entries: 8192 (order: 5, 131072 bytes, linear)\r\nNov  5 22:08:12 debian kernel: [    0.641450] TCP: Hash tables configured (established 8192 bind 8192)\r\nNov  5 22:08:12 debian kernel: [    0.642518] UDP hash table entries: 512 (order: 2, 16384 bytes, linear)\r\nNov  5 22:08:12 debian kernel: [    0.643445] UDP-Lite hash table entries: 512 (order: 2, 16384 bytes, linear)\r\nNov  5 22:08:12 debian kernel: [    0.644444] NET: Registered protocol family 1\r\nNov  5 22:08:12 debian kernel: [    0.645084] NET: Registered protocol family 44\r\nNov  5 22:08:12 debian kernel: [    0.645890] pci_bus 0000:00: resource 4 [io  0x0000-0x0cf7 window]\r\nNov  5 22:08:12 debian kernel: [    0.646888] pci_bus 0000:00: resource 5 [io  0x0d00-0xffff window]\r\nNov  5 22:08:12 debian kernel: [    0.647741] pci_bus 0000:00: resource 6 [mem 0x000a0000-0x000bffff window]\r\nNov  5 22:08:12 debian kernel: [    0.648660] pci_bus 0000:00: resource 7 [mem 0x80000000-0xfebfefff window]\r\nNov  5 22:08:12 debian kernel: [    0.649632] pci 0000:00:00.0: Limiting direct PCI/PCI transfers\r\nNov  5 22:08:12 debian kernel: [    0.650507] PCI: CLS 0 bytes, default 64\r\nNov  5 22:08:12 debian kernel: [    0.651103] Trying to unpack rootfs image as initramfs...\r\nNov  5 22:08:12 debian kernel: [    0.864490] Freeing initrd memory: 13828K\r\nNov  5 22:08:12 debian kernel: [    0.865155] clocksource: tsc: mask: 0xffffffffffffffff max_cycles: 0x1fb6c2a388e, max_idle_ns: 440795295747 ns\r\nNov  5 22:08:12 debian kernel: [    0.866668] clocksource: Switched to clocksource tsc\r\nNov  5 22:08:12 debian kernel: [    0.867561] Initialise system trusted keyrings\r\nNov  5 22:08:12 debian kernel: [    0.868176] Key type blacklist registered\r\nNov  5 22:08:12 debian kernel: [    0.868781] workingset: timestamp_bits=36 max_order=18 bucket_order=0\r\nNov  5 22:08:12 debian kernel: [    0.870585] zbud: loaded\r\nNov  5 22:08:12 debian kernel: [    0.871214] Key type asymmetric registered\r\nNov  5 22:08:12 debian kernel: [    0.871780] Asymmetric key parser 'x509' registered\r\nNov  5 22:08:12 debian kernel: [    0.872463] Block layer SCSI generic (bsg) driver version 0.4 loaded (major 252)\r\nNov  5 22:08:12 debian kernel: [    0.873492] io scheduler mq-deadline registered\r\nNov  5 22:08:12 debian kernel: [    0.874773] Serial: 8250/16550 driver, 4 ports, IRQ sharing enabled\r\nNov  5 22:08:12 debian kernel: [    0.875724] 00:03: ttyS0 at I/O 0x3f8 (irq = 4, base_baud = 115200) is a 16550A\r\nNov  5 22:08:12 debian kernel: [    0.876985] 00:04: ttyS1 at I/O 0x2f8 (irq = 3, base_baud = 115200) is a 16550A\r\nNov  5 22:08:12 debian kernel: [    0.878177] 00:05: ttyS2 at I/O 0x3e8 (irq = 6, base_baud = 115200) is a 16550A\r\nNov  5 22:08:12 debian kernel: [    0.879317] 00:06: ttyS3 at I/O 0x2e8 (irq = 7, base_baud = 115200) is a 16550A\r\nNov  5 22:08:12 debian kernel: [    0.880614] i8042: PNP: PS/2 Controller [PNP0303:KBD,PNP0f13:MOU] at 0x60,0x64 irq 1,12\r\nNov  5 22:08:12 debian kernel: [    0.881795] i8042: Warning: Keylock active\r\nNov  5 22:08:12 debian kernel: [    0.884055] serio: i8042 KBD port at 0x60,0x64 irq 1\r\nNov  5 22:08:12 debian kernel: [    0.884979] serio: i8042 AUX port at 0x60,0x64 irq 12\r\nNov  5 22:08:12 debian kernel: [    0.885878] rtc_cmos 00:00: RTC can wake from S4\r\nNov  5 22:08:12 debian kernel: [    0.887437] rtc_cmos 00:00: registered as rtc0\r\nNov  5 22:08:12 debian kernel: [    0.888158] rtc_cmos 00:00: setting system clock to 2023-11-05T22:08:08 UTC (1699222088)\r\nNov  5 22:08:12 debian kernel: [    0.889328] rtc_cmos 00:00: alarms up to one day, 114 bytes nvram\r\nNov  5 22:08:12 debian kernel: [    0.890233] intel_pstate: CPU model not supported\r\nNov  5 22:08:12 debian kernel: [    0.891156] NET: Registered protocol family 10\r\nNov  5 22:08:12 debian kernel: [    0.899403] Segment Routing with IPv6\r\nNov  5 22:08:12 debian kernel: [    0.899963] mip6: Mobile IPv6\r\nNov  5 22:08:12 debian kernel: [    0.900393] NET: Registered protocol family 17\r\nNov  5 22:08:12 debian kernel: [    0.901131] IPI shorthand broadcast: enabled\r\nNov  5 22:08:12 debian kernel: [    0.901810] sched_clock: Marking stable (892156476, 8844457)-\u003e(903635173, -2634240)\r\nNov  5 22:08:12 debian kernel: [    0.902912] registered taskstats version 1\r\nNov  5 22:08:12 debian kernel: [    0.903492] Loading compiled-in X.509 certificates\r\nNov  5 22:08:12 debian kernel: [    0.937052] Loaded X.509 cert 'Debian Secure Boot CA: 6ccece7e4c6c0d1f6149f3dd27dfcc5cbb419ea1'\r\nNov  5 22:08:12 debian kernel: [    0.938955] Loaded X.509 cert 'Debian Secure Boot Signer 2022 - linux: 14011249c2675ea8e5148542202005810584b25f'\r\nNov  5 22:08:12 debian kernel: [    0.940444] Key type .fscrypt registered\r\nNov  5 22:08:12 debian kernel: [    0.941057] Key type fscrypt-provisioning registered\r\nNov  5 22:08:12 debian kernel: [    0.941824] AppArmor: AppArmor sha1 policy hashing enabled\r\nNov  5 22:08:12 debian kernel: [    0.944048] Freeing unused decrypted memory: 2036K\r\nNov  5 22:08:12 debian kernel: [    0.945334] Freeing unused kernel image (initmem) memory: 2468K\r\nNov  5 22:08:12 debian kernel: [    0.952892] Write protecting the kernel read-only data: 22528k\r\nNov  5 22:08:12 debian kernel: [    0.954489] Freeing unused kernel image (text/rodata gap) memory: 2036K\r\nNov  5 22:08:12 debian kernel: [    0.955714] Freeing unused kernel image (rodata/data gap) memory: 1236K\r\nNov  5 22:08:12 debian kernel: [    0.957223] x86/mm: Checked W+X mappings: passed, no W+X pages found.\r\nNov  5 22:08:12 debian kernel: [    0.958168] x86/mm: Checking user space page tables\r\nNov  5 22:08:12 debian kernel: [    0.958916] x86/mm: Checked W+X mappings: passed, no W+X pages found.\r\nNov  5 22:08:12 debian kernel: [    0.959879] Run /init as init process\r\nNov  5 22:08:12 debian kernel: [    0.960398]   with arguments:\r\nNov  5 22:08:12 debian kernel: [    0.960399]     /init\r\nNov  5 22:08:12 debian kernel: [    0.960399]   with environment:\r\nNov  5 22:08:12 debian kernel: [    0.960400]     HOME=/\r\nNov  5 22:08:12 debian kernel: [    0.960400]     TERM=linux\r\nNov  5 22:08:12 debian kernel: [    0.960401]     BOOT_IMAGE=/boot/vmlinuz-5.10.0-26-cloud-amd64\r\nNov  5 22:08:12 debian kernel: [    0.960402]     intel_iommu=off\r\nNov  5 22:08:12 debian kernel: [    1.024258] PCI Interrupt Link [LNKC] enabled at IRQ 11\r\nNov  5 22:08:12 debian kernel: [    1.042212] virtio-pci 0000:00:03.0: virtio_pci: leaving for legacy driver\r\nNov  5 22:08:12 debian kernel: [    1.054186] PCI Interrupt Link [LNKD] enabled at IRQ 10\r\nNov  5 22:08:12 debian kernel: [    1.054959] virtio-pci 0000:00:04.0: virtio_pci: leaving for legacy driver\r\nNov  5 22:08:12 debian kernel: [    1.060417] PCI Interrupt Link [LNKA] enabled at IRQ 10\r\nNov  5 22:08:12 debian kernel: [    1.061223] virtio-pci 0000:00:05.0: virtio_pci: leaving for legacy driver\r\nNov  5 22:08:12 debian kernel: [    1.087633] SCSI subsystem initialized\r\nNov  5 22:08:12 debian kernel: [    1.089067] input: AT Translated Set 2 keyboard as /devices/platform/i8042/serio0/input/input0\r\nNov  5 22:08:12 debian kernel: [    1.125196] virtio_net virtio1 ens4: renamed from eth0\r\nNov  5 22:08:12 debian kernel: [    1.135311] scsi host0: Virtio SCSI HBA\r\nNov  5 22:08:12 debian kernel: [    1.143039] scsi 0:0:1:0: Direct-Access     Google   PersistentDisk   1    PQ: 0 ANSI: 6\r\nNov  5 22:08:12 debian kernel: [    1.163767] sd 0:0:1:0: [sda] 20971520 512-byte logical blocks: (10.7 GB/10.0 GiB)\r\nNov  5 22:08:12 debian kernel: [    1.164996] sd 0:0:1:0: [sda] 4096-byte physical blocks\r\nNov  5 22:08:12 debian kernel: [    1.166142] sd 0:0:1:0: [sda] Write Protect is off\r\nNov  5 22:08:12 debian kernel: [    1.166897] sd 0:0:1:0: [sda] Mode Sense: 1f 00 00 08\r\nNov  5 22:08:12 debian kernel: [    1.166935] sd 0:0:1:0: [sda] Write cache: enabled, read cache: enabled, doesn't support DPO or FUA\r\nNov  5 22:08:12 debian kernel: [    1.172995]  sda: sda1 sda14 sda15\r\nNov  5 22:08:12 debian kernel: [    1.185246] sd 0:0:1:0: [sda] Attached SCSI disk\r\nNov  5 22:08:12 debian kernel: [    1.238619]  sda: sda1 sda14 sda15\r\nNov  5 22:08:12 debian kernel: [    1.356362] EXT4-fs (sda1): mounted filesystem with ordered data mode. Opts: (null)\r\nNov  5 22:08:12 debian kernel: [    1.412032] Not activating Mandatory Access Control as /sbin/tomoyo-init does not exist.\r\nNov  5 22:08:12 debian kernel: [    2.421078] fuse: init (API version 7.32)\r\nNov  5 22:08:12 debian kernel: [    2.479527] EXT4-fs (sda1): re-mounted. Opts: discard,errors=remount-ro\r\nNov  5 22:08:12 debian kernel: [    2.589223] EXT4-fs (sda1): resizing filesystem from 2588667 to 2588667 blocks\r\nNov  5 22:08:12 debian kernel: [    3.277171] input: Power Button as /devices/LNXSYSTM:00/LNXPWRBN:00/input/input2\r\nNov  5 22:08:12 debian kernel: [    3.292946] ACPI: Power Button [PWRF]\r\nNov  5 22:08:12 debian kernel: [    3.293557] input: Sleep Button as /devices/LNXSYSTM:00/LNXSLPBN:00/input/input3\r\nNov  5 22:08:12 debian kernel: [    3.294685] ACPI: Sleep Button [SLPF]\r\nNov  5 22:08:12 debian kernel: [    3.343960] tpm_tis MSFT0101:00: 2.0 TPM (device-id 0x9009, rev-id 0)\r\nNov  5 22:08:12 debian kernel: [    3.380699] pstore: Using crash dump compression: deflate\r\nNov  5 22:08:12 debian kernel: [    3.381843] pstore: Registered efi as persistent store backend\r\nNov  5 22:08:12 debian kernel: [    3.398730] sd 0:0:1:0: Attached scsi generic sg0 type 0\r\nNov  5 22:08:12 debian kernel: [    3.506405] RAPL PMU: API unit is 2^-32 Joules, 0 fixed counters, 10737418240 ms ovfl timer\r\nNov  5 22:08:12 debian kernel: [    3.556010] cryptd: max_cpu_qlen set to 1000\r\nNov  5 22:08:12 debian kernel: [    3.619794] AVX2 version of gcm_enc/dec engaged.\r\nNov  5 22:08:12 debian kernel: [    3.620470] AES CTR mode by8 optimization enabled\r\nNov  5 22:08:12 debian kernel: [    3.755988] FAT-fs (sda15): Volume was not properly unmounted. Some data may be corrupt. Please run fsck.\r\nNov  5 22:08:12 debian kernel: [    3.922944] audit: type=1400 audit(1699222091.531:2): apparmor=\"STATUS\" operation=\"profile_load\" profile=\"unconfined\" name=\"lsb_release\" pid=291 comm=\"apparmor_parser\"\r\nNov  5 22:08:12 debian kernel: [    3.945810] audit: type=1400 audit(1699222091.555:3): apparmor=\"STATUS\" operation=\"profile_load\" profile=\"unconfined\" name=\"/usr/sbin/chronyd\" pid=292 comm=\"apparmor_parser\"\r\nNov  5 22:08:12 debian kernel: [    3.956354] audit: type=1400 audit(1699222091.563:4): apparmor=\"STATUS\" operation=\"profile_load\" profile=\"unconfined\" name=\"tcpdump\" pid=293 comm=\"apparmor_parser\"\r\nNov  5 22:08:12 debian kernel: [    4.002911] audit: type=1400 audit(1699222091.611:5): apparmor=\"STATUS\" operation=\"profile_load\" profile=\"unconfined\" name=\"/usr/sbin/haveged\" pid=294 comm=\"apparmor_parser\"\r\nNov  5 22:08:12 debian kernel: [    4.009913] audit: type=1400 audit(1699222091.619:6): apparmor=\"STATUS\" operation=\"profile_load\" profile=\"unconfined\" name=\"nvidia_modprobe\" pid=295 comm=\"apparmor_parser\"\r\nNov  5 22:08:12 debian kernel: [    4.011993] audit: type=1400 audit(1699222091.619:7): apparmor=\"STATUS\" operation=\"profile_load\" profile=\"unconfined\" name=\"nvidia_modprobe//kmod\" pid=295 comm=\"apparmor_parser\"\r\nNov  5 22:08:12 debian kernel: [    4.018796] audit: type=1400 audit(1699222091.627:8): apparmor=\"STATUS\" operation=\"profile_load\" profile=\"unconfined\" name=\"/usr/bin/man\" pid=296 comm=\"apparmor_parser\"\r\nNov  5 22:08:12 debian kernel: [    4.020999] audit: type=1400 audit(1699222091.627:9): apparmor=\"STATUS\" operation=\"profile_load\" profile=\"unconfined\" name=\"man_filter\" pid=296 comm=\"apparmor_parser\"\r\nNov  5 22:08:12 debian kernel: [    4.023086] audit: type=1400 audit(1699222091.627:10): apparmor=\"STATUS\" operation=\"profile_load\" profile=\"unconfined\" name=\"man_groff\" pid=296 comm=\"apparmor_parser\"\r\nNov  5 22:08:12 debian systemd[1]: Mounting FUSE Control File System...\r\nNov  5 22:08:12 debian systemd[1]: Mounting Kernel Configuration File System...\r\nNov  5 22:08:12 debian systemd[1]: Starting Grow File System on /...\r\nNov  5 22:08:12 debian systemd[1]: Condition check resulted in Rebuild Hardware Database being skipped.\r\nNov  5 22:08:12 debian systemd[1]: Starting Flush Journal to Persistent Storage...\r\nNov  5 22:08:12 debian systemd[1]: Condition check resulted in Platform Persistent Storage Archival being skipped.\r\nNov  5 22:08:12 debian systemd[1]: Starting Load/Save Random Seed...\r\nNov  5 22:08:12 debian systemd-growfs[189]: Successfully resized \"/\" to 9.8G bytes (3584 bytes lost due to blocksize).\r\nNov  5 22:08:12 debian systemd[1]: Starting Apply Kernel Variables...\r\nNov  5 22:08:12 debian systemd[1]: Starting Create System Users...\r\nNov  5 22:08:12 debian systemd[1]: Finished Coldplug All udev Devices.\r\nNov  5 22:08:12 debian systemd[1]: Mounted FUSE Control File System.\r\nNov  5 22:08:12 debian systemd[1]: Mounted Kernel Configuration File System.\r\nNov  5 22:08:12 debian systemd[1]: Finished Grow File System on /.\r\nNov  5 22:08:12 debian systemd[1]: Finished Flush Journal to Persistent Storage.\r\nNov  5 22:08:12 debian systemd[1]: Finished Load/Save Random Seed.\r\nNov  5 22:08:12 debian systemd[1]: Finished Apply Kernel Variables.\r\nNov  5 22:08:12 debian systemd[1]: Condition check resulted in First Boot Complete being skipped.\r\nNov  5 22:08:12 debian systemd[1]: Starting Helper to synchronize boot up for ifupdown...\r\nNov  5 22:08:12 debian systemd[1]: Finished Helper to synchronize boot up for ifupdown.\r\nNov  5 22:08:12 debian systemd[1]: Finished Create System Users.\r\nNov  5 22:08:12 debian systemd[1]: Starting Create Static Device Nodes in /dev...\r\nNov  5 22:08:12 debian systemd[1]: Finished Create Static Device Nodes in /dev.\r\nNov  5 22:08:12 debian systemd[1]: Reached target Local File Systems (Pre).\r\nNov  5 22:08:12 debian systemd[1]: Starting Rule-based Manager for Device Events and Files...\r\nNov  5 22:08:12 debian systemd[1]: Started Rule-based Manager for Device Events and Files.\r\nNov  5 22:08:12 debian systemd-udevd[201]: Using default interface naming scheme 'v247'.\r\nNov  5 22:08:12 debian systemd-udevd[201]: ethtool: autonegotiation is unset or enabled, the speed and duplex are not writable.\r\nNov  5 22:08:12 debian systemd[1]: Found device /dev/ttyS0.\r\nNov  5 22:08:12 debian systemd-udevd[202]: ethtool: autonegotiation is unset or enabled, the speed and duplex are not writable.\r\nNov  5 22:08:12 debian cloud-ifupdown-helper: Generated configuration for ens4\r\nNov  5 22:08:12 debian systemd[1]: Found device PersistentDisk 15.\r\nNov  5 22:08:12 debian systemd[1]: Mounting /boot/efi...\r\nNov  5 22:08:12 debian systemd[1]: Found device Virtio network device.\r\nNov  5 22:08:12 debian systemd[1]: Mounted /boot/efi.\r\nNov  5 22:08:12 debian systemd[1]: Reached target Local File Systems.\r\nNov  5 22:08:12 debian systemd[1]: Starting Load AppArmor profiles...\r\nNov  5 22:08:12 debian systemd[1]: Condition check resulted in Store a System Token in an EFI Variable being skipped.\r\nNov  5 22:08:12 debian systemd[1]: Condition check resulted in Commit a transient machine-id on disk being skipped.\r\nNov  5 22:08:12 debian systemd[1]: Starting Create Volatile Files and Directories...\r\nNov  5 22:08:12 debian apparmor.systemd[283]: Restarting AppArmor\r\nNov  5 22:08:12 debian apparmor.systemd[283]: Reloading AppArmor profiles\r\nNov  5 22:08:12 debian systemd[1]: Finished Create Volatile Files and Directories.\r\nNov  5 22:08:12 debian systemd[1]: Starting Update UTMP about System Boot/Shutdown...\r\nNov  5 22:08:12 debian systemd[1]: Finished Update UTMP about System Boot/Shutdown.\r\nNov  5 22:08:12 debian systemd[1]: Finished Load AppArmor profiles.\r\nNov  5 22:08:12 debian systemd[1]: Started Entropy Daemon based on the HAVEGE algorithm.\r\nNov  5 22:08:12 debian systemd[1]: Reached target System Initialization.\r\nNov  5 22:08:12 debian systemd[1]: Started GCE Workload Certificate refresh timer.\r\nNov  5 22:08:12 debian haveged[297]: haveged: command socket is listening at fd 3\r\nNov  5 22:08:12 debian systemd[1]: Started NSS cache refresh timer.\r\nNov  5 22:08:12 debian systemd[1]: Started Daily Cleanup of Temporary Directories.\r\nNov  5 22:08:12 debian systemd[1]: Listening on D-Bus System Message Bus Socket.\r\nNov  5 22:08:12 debian systemd[1]: Listening on UUID daemon activation socket.\r\nNov  5 22:08:12 debian systemd[1]: Reached target Sockets.\r\nNov  5 22:08:12 debian systemd[1]: Starting Resize root filesystem if needed...\r\nNov  5 22:08:12 debian systemd[1]: Started ifup for ens4.\r\nNov  5 22:08:12 debian google_disk_expand[298]: Checking if filesystem on /dev/sda1 needs resizing\r\nNov  5 22:08:12 debian systemd[1]: Starting Raise network interfaces...\r\nNov  5 22:08:12 debian google_disk_expand[308]: resize2fs 1.46.2 (28-Feb-2021)\r\nNov  5 22:08:12 debian google_disk_expand[308]: The filesystem is already 2588667 (4k) blocks long.  Nothing to do!\r\nNov  5 22:08:12 debian google_disk_expand[298]: Done.\r\nNov  5 22:08:12 debian systemd[1]: google-disk-expand.service: Succeeded.\r\nNov  5 22:08:12 debian systemd[1]: Finished Resize root filesystem if needed.\r\nNov  5 22:08:12 debian systemd[1]: Reached target Basic System.\r\nNov  5 22:08:12 debian systemd[1]: Started Regular background program processing daemon.\r\nNov  5 22:08:12 debian systemd[1]: Started D-Bus System Message Bus.\r\nNov  5 22:08:12 debian systemd[1]: Starting Remove Stale Online ext4 Metadata Check Snapshots...\r\nNov  5 22:08:12 debian systemd[1]: Condition check resulted in getty on tty2-tty6 if dbus and logind are not available being skipped.\r\nNov  5 22:08:12 debian systemd[1]: Starting System Logging Service...\r\nNov  5 22:08:12 debian dhclient[323]: Internet Systems Consortium DHCP Client 4.4.1\r\nNov  5 22:08:12 debian dhclient[323]: Copyright 2004-2018 Internet Systems Consortium.\r\nNov  5 22:08:12 debian sh[323]: Internet Systems Consortium DHCP Client 4.4.1\r\nNov  5 22:08:12 debian sh[323]: Copyright 2004-2018 Internet Systems Consortium.\r\nNov  5 22:08:12 debian sh[323]: All rights reserved.\r\nNov  5 22:08:12 debian sh[323]: For info, please visit https://www.isc.org/software/dhcp/\r\nNov  5 22:08:12 debian dhclient[323]: All rights reserved.\r\nNov  5 22:08:12 debian dhclient[323]: For info, please visit https://www.isc.org/software/dhcp/\r\nNov  5 22:08:12 debian dhclient[323]: \r\nNov  5 22:08:12 debian systemd[1]: Starting User Login Management...\r\nNov  5 22:08:12 debian ifup[303]: ifup: waiting for lock on /run/network/ifstate.ens4\r\nNov  5 22:08:12 debian haveged[297]: haveged: ver: 1.9.14; arch: x86; vend: GenuineIntel; build: (gcc 10.2.1 ITV); collect: 128K\r\nNov  5 22:08:12 debian haveged[297]: haveged: cpu: (L4 VC); data: 32K (L4 V); inst: 32K (L4 V); idx: 24/40; sz: 32154/54019\r\nNov  5 22:08:12 debian haveged[297]: haveged: tot tests(BA8): A:1/1 B:1/1 continuous tests(B):  last entropy estimate 7.99909\r\nNov  5 22:08:12 debian haveged[297]: haveged: fills: 0, generated: 0\r\nNov  5 22:08:12 debian dhclient[323]: Listening on LPF/ens4/42:01:0a:9a:00:02\r\nNov  5 22:08:12 debian sh[323]: Listening on LPF/ens4/42:01:0a:9a:00:02\r\nNov  5 22:08:12 debian sh[323]: Sending on   LPF/ens4/42:01:0a:9a:00:02\r\nNov  5 22:08:12 debian sh[323]: Sending on   Socket/fallback\r\nNov  5 22:08:12 debian sh[323]: DHCPDISCOVER on ens4 to 255.255.255.255 port 67 interval 5\r\nNov  5 22:08:12 debian dhclient[323]: Sending on   LPF/ens4/42:01:0a:9a:00:02\r\nNov  5 22:08:12 debian dhclient[323]: Sending on   Socket/fallback\r\nNov  5 22:08:12 debian dhclient[323]: DHCPDISCOVER on ens4 to 255.255.255.255 port 67 interval 5\r\nNov  5 22:08:12 debian dhclient[323]: DHCPOFFER of 10.154.0.2 from 169.254.169.254\r\nNov  5 22:08:12 debian sh[323]: DHCPOFFER of 10.154.0.2 from 169.254.169.254\r\nNov  5 22:08:12 debian sh[323]: DHCPREQUEST for 10.154.0.2 on ens4 to 255.255.255.255 port 67\r\nNov  5 22:08:12 debian dhclient[323]: DHCPREQUEST for 10.154.0.2 on ens4 to 255.255.255.255 port 67\r\nNov  5 22:08:12 debian dhclient[323]: DHCPACK of 10.154.0.2 from 169.254.169.254\r\nNov  5 22:08:12 debian sh[323]: DHCPACK of 10.154.0.2 from 169.254.169.254\r\nNov  5 22:08:12 debian systemd[1]: e2scrub_reap.service: Succeeded.\r\nNov  5 22:08:12 debian systemd[1]: Finished Remove Stale Online ext4 Metadata Check Snapshots.\r\nNov  5 22:08:12 debian systemd[1]: Started User Login Management.\r\nNov  5 22:08:12 debian systemd[1]: Started System Logging Service.\r\nNov  5 22:08:12 debian dhclient[323]: bound to 10.154.0.2 -- renewal in 38634 seconds.\r\nNov  5 22:08:12 debian sh[323]: bound to 10.154.0.2 -- renewal in 38634 seconds.\r\nNov  5 22:08:13 debian dhclient[426]: Internet Systems Consortium DHCP Client 4.4.1\r\nNov  5 22:08:13 debian sh[426]: Internet Systems Consortium DHCP Client 4.4.1\r\nNov  5 22:08:13 debian dhclient[426]: Copyright 2004-2018 Internet Systems Consortium.\r\nNov  5 22:08:13 debian sh[426]: Copyright 2004-2018 Internet Systems Consortium.\r\nNov  5 22:08:13 debian dhclient[426]: All rights reserved.\r\nNov  5 22:08:13 debian sh[426]: All rights reserved.\r\nNov  5 22:08:13 debian dhclient[426]: For info, please visit https://www.isc.org/software/dhcp/\r\nNov  5 22:08:13 debian sh[426]: For info, please visit https://www.isc.org/software/dhcp/\r\nNov  5 22:08:13 debian dhclient[426]: \r\nNov  5 22:08:13 debian dhclient[426]: Listening on Socket/ens4\r\nNov  5 22:08:13 debian sh[426]: Listening on Socket/ens4\r\nNov  5 22:08:13 debian sh[426]: Sending on   Socket/ens4\r\nNov  5 22:08:13 debian sh[426]: PRC: Soliciting for leases (INIT).\r\nNov  5 22:08:13 debian dhclient[426]: Sending on   Socket/ens4\r\nNov  5 22:08:13 debian sh[459]: ens4=ens4\r\nNov  5 22:08:13 debian systemd[1]: Starting GCE Workload Certificate refresh...\r\n         Starting \u001b[0;1;39mGCE Workload Certificate refresh\u001b[0m...\r\nNov  5 22:08:13 debian systemd[1]: Starting NSS cache refresh...\r\n         Starting \u001b[0;1;39mNSS cache refresh\u001b[0m...\r\nNov  5 22:08:13 debian google_oslogin_nss_cache[462]: oslogin_cache_refresh[462]: Refreshing passwd entry cache\r\n[\u001b[0;32m  OK  \u001b[0m] Finished \u001b[0;1;39mRaise network interfaces\u001b[0m.\r\n[\u001b[0;32m  OK  \u001b[0m] Reached target \u001b[0;1;39mNetwork\u001b[0m.\r\n[\u001b[0;32m  OK  \u001b[0m] Reached target \u001b[0;1;39mNetwork is Online\u001b[0m.\r\nNov  5 22:08:13 debian systemd[1]: Finished Raise network interfaces.\r\nNov  5 22:08:13 debian systemd[1]: Reached target Network.\r\nNov  5 22:08:13 debian systemd[1]: Reached target Network is Online.\r\nNov  5 22:08:13 debian systemd[1]: Starting chrony, an NTP client/server...\r\n         Starting \u001b[0;1;39mchrony, an NTP client/server\u001b[0m...\r\nNov  5 22:08:13 debian systemd[1]: Starting Google Compute Engine Guest Agent...\r\n         Starting \u001b[0;1;39mGoogle Compute Engine Guest Agent\u001b[0m...\r\nNov  5 22:08:13 debian systemd[1]: Started Google OSConfig Agent.\r\n[\u001b[0;32m  OK  \u001b[0m] Started \u001b[0;1;39mGoogle OSConfig Agent\u001b[0m.\r\nNov  5 22:08:13 debian systemd[1]: Starting Google Compute Engine Shutdown Scripts...\r\n         Starting \u001b[0;1;39mGoogle Compute Engine Shutdown Scripts\u001b[0m...\r\nNov  5 22:08:13 debian systemd[1]: Starting Permit User Sessions...\r\n         Starting \u001b[0;1;39mPermit User Sessions\u001b[0m...\r\nNov  5 22:08:13 debian systemd[1]: Started Unattended Upgrades Shutdown.\r\n[\u001b[0;32m  OK  \u001b[0m] Started \u001b[0;1;39mUnattended Upgrades Shutdown\u001b[0m.\r\nNov  5 22:08:13 debian systemd[1]: Finished Google Compute Engine Shutdown Scripts.\r\n[\u001b[0;32m  OK  \u001b[0m] Finished \u001b[0;1;39mGoogle Compute Engine Shutdown Scripts\u001b[0m.\r\n[\u001b[0;32m  OK  \u001b[0m] Finished \u001b[0;1;39mPermit User Sessions\u001b[0m.\r\nNov  5 22:08:13 debian systemd[1]: Finished Permit User Sessions.\r\nNov  5 22:08:13 debian systemd[1]: Started Getty on tty1.\r\n[\u001b[0;32m  OK  \u001b[0m] Started \u001b[0;1;39mGetty on tty1\u001b[0m.\r\nNov  5 22:08:13 debian systemd[1]: Started Serial Getty on ttyS0.\r\n[\u001b[0;32m  OK  \u001b[0m] Started \u001b[0;1;39mSerial Getty on ttyS0\u001b[0m.\r\nNov  5 22:08:13 debian systemd[1]: Reached target Login Prompts.\r\n[\u001b[0;32m  OK  \u001b[0m] Reached target \u001b[0;1;39mLogin Prompts\u001b[0m.\r\nNov  5 22:08:13 debian chronyd[495]: chronyd version 4.0 starting (+CMDMON +NTP +REFCLOCK +RTC +PRIVDROP +SCFILTER +SIGND +ASYNCDNS +NTS +SECHASH +IPV6 -DEBUG)\r\n[\u001b[0;32m  OK  \u001b[0m] Finished \u001b[0;1;39mGCE Workload Certificate refresh\u001b[0m.\r\nNov  5 22:08:13 debian gce_workload_cert_refresh[461]: 2023/11/05 22:08:13: Error getting config status, workload certificates may not be configured: failed to GET \"instance/gce-workload-certificates/config-status\" from MDS with error: error connecting to metadata server, status code: 404\r\nNov  5 22:08:13 debian gce_workload_cert_refresh[461]: 2023/11/05 22:08:13: Done\r\nNov  5 22:08:13 debian systemd[1]: gce-workload-cert-refresh.service: Succeeded.\r\nNov  5 22:08:13 debian systemd[1]: Finished GCE Workload Certificate refresh.\r\nNov  5 22:08:13 debian google_oslogin_nss_cache[462]: oslogin_cache_refresh[462]: Refreshing group entry cache\r\nNov  5 22:08:13 debian chronyd[495]: Frequency -76.247 +/- 0.000 ppm read from /var/lib/chrony/chrony.drift\r\nNov  5 22:08:13 debian chronyd[495]: Loaded seccomp filter\r\n[\u001b[0;32m  OK  \u001b[0m] Started \u001b[0;1;39mchrony, an NTP client/server\u001b[0m.\r\n[\u001b[0;32m  OK  \u001b[0m] Reached target \u001b[0;1;39mSystem Time Synchronized\u001b[0m.\r\nNov  5 22:08:13 debian systemd[1]: Started chrony, an NTP client/server.\r\nNov  5 22:08:13 debian systemd[1]: Reached target System Time Synchronized.\r\n[\u001b[0;32m  OK  \u001b[0m] Started \u001b[0;1;39mDaily apt download activities\u001b[0m.\r\n[\u001b[0;32m  OK  \u001b[0m] Started \u001b[0;1;39mDaily apt upgrade and clean activities\u001b[0m.\r\n[\u001b[0;32m  OK  \u001b[0m] Started \u001b[0;1;39mPeriodic ext4 Onli…ata Check for All Filesystems\u001b[0m.\r\nNov  5 22:08:13 debian systemd[1]: Started Daily apt download activities.\r\nNov  5 22:08:13 debian systemd[1]: Started Daily apt upgrade and clean activities.\r\nNov  5 22:08:13 debian systemd[1]: Started Periodic ext4 Online Metadata Check for All Filesystems.\r\n[\u001b[0;32m  OK  \u001b[0m] Started \u001b[0;1;39mDaily exim4-base housekeeping\u001b[0m.\r\nNov  5 22:08:13 debian systemd[1]: Started Daily exim4-base housekeeping.\r\n[\u001b[0;32m  OK  \u001b[0m] Started \u001b[0;1;39mDiscard unused blocks once a week\u001b[0m.\r\n[\u001b[0;32m  OK  \u001b[0m] Started \u001b[0;1;39mDaily rotation of log files\u001b[0m.\r\nNov  5 22:08:13 debian systemd[1]: Started Discard unused blocks once a week.\r\nNov  5 22:08:13 debian systemd[1]: Started Daily rotation of log files.\r\nNov  5 22:08:13 debian systemd[1]: Started Daily man-db regeneration.\r\n[\u001b[0;32m  OK  \u001b[0m] Started \u001b[0;1;39mDaily man-db regeneration\u001b[0m.\r\nNov  5 22:08:13 debian systemd[1]: Reached target Timers.\r\n[\u001b[0;32m  OK  \u001b[0m] Reached target \u001b[0;1;39mTimers\u001b[0m.\r\nNov  5 22:08:13 debian systemd[1]: Starting LSB: exim Mail Transport Agent...\r\n         Starting \u001b[0;1;39mLSB: exim Mail Transport Agent\u001b[0m...\r\nNov  5 22:08:13 debian systemd[1]: Starting exim4-base housekeeping...\r\n         Starting \u001b[0;1;39mexim4-base housekeeping\u001b[0m...\r\nNov  5 22:08:13 debian systemd[1]: Starting Daily man-db regeneration...\r\n         Starting \u001b[0;1;39mDaily man-db regeneration\u001b[0m...\r\nNov  5 22:08:14 debian dhclient[426]: XMT: Solicit on ens4, interval 1080ms.\r\nNov  5 22:08:14 debian exim4[498]: Starting MTA:\r\nNov  5 22:08:14 debian exim4[520]: /usr/sbin/update-exim4.conf: 154: cannot open /etc/mailname: No such file\r\n[\u001b[0;32m  OK  \u001b[0m] Started \u001b[0;1;39mLSB: exim Mail Transport Agent\u001b[0m.\r\nNov  5 22:08:14 deb